Copyright 1986-2022 Xilinx, Inc. All Rights Reserved. Copyright 2022-2023 Advanced Micro Devices, Inc. All Rights Reserved.
--------------------------------------------------------------------------------------------------------------------------------------------------------------------------------------
| Tool Version : Vivado v.2023.1 (win64) Build 3865809 Sun May  7 15:05:29 MDT 2023
| Date         : Mon Apr 13 00:15:07 2026
| Host         : Jip_desktop running 64-bit major release  (build 9200)
| Command      : report_methodology -file design_1_wrapper_methodology_drc_routed.rpt -pb design_1_wrapper_methodology_drc_routed.pb -rpx design_1_wrapper_methodology_drc_routed.rpx
| Design       : design_1_wrapper
| Device       : xc7z020clg400-1
| Speed File   : -1
| Design State : Fully Routed
--------------------------------------------------------------------------------------------------------------------------------------------------------------------------------------

Report Methodology

Table of Contents
-----------------
1. REPORT SUMMARY
2. REPORT DETAILS

1. REPORT SUMMARY
-----------------
            Netlist: netlist
          Floorplan: design_1
      Design limits: <entire design considered>
             Max violations: <unlimited>
             Violations found: 65
+-----------+----------+--------------------------------+------------+
| Rule      | Severity | Description                    | Violations |
+-----------+----------+--------------------------------+------------+
| DPIR-1    | Warning  | Asynchronous driver check      | 58         |
| TIMING-18 | Warning  | Missing input or output delay  | 2          |
| TIMING-20 | Warning  | Non-clocked latch              | 4          |
| LATCH-1   | Advisory | Existing latches in the design | 1          |
+-----------+----------+--------------------------------+------------+

2. REPORT DETAILS
-----------------
DPIR-1#1 Warning
Asynchronous driver check  
DSP design_1_i/top_mlp_0/inst/glbl_ctrl_inst/r_x_add0 input pin design_1_i/top_mlp_0/inst/glbl_ctrl_inst/r_x_add0/A[0] is connected to registers with an asynchronous reset. This is preventing the possibility of merging these registers in to the DSP Block since the DSP block registers only possess synchronous reset capability.  It is suggested to recode or change these registers to remove the reset or use a synchronous reset to get the best optimization for performance, power and area.
Related violations: <none>

DPIR-1#2 Warning
Asynchronous driver check  
DSP design_1_i/top_mlp_0/inst/glbl_ctrl_inst/r_x_add0 input pin design_1_i/top_mlp_0/inst/glbl_ctrl_inst/r_x_add0/A[1] is connected to registers with an asynchronous reset. This is preventing the possibility of merging these registers in to the DSP Block since the DSP block registers only possess synchronous reset capability.  It is suggested to recode or change these registers to remove the reset or use a synchronous reset to get the best optimization for performance, power and area.
Related violations: <none>

DPIR-1#3 Warning
Asynchronous driver check  
DSP design_1_i/top_mlp_0/inst/glbl_ctrl_inst/r_x_add0 input pin design_1_i/top_mlp_0/inst/glbl_ctrl_inst/r_x_add0/A[2] is connected to registers with an asynchronous reset. This is preventing the possibility of merging these registers in to the DSP Block since the DSP block registers only possess synchronous reset capability.  It is suggested to recode or change these registers to remove the reset or use a synchronous reset to get the best optimization for performance, power and area.
Related violations: <none>

DPIR-1#4 Warning
Asynchronous driver check  
DSP design_1_i/top_mlp_0/inst/glbl_ctrl_inst/r_x_add0 input pin design_1_i/top_mlp_0/inst/glbl_ctrl_inst/r_x_add0/A[3] is connected to registers with an asynchronous reset. This is preventing the possibility of merging these registers in to the DSP Block since the DSP block registers only possess synchronous reset capability.  It is suggested to recode or change these registers to remove the reset or use a synchronous reset to get the best optimization for performance, power and area.
Related violations: <none>

DPIR-1#5 Warning
Asynchronous driver check  
DSP design_1_i/top_mlp_0/inst/glbl_ctrl_inst/r_x_add0 input pin design_1_i/top_mlp_0/inst/glbl_ctrl_inst/r_x_add0/A[4] is connected to registers with an asynchronous reset. This is preventing the possibility of merging these registers in to the DSP Block since the DSP block registers only possess synchronous reset capability.  It is suggested to recode or change these registers to remove the reset or use a synchronous reset to get the best optimization for performance, power and area.
Related violations: <none>

DPIR-1#6 Warning
Asynchronous driver check  
DSP design_1_i/top_mlp_0/inst/glbl_ctrl_inst/r_x_add_pipeline10 input pin design_1_i/top_mlp_0/inst/glbl_ctrl_inst/r_x_add_pipeline10/A[0] is connected to registers with an asynchronous reset. This is preventing the possibility of merging these registers in to the DSP Block since the DSP block registers only possess synchronous reset capability.  It is suggested to recode or change these registers to remove the reset or use a synchronous reset to get the best optimization for performance, power and area.
Related violations: <none>

DPIR-1#7 Warning
Asynchronous driver check  
DSP design_1_i/top_mlp_0/inst/glbl_ctrl_inst/r_x_add_pipeline10 input pin design_1_i/top_mlp_0/inst/glbl_ctrl_inst/r_x_add_pipeline10/A[1] is connected to registers with an asynchronous reset. This is preventing the possibility of merging these registers in to the DSP Block since the DSP block registers only possess synchronous reset capability.  It is suggested to recode or change these registers to remove the reset or use a synchronous reset to get the best optimization for performance, power and area.
Related violations: <none>

DPIR-1#8 Warning
Asynchronous driver check  
DSP design_1_i/top_mlp_0/inst/glbl_ctrl_inst/r_x_add_pipeline10 input pin design_1_i/top_mlp_0/inst/glbl_ctrl_inst/r_x_add_pipeline10/A[2] is connected to registers with an asynchronous reset. This is preventing the possibility of merging these registers in to the DSP Block since the DSP block registers only possess synchronous reset capability.  It is suggested to recode or change these registers to remove the reset or use a synchronous reset to get the best optimization for performance, power and area.
Related violations: <none>

DPIR-1#9 Warning
Asynchronous driver check  
DSP design_1_i/top_mlp_0/inst/glbl_ctrl_inst/r_x_add_pipeline10 input pin design_1_i/top_mlp_0/inst/glbl_ctrl_inst/r_x_add_pipeline10/A[3] is connected to registers with an asynchronous reset. This is preventing the possibility of merging these registers in to the DSP Block since the DSP block registers only possess synchronous reset capability.  It is suggested to recode or change these registers to remove the reset or use a synchronous reset to get the best optimization for performance, power and area.
Related violations: <none>

DPIR-1#10 Warning
Asynchronous driver check  
DSP design_1_i/top_mlp_0/inst/glbl_ctrl_inst/r_x_add_pipeline10 input pin design_1_i/top_mlp_0/inst/glbl_ctrl_inst/r_x_add_pipeline10/A[4] is connected to registers with an asynchronous reset. This is preventing the possibility of merging these registers in to the DSP Block since the DSP block registers only possess synchronous reset capability.  It is suggested to recode or change these registers to remove the reset or use a synchronous reset to get the best optimization for performance, power and area.
Related violations: <none>

DPIR-1#11 Warning
Asynchronous driver check  
DSP design_1_i/top_mlp_0/inst/pu_inst/my_mac/DSP_for_MAC/U0/i_synth/i_synth_option.i_synth_model/opt_7series.i_uniwrap/i_primitive input pin design_1_i/top_mlp_0/inst/pu_inst/my_mac/DSP_for_MAC/U0/i_synth/i_synth_option.i_synth_model/opt_7series.i_uniwrap/i_primitive/C[0] is connected to registers with an asynchronous reset. This is preventing the possibility of merging these registers in to the DSP Block since the DSP block registers only possess synchronous reset capability.  It is suggested to recode or change these registers to remove the reset or use a synchronous reset to get the best optimization for performance, power and area.
Related violations: <none>

DPIR-1#12 Warning
Asynchronous driver check  
DSP design_1_i/top_mlp_0/inst/pu_inst/my_mac/DSP_for_MAC/U0/i_synth/i_synth_option.i_synth_model/opt_7series.i_uniwrap/i_primitive input pin design_1_i/top_mlp_0/inst/pu_inst/my_mac/DSP_for_MAC/U0/i_synth/i_synth_option.i_synth_model/opt_7series.i_uniwrap/i_primitive/C[10] is connected to registers with an asynchronous reset. This is preventing the possibility of merging these registers in to the DSP Block since the DSP block registers only possess synchronous reset capability.  It is suggested to recode or change these registers to remove the reset or use a synchronous reset to get the best optimization for performance, power and area.
Related violations: <none>

DPIR-1#13 Warning
Asynchronous driver check  
DSP design_1_i/top_mlp_0/inst/pu_inst/my_mac/DSP_for_MAC/U0/i_synth/i_synth_option.i_synth_model/opt_7series.i_uniwrap/i_primitive input pin design_1_i/top_mlp_0/inst/pu_inst/my_mac/DSP_for_MAC/U0/i_synth/i_synth_option.i_synth_model/opt_7series.i_uniwrap/i_primitive/C[11] is connected to registers with an asynchronous reset. This is preventing the possibility of merging these registers in to the DSP Block since the DSP block registers only possess synchronous reset capability.  It is suggested to recode or change these registers to remove the reset or use a synchronous reset to get the best optimization for performance, power and area.
Related violations: <none>

DPIR-1#14 Warning
Asynchronous driver check  
DSP design_1_i/top_mlp_0/inst/pu_inst/my_mac/DSP_for_MAC/U0/i_synth/i_synth_option.i_synth_model/opt_7series.i_uniwrap/i_primitive input pin design_1_i/top_mlp_0/inst/pu_inst/my_mac/DSP_for_MAC/U0/i_synth/i_synth_option.i_synth_model/opt_7series.i_uniwrap/i_primitive/C[12] is connected to registers with an asynchronous reset. This is preventing the possibility of merging these registers in to the DSP Block since the DSP block registers only possess synchronous reset capability.  It is suggested to recode or change these registers to remove the reset or use a synchronous reset to get the best optimization for performance, power and area.
Related violations: <none>

DPIR-1#15 Warning
Asynchronous driver check  
DSP design_1_i/top_mlp_0/inst/pu_inst/my_mac/DSP_for_MAC/U0/i_synth/i_synth_option.i_synth_model/opt_7series.i_uniwrap/i_primitive input pin design_1_i/top_mlp_0/inst/pu_inst/my_mac/DSP_for_MAC/U0/i_synth/i_synth_option.i_synth_model/opt_7series.i_uniwrap/i_primitive/C[13] is connected to registers with an asynchronous reset. This is preventing the possibility of merging these registers in to the DSP Block since the DSP block registers only possess synchronous reset capability.  It is suggested to recode or change these registers to remove the reset or use a synchronous reset to get the best optimization for performance, power and area.
Related violations: <none>

DPIR-1#16 Warning
Asynchronous driver check  
DSP design_1_i/top_mlp_0/inst/pu_inst/my_mac/DSP_for_MAC/U0/i_synth/i_synth_option.i_synth_model/opt_7series.i_uniwrap/i_primitive input pin design_1_i/top_mlp_0/inst/pu_inst/my_mac/DSP_for_MAC/U0/i_synth/i_synth_option.i_synth_model/opt_7series.i_uniwrap/i_primitive/C[14] is connected to registers with an asynchronous reset. This is preventing the possibility of merging these registers in to the DSP Block since the DSP block registers only possess synchronous reset capability.  It is suggested to recode or change these registers to remove the reset or use a synchronous reset to get the best optimization for performance, power and area.
Related violations: <none>

DPIR-1#17 Warning
Asynchronous driver check  
DSP design_1_i/top_mlp_0/inst/pu_inst/my_mac/DSP_for_MAC/U0/i_synth/i_synth_option.i_synth_model/opt_7series.i_uniwrap/i_primitive input pin design_1_i/top_mlp_0/inst/pu_inst/my_mac/DSP_for_MAC/U0/i_synth/i_synth_option.i_synth_model/opt_7series.i_uniwrap/i_primitive/C[15] is connected to registers with an asynchronous reset. This is preventing the possibility of merging these registers in to the DSP Block since the DSP block registers only possess synchronous reset capability.  It is suggested to recode or change these registers to remove the reset or use a synchronous reset to get the best optimization for performance, power and area.
Related violations: <none>

DPIR-1#18 Warning
Asynchronous driver check  
DSP design_1_i/top_mlp_0/inst/pu_inst/my_mac/DSP_for_MAC/U0/i_synth/i_synth_option.i_synth_model/opt_7series.i_uniwrap/i_primitive input pin design_1_i/top_mlp_0/inst/pu_inst/my_mac/DSP_for_MAC/U0/i_synth/i_synth_option.i_synth_model/opt_7series.i_uniwrap/i_primitive/C[16] is connected to registers with an asynchronous reset. This is preventing the possibility of merging these registers in to the DSP Block since the DSP block registers only possess synchronous reset capability.  It is suggested to recode or change these registers to remove the reset or use a synchronous reset to get the best optimization for performance, power and area.
Related violations: <none>

DPIR-1#19 Warning
Asynchronous driver check  
DSP design_1_i/top_mlp_0/inst/pu_inst/my_mac/DSP_for_MAC/U0/i_synth/i_synth_option.i_synth_model/opt_7series.i_uniwrap/i_primitive input pin design_1_i/top_mlp_0/inst/pu_inst/my_mac/DSP_for_MAC/U0/i_synth/i_synth_option.i_synth_model/opt_7series.i_uniwrap/i_primitive/C[17] is connected to registers with an asynchronous reset. This is preventing the possibility of merging these registers in to the DSP Block since the DSP block registers only possess synchronous reset capability.  It is suggested to recode or change these registers to remove the reset or use a synchronous reset to get the best optimization for performance, power and area.
Related violations: <none>

DPIR-1#20 Warning
Asynchronous driver check  
DSP design_1_i/top_mlp_0/inst/pu_inst/my_mac/DSP_for_MAC/U0/i_synth/i_synth_option.i_synth_model/opt_7series.i_uniwrap/i_primitive input pin design_1_i/top_mlp_0/inst/pu_inst/my_mac/DSP_for_MAC/U0/i_synth/i_synth_option.i_synth_model/opt_7series.i_uniwrap/i_primitive/C[18] is connected to registers with an asynchronous reset. This is preventing the possibility of merging these registers in to the DSP Block since the DSP block registers only possess synchronous reset capability.  It is suggested to recode or change these registers to remove the reset or use a synchronous reset to get the best optimization for performance, power and area.
Related violations: <none>

DPIR-1#21 Warning
Asynchronous driver check  
DSP design_1_i/top_mlp_0/inst/pu_inst/my_mac/DSP_for_MAC/U0/i_synth/i_synth_option.i_synth_model/opt_7series.i_uniwrap/i_primitive input pin design_1_i/top_mlp_0/inst/pu_inst/my_mac/DSP_for_MAC/U0/i_synth/i_synth_option.i_synth_model/opt_7series.i_uniwrap/i_primitive/C[19] is connected to registers with an asynchronous reset. This is preventing the possibility of merging these registers in to the DSP Block since the DSP block registers only possess synchronous reset capability.  It is suggested to recode or change these registers to remove the reset or use a synchronous reset to get the best optimization for performance, power and area.
Related violations: <none>

DPIR-1#22 Warning
Asynchronous driver check  
DSP design_1_i/top_mlp_0/inst/pu_inst/my_mac/DSP_for_MAC/U0/i_synth/i_synth_option.i_synth_model/opt_7series.i_uniwrap/i_primitive input pin design_1_i/top_mlp_0/inst/pu_inst/my_mac/DSP_for_MAC/U0/i_synth/i_synth_option.i_synth_model/opt_7series.i_uniwrap/i_primitive/C[1] is connected to registers with an asynchronous reset. This is preventing the possibility of merging these registers in to the DSP Block since the DSP block registers only possess synchronous reset capability.  It is suggested to recode or change these registers to remove the reset or use a synchronous reset to get the best optimization for performance, power and area.
Related violations: <none>

DPIR-1#23 Warning
Asynchronous driver check  
DSP design_1_i/top_mlp_0/inst/pu_inst/my_mac/DSP_for_MAC/U0/i_synth/i_synth_option.i_synth_model/opt_7series.i_uniwrap/i_primitive input pin design_1_i/top_mlp_0/inst/pu_inst/my_mac/DSP_for_MAC/U0/i_synth/i_synth_option.i_synth_model/opt_7series.i_uniwrap/i_primitive/C[20] is connected to registers with an asynchronous reset. This is preventing the possibility of merging these registers in to the DSP Block since the DSP block registers only possess synchronous reset capability.  It is suggested to recode or change these registers to remove the reset or use a synchronous reset to get the best optimization for performance, power and area.
Related violations: <none>

DPIR-1#24 Warning
Asynchronous driver check  
DSP design_1_i/top_mlp_0/inst/pu_inst/my_mac/DSP_for_MAC/U0/i_synth/i_synth_option.i_synth_model/opt_7series.i_uniwrap/i_primitive input pin design_1_i/top_mlp_0/inst/pu_inst/my_mac/DSP_for_MAC/U0/i_synth/i_synth_option.i_synth_model/opt_7series.i_uniwrap/i_primitive/C[21] is connected to registers with an asynchronous reset. This is preventing the possibility of merging these registers in to the DSP Block since the DSP block registers only possess synchronous reset capability.  It is suggested to recode or change these registers to remove the reset or use a synchronous reset to get the best optimization for performance, power and area.
Related violations: <none>

DPIR-1#25 Warning
Asynchronous driver check  
DSP design_1_i/top_mlp_0/inst/pu_inst/my_mac/DSP_for_MAC/U0/i_synth/i_synth_option.i_synth_model/opt_7series.i_uniwrap/i_primitive input pin design_1_i/top_mlp_0/inst/pu_inst/my_mac/DSP_for_MAC/U0/i_synth/i_synth_option.i_synth_model/opt_7series.i_uniwrap/i_primitive/C[22] is connected to registers with an asynchronous reset. This is preventing the possibility of merging these registers in to the DSP Block since the DSP block registers only possess synchronous reset capability.  It is suggested to recode or change these registers to remove the reset or use a synchronous reset to get the best optimization for performance, power and area.
Related violations: <none>

DPIR-1#26 Warning
Asynchronous driver check  
DSP design_1_i/top_mlp_0/inst/pu_inst/my_mac/DSP_for_MAC/U0/i_synth/i_synth_option.i_synth_model/opt_7series.i_uniwrap/i_primitive input pin design_1_i/top_mlp_0/inst/pu_inst/my_mac/DSP_for_MAC/U0/i_synth/i_synth_option.i_synth_model/opt_7series.i_uniwrap/i_primitive/C[23] is connected to registers with an asynchronous reset. This is preventing the possibility of merging these registers in to the DSP Block since the DSP block registers only possess synchronous reset capability.  It is suggested to recode or change these registers to remove the reset or use a synchronous reset to get the best optimization for performance, power and area.
Related violations: <none>

DPIR-1#27 Warning
Asynchronous driver check  
DSP design_1_i/top_mlp_0/inst/pu_inst/my_mac/DSP_for_MAC/U0/i_synth/i_synth_option.i_synth_model/opt_7series.i_uniwrap/i_primitive input pin design_1_i/top_mlp_0/inst/pu_inst/my_mac/DSP_for_MAC/U0/i_synth/i_synth_option.i_synth_model/opt_7series.i_uniwrap/i_primitive/C[24] is connected to registers with an asynchronous reset. This is preventing the possibility of merging these registers in to the DSP Block since the DSP block registers only possess synchronous reset capability.  It is suggested to recode or change these registers to remove the reset or use a synchronous reset to get the best optimization for performance, power and area.
Related violations: <none>

DPIR-1#28 Warning
Asynchronous driver check  
DSP design_1_i/top_mlp_0/inst/pu_inst/my_mac/DSP_for_MAC/U0/i_synth/i_synth_option.i_synth_model/opt_7series.i_uniwrap/i_primitive input pin design_1_i/top_mlp_0/inst/pu_inst/my_mac/DSP_for_MAC/U0/i_synth/i_synth_option.i_synth_model/opt_7series.i_uniwrap/i_primitive/C[25] is connected to registers with an asynchronous reset. This is preventing the possibility of merging these registers in to the DSP Block since the DSP block registers only possess synchronous reset capability.  It is suggested to recode or change these registers to remove the reset or use a synchronous reset to get the best optimization for performance, power and area.
Related violations: <none>

DPIR-1#29 Warning
Asynchronous driver check  
DSP design_1_i/top_mlp_0/inst/pu_inst/my_mac/DSP_for_MAC/U0/i_synth/i_synth_option.i_synth_model/opt_7series.i_uniwrap/i_primitive input pin design_1_i/top_mlp_0/inst/pu_inst/my_mac/DSP_for_MAC/U0/i_synth/i_synth_option.i_synth_model/opt_7series.i_uniwrap/i_primitive/C[26] is connected to registers with an asynchronous reset. This is preventing the possibility of merging these registers in to the DSP Block since the DSP block registers only possess synchronous reset capability.  It is suggested to recode or change these registers to remove the reset or use a synchronous reset to get the best optimization for performance, power and area.
Related violations: <none>

DPIR-1#30 Warning
Asynchronous driver check  
DSP design_1_i/top_mlp_0/inst/pu_inst/my_mac/DSP_for_MAC/U0/i_synth/i_synth_option.i_synth_model/opt_7series.i_uniwrap/i_primitive input pin design_1_i/top_mlp_0/inst/pu_inst/my_mac/DSP_for_MAC/U0/i_synth/i_synth_option.i_synth_model/opt_7series.i_uniwrap/i_primitive/C[27] is connected to registers with an asynchronous reset. This is preventing the possibility of merging these registers in to the DSP Block since the DSP block registers only possess synchronous reset capability.  It is suggested to recode or change these registers to remove the reset or use a synchronous reset to get the best optimization for performance, power and area.
Related violations: <none>

DPIR-1#31 Warning
Asynchronous driver check  
DSP design_1_i/top_mlp_0/inst/pu_inst/my_mac/DSP_for_MAC/U0/i_synth/i_synth_option.i_synth_model/opt_7series.i_uniwrap/i_primitive input pin design_1_i/top_mlp_0/inst/pu_inst/my_mac/DSP_for_MAC/U0/i_synth/i_synth_option.i_synth_model/opt_7series.i_uniwrap/i_primitive/C[28] is connected to registers with an asynchronous reset. This is preventing the possibility of merging these registers in to the DSP Block since the DSP block registers only possess synchronous reset capability.  It is suggested to recode or change these registers to remove the reset or use a synchronous reset to get the best optimization for performance, power and area.
Related violations: <none>

DPIR-1#32 Warning
Asynchronous driver check  
DSP design_1_i/top_mlp_0/inst/pu_inst/my_mac/DSP_for_MAC/U0/i_synth/i_synth_option.i_synth_model/opt_7series.i_uniwrap/i_primitive input pin design_1_i/top_mlp_0/inst/pu_inst/my_mac/DSP_for_MAC/U0/i_synth/i_synth_option.i_synth_model/opt_7series.i_uniwrap/i_primitive/C[29] is connected to registers with an asynchronous reset. This is preventing the possibility of merging these registers in to the DSP Block since the DSP block registers only possess synchronous reset capability.  It is suggested to recode or change these registers to remove the reset or use a synchronous reset to get the best optimization for performance, power and area.
Related violations: <none>

DPIR-1#33 Warning
Asynchronous driver check  
DSP design_1_i/top_mlp_0/inst/pu_inst/my_mac/DSP_for_MAC/U0/i_synth/i_synth_option.i_synth_model/opt_7series.i_uniwrap/i_primitive input pin design_1_i/top_mlp_0/inst/pu_inst/my_mac/DSP_for_MAC/U0/i_synth/i_synth_option.i_synth_model/opt_7series.i_uniwrap/i_primitive/C[2] is connected to registers with an asynchronous reset. This is preventing the possibility of merging these registers in to the DSP Block since the DSP block registers only possess synchronous reset capability.  It is suggested to recode or change these registers to remove the reset or use a synchronous reset to get the best optimization for performance, power and area.
Related violations: <none>

DPIR-1#34 Warning
Asynchronous driver check  
DSP design_1_i/top_mlp_0/inst/pu_inst/my_mac/DSP_for_MAC/U0/i_synth/i_synth_option.i_synth_model/opt_7series.i_uniwrap/i_primitive input pin design_1_i/top_mlp_0/inst/pu_inst/my_mac/DSP_for_MAC/U0/i_synth/i_synth_option.i_synth_model/opt_7series.i_uniwrap/i_primitive/C[30] is connected to registers with an asynchronous reset. This is preventing the possibility of merging these registers in to the DSP Block since the DSP block registers only possess synchronous reset capability.  It is suggested to recode or change these registers to remove the reset or use a synchronous reset to get the best optimization for performance, power and area.
Related violations: <none>

DPIR-1#35 Warning
Asynchronous driver check  
DSP design_1_i/top_mlp_0/inst/pu_inst/my_mac/DSP_for_MAC/U0/i_synth/i_synth_option.i_synth_model/opt_7series.i_uniwrap/i_primitive input pin design_1_i/top_mlp_0/inst/pu_inst/my_mac/DSP_for_MAC/U0/i_synth/i_synth_option.i_synth_model/opt_7series.i_uniwrap/i_primitive/C[31] is connected to registers with an asynchronous reset. This is preventing the possibility of merging these registers in to the DSP Block since the DSP block registers only possess synchronous reset capability.  It is suggested to recode or change these registers to remove the reset or use a synchronous reset to get the best optimization for performance, power and area.
Related violations: <none>

DPIR-1#36 Warning
Asynchronous driver check  
DSP design_1_i/top_mlp_0/inst/pu_inst/my_mac/DSP_for_MAC/U0/i_synth/i_synth_option.i_synth_model/opt_7series.i_uniwrap/i_primitive input pin design_1_i/top_mlp_0/inst/pu_inst/my_mac/DSP_for_MAC/U0/i_synth/i_synth_option.i_synth_model/opt_7series.i_uniwrap/i_primitive/C[32] is connected to registers with an asynchronous reset. This is preventing the possibility of merging these registers in to the DSP Block since the DSP block registers only possess synchronous reset capability.  It is suggested to recode or change these registers to remove the reset or use a synchronous reset to get the best optimization for performance, power and area.
Related violations: <none>

DPIR-1#37 Warning
Asynchronous driver check  
DSP design_1_i/top_mlp_0/inst/pu_inst/my_mac/DSP_for_MAC/U0/i_synth/i_synth_option.i_synth_model/opt_7series.i_uniwrap/i_primitive input pin design_1_i/top_mlp_0/inst/pu_inst/my_mac/DSP_for_MAC/U0/i_synth/i_synth_option.i_synth_model/opt_7series.i_uniwrap/i_primitive/C[33] is connected to registers with an asynchronous reset. This is preventing the possibility of merging these registers in to the DSP Block since the DSP block registers only possess synchronous reset capability.  It is suggested to recode or change these registers to remove the reset or use a synchronous reset to get the best optimization for performance, power and area.
Related violations: <none>

DPIR-1#38 Warning
Asynchronous driver check  
DSP design_1_i/top_mlp_0/inst/pu_inst/my_mac/DSP_for_MAC/U0/i_synth/i_synth_option.i_synth_model/opt_7series.i_uniwrap/i_primitive input pin design_1_i/top_mlp_0/inst/pu_inst/my_mac/DSP_for_MAC/U0/i_synth/i_synth_option.i_synth_model/opt_7series.i_uniwrap/i_primitive/C[34] is connected to registers with an asynchronous reset. This is preventing the possibility of merging these registers in to the DSP Block since the DSP block registers only possess synchronous reset capability.  It is suggested to recode or change these registers to remove the reset or use a synchronous reset to get the best optimization for performance, power and area.
Related violations: <none>

DPIR-1#39 Warning
Asynchronous driver check  
DSP design_1_i/top_mlp_0/inst/pu_inst/my_mac/DSP_for_MAC/U0/i_synth/i_synth_option.i_synth_model/opt_7series.i_uniwrap/i_primitive input pin design_1_i/top_mlp_0/inst/pu_inst/my_mac/DSP_for_MAC/U0/i_synth/i_synth_option.i_synth_model/opt_7series.i_uniwrap/i_primitive/C[35] is connected to registers with an asynchronous reset. This is preventing the possibility of merging these registers in to the DSP Block since the DSP block registers only possess synchronous reset capability.  It is suggested to recode or change these registers to remove the reset or use a synchronous reset to get the best optimization for performance, power and area.
Related violations: <none>

DPIR-1#40 Warning
Asynchronous driver check  
DSP design_1_i/top_mlp_0/inst/pu_inst/my_mac/DSP_for_MAC/U0/i_synth/i_synth_option.i_synth_model/opt_7series.i_uniwrap/i_primitive input pin design_1_i/top_mlp_0/inst/pu_inst/my_mac/DSP_for_MAC/U0/i_synth/i_synth_option.i_synth_model/opt_7series.i_uniwrap/i_primitive/C[36] is connected to registers with an asynchronous reset. This is preventing the possibility of merging these registers in to the DSP Block since the DSP block registers only possess synchronous reset capability.  It is suggested to recode or change these registers to remove the reset or use a synchronous reset to get the best optimization for performance, power and area.
Related violations: <none>

DPIR-1#41 Warning
Asynchronous driver check  
DSP design_1_i/top_mlp_0/inst/pu_inst/my_mac/DSP_for_MAC/U0/i_synth/i_synth_option.i_synth_model/opt_7series.i_uniwrap/i_primitive input pin design_1_i/top_mlp_0/inst/pu_inst/my_mac/DSP_for_MAC/U0/i_synth/i_synth_option.i_synth_model/opt_7series.i_uniwrap/i_primitive/C[37] is connected to registers with an asynchronous reset. This is preventing the possibility of merging these registers in to the DSP Block since the DSP block registers only possess synchronous reset capability.  It is suggested to recode or change these registers to remove the reset or use a synchronous reset to get the best optimization for performance, power and area.
Related violations: <none>

DPIR-1#42 Warning
Asynchronous driver check  
DSP design_1_i/top_mlp_0/inst/pu_inst/my_mac/DSP_for_MAC/U0/i_synth/i_synth_option.i_synth_model/opt_7series.i_uniwrap/i_primitive input pin design_1_i/top_mlp_0/inst/pu_inst/my_mac/DSP_for_MAC/U0/i_synth/i_synth_option.i_synth_model/opt_7series.i_uniwrap/i_primitive/C[38] is connected to registers with an asynchronous reset. This is preventing the possibility of merging these registers in to the DSP Block since the DSP block registers only possess synchronous reset capability.  It is suggested to recode or change these registers to remove the reset or use a synchronous reset to get the best optimization for performance, power and area.
Related violations: <none>

DPIR-1#43 Warning
Asynchronous driver check  
DSP design_1_i/top_mlp_0/inst/pu_inst/my_mac/DSP_for_MAC/U0/i_synth/i_synth_option.i_synth_model/opt_7series.i_uniwrap/i_primitive input pin design_1_i/top_mlp_0/inst/pu_inst/my_mac/DSP_for_MAC/U0/i_synth/i_synth_option.i_synth_model/opt_7series.i_uniwrap/i_primitive/C[39] is connected to registers with an asynchronous reset. This is preventing the possibility of merging these registers in to the DSP Block since the DSP block registers only possess synchronous reset capability.  It is suggested to recode or change these registers to remove the reset or use a synchronous reset to get the best optimization for performance, power and area.
Related violations: <none>

DPIR-1#44 Warning
Asynchronous driver check  
DSP design_1_i/top_mlp_0/inst/pu_inst/my_mac/DSP_for_MAC/U0/i_synth/i_synth_option.i_synth_model/opt_7series.i_uniwrap/i_primitive input pin design_1_i/top_mlp_0/inst/pu_inst/my_mac/DSP_for_MAC/U0/i_synth/i_synth_option.i_synth_model/opt_7series.i_uniwrap/i_primitive/C[3] is connected to registers with an asynchronous reset. This is preventing the possibility of merging these registers in to the DSP Block since the DSP block registers only possess synchronous reset capability.  It is suggested to recode or change these registers to remove the reset or use a synchronous reset to get the best optimization for performance, power and area.
Related violations: <none>

DPIR-1#45 Warning
Asynchronous driver check  
DSP design_1_i/top_mlp_0/inst/pu_inst/my_mac/DSP_for_MAC/U0/i_synth/i_synth_option.i_synth_model/opt_7series.i_uniwrap/i_primitive input pin design_1_i/top_mlp_0/inst/pu_inst/my_mac/DSP_for_MAC/U0/i_synth/i_synth_option.i_synth_model/opt_7series.i_uniwrap/i_primitive/C[40] is connected to registers with an asynchronous reset. This is preventing the possibility of merging these registers in to the DSP Block since the DSP block registers only possess synchronous reset capability.  It is suggested to recode or change these registers to remove the reset or use a synchronous reset to get the best optimization for performance, power and area.
Related violations: <none>

DPIR-1#46 Warning
Asynchronous driver check  
DSP design_1_i/top_mlp_0/inst/pu_inst/my_mac/DSP_for_MAC/U0/i_synth/i_synth_option.i_synth_model/opt_7series.i_uniwrap/i_primitive input pin design_1_i/top_mlp_0/inst/pu_inst/my_mac/DSP_for_MAC/U0/i_synth/i_synth_option.i_synth_model/opt_7series.i_uniwrap/i_primitive/C[41] is connected to registers with an asynchronous reset. This is preventing the possibility of merging these registers in to the DSP Block since the DSP block registers only possess synchronous reset capability.  It is suggested to recode or change these registers to remove the reset or use a synchronous reset to get the best optimization for performance, power and area.
Related violations: <none>

DPIR-1#47 Warning
Asynchronous driver check  
DSP design_1_i/top_mlp_0/inst/pu_inst/my_mac/DSP_for_MAC/U0/i_synth/i_synth_option.i_synth_model/opt_7series.i_uniwrap/i_primitive input pin design_1_i/top_mlp_0/inst/pu_inst/my_mac/DSP_for_MAC/U0/i_synth/i_synth_option.i_synth_model/opt_7series.i_uniwrap/i_primitive/C[42] is connected to registers with an asynchronous reset. This is preventing the possibility of merging these registers in to the DSP Block since the DSP block registers only possess synchronous reset capability.  It is suggested to recode or change these registers to remove the reset or use a synchronous reset to get the best optimization for performance, power and area.
Related violations: <none>

DPIR-1#48 Warning
Asynchronous driver check  
DSP design_1_i/top_mlp_0/inst/pu_inst/my_mac/DSP_for_MAC/U0/i_synth/i_synth_option.i_synth_model/opt_7series.i_uniwrap/i_primitive input pin design_1_i/top_mlp_0/inst/pu_inst/my_mac/DSP_for_MAC/U0/i_synth/i_synth_option.i_synth_model/opt_7series.i_uniwrap/i_primitive/C[43] is connected to registers with an asynchronous reset. This is preventing the possibility of merging these registers in to the DSP Block since the DSP block registers only possess synchronous reset capability.  It is suggested to recode or change these registers to remove the reset or use a synchronous reset to get the best optimization for performance, power and area.
Related violations: <none>

DPIR-1#49 Warning
Asynchronous driver check  
DSP design_1_i/top_mlp_0/inst/pu_inst/my_mac/DSP_for_MAC/U0/i_synth/i_synth_option.i_synth_model/opt_7series.i_uniwrap/i_primitive input pin design_1_i/top_mlp_0/inst/pu_inst/my_mac/DSP_for_MAC/U0/i_synth/i_synth_option.i_synth_model/opt_7series.i_uniwrap/i_primitive/C[44] is connected to registers with an asynchronous reset. This is preventing the possibility of merging these registers in to the DSP Block since the DSP block registers only possess synchronous reset capability.  It is suggested to recode or change these registers to remove the reset or use a synchronous reset to get the best optimization for performance, power and area.
Related violations: <none>

DPIR-1#50 Warning
Asynchronous driver check  
DSP design_1_i/top_mlp_0/inst/pu_inst/my_mac/DSP_for_MAC/U0/i_synth/i_synth_option.i_synth_model/opt_7series.i_uniwrap/i_primitive input pin design_1_i/top_mlp_0/inst/pu_inst/my_mac/DSP_for_MAC/U0/i_synth/i_synth_option.i_synth_model/opt_7series.i_uniwrap/i_primitive/C[45] is connected to registers with an asynchronous reset. This is preventing the possibility of merging these registers in to the DSP Block since the DSP block registers only possess synchronous reset capability.  It is suggested to recode or change these registers to remove the reset or use a synchronous reset to get the best optimization for performance, power and area.
Related violations: <none>

DPIR-1#51 Warning
Asynchronous driver check  
DSP design_1_i/top_mlp_0/inst/pu_inst/my_mac/DSP_for_MAC/U0/i_synth/i_synth_option.i_synth_model/opt_7series.i_uniwrap/i_primitive input pin design_1_i/top_mlp_0/inst/pu_inst/my_mac/DSP_for_MAC/U0/i_synth/i_synth_option.i_synth_model/opt_7series.i_uniwrap/i_primitive/C[46] is connected to registers with an asynchronous reset. This is preventing the possibility of merging these registers in to the DSP Block since the DSP block registers only possess synchronous reset capability.  It is suggested to recode or change these registers to remove the reset or use a synchronous reset to get the best optimization for performance, power and area.
Related violations: <none>

DPIR-1#52 Warning
Asynchronous driver check  
DSP design_1_i/top_mlp_0/inst/pu_inst/my_mac/DSP_for_MAC/U0/i_synth/i_synth_option.i_synth_model/opt_7series.i_uniwrap/i_primitive input pin design_1_i/top_mlp_0/inst/pu_inst/my_mac/DSP_for_MAC/U0/i_synth/i_synth_option.i_synth_model/opt_7series.i_uniwrap/i_primitive/C[47] is connected to registers with an asynchronous reset. This is preventing the possibility of merging these registers in to the DSP Block since the DSP block registers only possess synchronous reset capability.  It is suggested to recode or change these registers to remove the reset or use a synchronous reset to get the best optimization for performance, power and area.
Related violations: <none>

DPIR-1#53 Warning
Asynchronous driver check  
DSP design_1_i/top_mlp_0/inst/pu_inst/my_mac/DSP_for_MAC/U0/i_synth/i_synth_option.i_synth_model/opt_7series.i_uniwrap/i_primitive input pin design_1_i/top_mlp_0/inst/pu_inst/my_mac/DSP_for_MAC/U0/i_synth/i_synth_option.i_synth_model/opt_7series.i_uniwrap/i_primitive/C[4] is connected to registers with an asynchronous reset. This is preventing the possibility of merging these registers in to the DSP Block since the DSP block registers only possess synchronous reset capability.  It is suggested to recode or change these registers to remove the reset or use a synchronous reset to get the best optimization for performance, power and area.
Related violations: <none>

DPIR-1#54 Warning
Asynchronous driver check  
DSP design_1_i/top_mlp_0/inst/pu_inst/my_mac/DSP_for_MAC/U0/i_synth/i_synth_option.i_synth_model/opt_7series.i_uniwrap/i_primitive input pin design_1_i/top_mlp_0/inst/pu_inst/my_mac/DSP_for_MAC/U0/i_synth/i_synth_option.i_synth_model/opt_7series.i_uniwrap/i_primitive/C[5] is connected to registers with an asynchronous reset. This is preventing the possibility of merging these registers in to the DSP Block since the DSP block registers only possess synchronous reset capability.  It is suggested to recode or change these registers to remove the reset or use a synchronous reset to get the best optimization for performance, power and area.
Related violations: <none>

DPIR-1#55 Warning
Asynchronous driver check  
DSP design_1_i/top_mlp_0/inst/pu_inst/my_mac/DSP_for_MAC/U0/i_synth/i_synth_option.i_synth_model/opt_7series.i_uniwrap/i_primitive input pin design_1_i/top_mlp_0/inst/pu_inst/my_mac/DSP_for_MAC/U0/i_synth/i_synth_option.i_synth_model/opt_7series.i_uniwrap/i_primitive/C[6] is connected to registers with an asynchronous reset. This is preventing the possibility of merging these registers in to the DSP Block since the DSP block registers only possess synchronous reset capability.  It is suggested to recode or change these registers to remove the reset or use a synchronous reset to get the best optimization for performance, power and area.
Related violations: <none>

DPIR-1#56 Warning
Asynchronous driver check  
DSP design_1_i/top_mlp_0/inst/pu_inst/my_mac/DSP_for_MAC/U0/i_synth/i_synth_option.i_synth_model/opt_7series.i_uniwrap/i_primitive input pin design_1_i/top_mlp_0/inst/pu_inst/my_mac/DSP_for_MAC/U0/i_synth/i_synth_option.i_synth_model/opt_7series.i_uniwrap/i_primitive/C[7] is connected to registers with an asynchronous reset. This is preventing the possibility of merging these registers in to the DSP Block since the DSP block registers only possess synchronous reset capability.  It is suggested to recode or change these registers to remove the reset or use a synchronous reset to get the best optimization for performance, power and area.
Related violations: <none>

DPIR-1#57 Warning
Asynchronous driver check  
DSP design_1_i/top_mlp_0/inst/pu_inst/my_mac/DSP_for_MAC/U0/i_synth/i_synth_option.i_synth_model/opt_7series.i_uniwrap/i_primitive input pin design_1_i/top_mlp_0/inst/pu_inst/my_mac/DSP_for_MAC/U0/i_synth/i_synth_option.i_synth_model/opt_7series.i_uniwrap/i_primitive/C[8] is connected to registers with an asynchronous reset. This is preventing the possibility of merging these registers in to the DSP Block since the DSP block registers only possess synchronous reset capability.  It is suggested to recode or change these registers to remove the reset or use a synchronous reset to get the best optimization for performance, power and area.
Related violations: <none>

DPIR-1#58 Warning
Asynchronous driver check  
DSP design_1_i/top_mlp_0/inst/pu_inst/my_mac/DSP_for_MAC/U0/i_synth/i_synth_option.i_synth_model/opt_7series.i_uniwrap/i_primitive input pin design_1_i/top_mlp_0/inst/pu_inst/my_mac/DSP_for_MAC/U0/i_synth/i_synth_option.i_synth_model/opt_7series.i_uniwrap/i_primitive/C[9] is connected to registers with an asynchronous reset. This is preventing the possibility of merging these registers in to the DSP Block since the DSP block registers only possess synchronous reset capability.  It is suggested to recode or change these registers to remove the reset or use a synchronous reset to get the best optimization for performance, power and area.
Related violations: <none>

TIMING-18#1 Warning
Missing input or output delay  
An input delay is missing on rst_n relative to the rising and/or falling clock edge(s) of sys_clk_pin.
Related violations: <none>

TIMING-18#2 Warning
Missing input or output delay  
An output delay is missing on done_led_o relative to the rising and/or falling clock edge(s) of sys_clk_pin.
Related violations: <none>

TIMING-20#1 Warning
Non-clocked latch  
The latch design_1_i/top_mlp_0/inst/glbl_ctrl_inst/ns_reg[0] cannot be properly analyzed as its control pin design_1_i/top_mlp_0/inst/glbl_ctrl_inst/ns_reg[0]/G is not reached by a timing clock
Related violations: <none>

TIMING-20#2 Warning
Non-clocked latch  
The latch design_1_i/top_mlp_0/inst/glbl_ctrl_inst/ns_reg[1] cannot be properly analyzed as its control pin design_1_i/top_mlp_0/inst/glbl_ctrl_inst/ns_reg[1]/G is not reached by a timing clock
Related violations: <none>

TIMING-20#3 Warning
Non-clocked latch  
The latch design_1_i/top_mlp_0/inst/glbl_ctrl_inst/ns_reg[2] cannot be properly analyzed as its control pin design_1_i/top_mlp_0/inst/glbl_ctrl_inst/ns_reg[2]/G is not reached by a timing clock
Related violations: <none>

TIMING-20#4 Warning
Non-clocked latch  
The latch design_1_i/top_mlp_0/inst/glbl_ctrl_inst/ns_reg[3] cannot be properly analyzed as its control pin design_1_i/top_mlp_0/inst/glbl_ctrl_inst/ns_reg[3]/G is not reached by a timing clock
Related violations: <none>

LATCH-1#1 Advisory
Existing latches in the design  
There are 4 latches found in the design. Inferred latches are often the result of HDL coding mistakes, such as incomplete if or case statements.
Related violations: <none>


