Copyright 1986-2022 Xilinx, Inc. All Rights Reserved. Copyright 2022-2023 Advanced Micro Devices, Inc. All Rights Reserved.
---------------------------------------------------------------------------------------------------------------------------------------------
| Tool Version : Vivado v.2023.1 (win64) Build 3865809 Sun May  7 15:05:29 MDT 2023
| Date         : Mon Apr 13 00:14:20 2026
| Host         : Jip_desktop running 64-bit major release  (build 9200)
| Command      : report_drc -file design_1_wrapper_drc_opted.rpt -pb design_1_wrapper_drc_opted.pb -rpx design_1_wrapper_drc_opted.rpx
| Design       : design_1_wrapper
| Device       : xc7z020clg400-1
| Speed File   : -1
| Design State : Synthesized
---------------------------------------------------------------------------------------------------------------------------------------------

Report DRC

Table of Contents
-----------------
1. REPORT SUMMARY
2. REPORT DETAILS

1. REPORT SUMMARY
-----------------
            Netlist: netlist
          Floorplan: design_1
      Design limits: <entire design considered>
           Ruledeck: default
             Max violations: <unlimited>
             Violations found: 36
+-----------+----------+-------------------------------------------------------------------+------------+
| Rule      | Severity | Description                                                       | Violations |
+-----------+----------+-------------------------------------------------------------------+------------+
| CHECK-3   | Warning  | Report rule limit reached                                         | 1          |
| DPIP-1    | Warning  | Input pipelining                                                  | 7          |
| DPOP-1    | Warning  | PREG Output pipelining                                            | 3          |
| DPOP-2    | Warning  | MREG Output pipelining                                            | 4          |
| REQP-1839 | Warning  | RAMB36 async control check                                        | 20         |
| AVAL-4    | Advisory | enum_USE_DPORT_FALSE_enum_DREG_ADREG_0_connects_CED_CEAD_RSTD_GND | 1          |
+-----------+----------+-------------------------------------------------------------------+------------+

2. REPORT DETAILS
-----------------
CHECK-3#1 Warning
Report rule limit reached  
REQP-1839 rule limit reached: 20 violations have been found.
Related violations: <none>

DPIP-1#1 Warning
Input pipelining  
DSP design_1_i/top_mlp_0/inst/glbl_ctrl_inst/r_x_add0 input design_1_i/top_mlp_0/inst/glbl_ctrl_inst/r_x_add0/A[29:0] is not pipelined. Pipelining DSP48 input will improve performance.
Related violations: <none>

DPIP-1#2 Warning
Input pipelining  
DSP design_1_i/top_mlp_0/inst/glbl_ctrl_inst/r_x_add_pipeline10 input design_1_i/top_mlp_0/inst/glbl_ctrl_inst/r_x_add_pipeline10/A[29:0] is not pipelined. Pipelining DSP48 input will improve performance.
Related violations: <none>

DPIP-1#3 Warning
Input pipelining  
DSP design_1_i/top_mlp_0/inst/pu_inst/my_mac/DSP_for_MAC/U0/i_synth/i_synth_option.i_synth_model/opt_7series.i_uniwrap/i_primitive input design_1_i/top_mlp_0/inst/pu_inst/my_mac/DSP_for_MAC/U0/i_synth/i_synth_option.i_synth_model/opt_7series.i_uniwrap/i_primitive/A[29:0] is not pipelined. Pipelining DSP48 input will improve performance.
Related violations: <none>

DPIP-1#4 Warning
Input pipelining  
DSP design_1_i/top_mlp_0/inst/pu_inst/my_mac/DSP_for_MAC/U0/i_synth/i_synth_option.i_synth_model/opt_7series.i_uniwrap/i_primitive input design_1_i/top_mlp_0/inst/pu_inst/my_mac/DSP_for_MAC/U0/i_synth/i_synth_option.i_synth_model/opt_7series.i_uniwrap/i_primitive/B[17:0] is not pipelined. Pipelining DSP48 input will improve performance.
Related violations: <none>

DPIP-1#5 Warning
Input pipelining  
DSP design_1_i/top_mlp_0/inst/pu_inst/my_mac/DSP_for_MAC/U0/i_synth/i_synth_option.i_synth_model/opt_7series.i_uniwrap/i_primitive input design_1_i/top_mlp_0/inst/pu_inst/my_mac/DSP_for_MAC/U0/i_synth/i_synth_option.i_synth_model/opt_7series.i_uniwrap/i_primitive/C[47:0] is not pipelined. Pipelining DSP48 input will improve performance.
Related violations: <none>

DPIP-1#6 Warning
Input pipelining  
DSP design_1_i/top_mlp_0/inst/pu_inst/uut1/scaled10 input design_1_i/top_mlp_0/inst/pu_inst/uut1/scaled10/A[29:0] is not pipelined. Pipelining DSP48 input will improve performance.
Related violations: <none>

DPIP-1#7 Warning
Input pipelining  
DSP design_1_i/top_mlp_0/inst/pu_inst/uut1/scaled1_reg input design_1_i/top_mlp_0/inst/pu_inst/uut1/scaled1_reg/A[29:0] is not pipelined. Pipelining DSP48 input will improve performance.
Related violations: <none>

DPOP-1#1 Warning
PREG Output pipelining  
DSP design_1_i/top_mlp_0/inst/glbl_ctrl_inst/r_x_add0 output design_1_i/top_mlp_0/inst/glbl_ctrl_inst/r_x_add0/P[47:0] is not pipelined (PREG=0). Pipelining the DSP48 output will improve performance and often saves power so it is suggested whenever possible to fully pipeline this function.  If this DSP48 function was inferred, it is suggested to describe an additional register stage after this function.  If the DSP48 was instantiated in the design, it is suggested to set the PREG attribute to 1.
Related violations: <none>

DPOP-1#2 Warning
PREG Output pipelining  
DSP design_1_i/top_mlp_0/inst/pu_inst/my_mac/DSP_for_MAC/U0/i_synth/i_synth_option.i_synth_model/opt_7series.i_uniwrap/i_primitive output design_1_i/top_mlp_0/inst/pu_inst/my_mac/DSP_for_MAC/U0/i_synth/i_synth_option.i_synth_model/opt_7series.i_uniwrap/i_primitive/P[47:0] is not pipelined (PREG=0). Pipelining the DSP48 output will improve performance and often saves power so it is suggested whenever possible to fully pipeline this function.  If this DSP48 function was inferred, it is suggested to describe an additional register stage after this function.  If the DSP48 was instantiated in the design, it is suggested to set the PREG attribute to 1.
Related violations: <none>

DPOP-1#3 Warning
PREG Output pipelining  
DSP design_1_i/top_mlp_0/inst/pu_inst/uut1/scaled10 output design_1_i/top_mlp_0/inst/pu_inst/uut1/scaled10/P[47:0] is not pipelined (PREG=0). Pipelining the DSP48 output will improve performance and often saves power so it is suggested whenever possible to fully pipeline this function.  If this DSP48 function was inferred, it is suggested to describe an additional register stage after this function.  If the DSP48 was instantiated in the design, it is suggested to set the PREG attribute to 1.
Related violations: <none>

DPOP-2#1 Warning
MREG Output pipelining  
DSP design_1_i/top_mlp_0/inst/glbl_ctrl_inst/r_x_add0 multiplier stage design_1_i/top_mlp_0/inst/glbl_ctrl_inst/r_x_add0/P[47:0] is not pipelined (MREG=0). Pipelining the multiplier function will improve performance and will save significant power so it is suggested whenever possible to fully pipeline this function.  If this multiplier was inferred, it is suggested to describe an additional register stage after this function.  If there is no registered adder/accumulator following the multiply function, two pipeline stages are suggested to allow both the MREG and PREG registers to be used.  If the DSP48 was instantiated in the design, it is suggested to set both the MREG and PREG attributes to 1 when performing multiply functions.
Related violations: <none>

DPOP-2#2 Warning
MREG Output pipelining  
DSP design_1_i/top_mlp_0/inst/glbl_ctrl_inst/r_x_add_pipeline10 multiplier stage design_1_i/top_mlp_0/inst/glbl_ctrl_inst/r_x_add_pipeline10/P[47:0] is not pipelined (MREG=0). Pipelining the multiplier function will improve performance and will save significant power so it is suggested whenever possible to fully pipeline this function.  If this multiplier was inferred, it is suggested to describe an additional register stage after this function.  If there is no registered adder/accumulator following the multiply function, two pipeline stages are suggested to allow both the MREG and PREG registers to be used.  If the DSP48 was instantiated in the design, it is suggested to set both the MREG and PREG attributes to 1 when performing multiply functions.
Related violations: <none>

DPOP-2#3 Warning
MREG Output pipelining  
DSP design_1_i/top_mlp_0/inst/pu_inst/uut1/scaled10 multiplier stage design_1_i/top_mlp_0/inst/pu_inst/uut1/scaled10/P[47:0] is not pipelined (MREG=0). Pipelining the multiplier function will improve performance and will save significant power so it is suggested whenever possible to fully pipeline this function.  If this multiplier was inferred, it is suggested to describe an additional register stage after this function.  If there is no registered adder/accumulator following the multiply function, two pipeline stages are suggested to allow both the MREG and PREG registers to be used.  If the DSP48 was instantiated in the design, it is suggested to set both the MREG and PREG attributes to 1 when performing multiply functions.
Related violations: <none>

DPOP-2#4 Warning
MREG Output pipelining  
DSP design_1_i/top_mlp_0/inst/pu_inst/uut1/scaled1_reg multiplier stage design_1_i/top_mlp_0/inst/pu_inst/uut1/scaled1_reg/P[47:0] is not pipelined (MREG=0). Pipelining the multiplier function will improve performance and will save significant power so it is suggested whenever possible to fully pipeline this function.  If this multiplier was inferred, it is suggested to describe an additional register stage after this function.  If there is no registered adder/accumulator following the multiply function, two pipeline stages are suggested to allow both the MREG and PREG registers to be used.  If the DSP48 was instantiated in the design, it is suggested to set both the MREG and PREG attributes to 1 when performing multiply functions.
Related violations: <none>

REQP-1839#1 Warning
RAMB36 async control check  
The RAMB36E1 design_1_i/blk_mem_gen_0/U0/inst_blk_mem_gen/gnbram.gnative_mem_map_bmg.native_mem_map_blk_mem_gen/valid.cstr/ramloop[0].ram.r/prim_noinit.ram/DEVICE_7SERIES.WITH_BMM_INFO.TRUE_DP.SIMPLE_PRIM36.TDP_SP36_NO_ECC_ATTR.ram has an input control pin design_1_i/blk_mem_gen_0/U0/inst_blk_mem_gen/gnbram.gnative_mem_map_bmg.native_mem_map_blk_mem_gen/valid.cstr/ramloop[0].ram.r/prim_noinit.ram/DEVICE_7SERIES.WITH_BMM_INFO.TRUE_DP.SIMPLE_PRIM36.TDP_SP36_NO_ECC_ATTR.ram/ENBWREN (net: design_1_i/blk_mem_gen_0/U0/inst_blk_mem_gen/gnbram.gnative_mem_map_bmg.native_mem_map_blk_mem_gen/valid.cstr/ramloop[0].ram.r/prim_noinit.ram/web[1]) which is driven by a register (design_1_i/top_mlp_0/inst/pu_inst/r_y_buf_wen_reg) that has an active asychronous set or reset. This may cause corruption of the memory contents and/or read values when the set/reset is asserted and is not analyzed by the default static timing analysis. It is suggested to eliminate the use of a set/reset to registers driving this RAMB pin or else use a synchronous reset in which the assertion of the reset is timed by default.
Related violations: <none>

REQP-1839#2 Warning
RAMB36 async control check  
The RAMB36E1 design_1_i/blk_mem_gen_0/U0/inst_blk_mem_gen/gnbram.gnative_mem_map_bmg.native_mem_map_blk_mem_gen/valid.cstr/ramloop[0].ram.r/prim_noinit.ram/DEVICE_7SERIES.WITH_BMM_INFO.TRUE_DP.SIMPLE_PRIM36.TDP_SP36_NO_ECC_ATTR.ram has an input control pin design_1_i/blk_mem_gen_0/U0/inst_blk_mem_gen/gnbram.gnative_mem_map_bmg.native_mem_map_blk_mem_gen/valid.cstr/ramloop[0].ram.r/prim_noinit.ram/DEVICE_7SERIES.WITH_BMM_INFO.TRUE_DP.SIMPLE_PRIM36.TDP_SP36_NO_ECC_ATTR.ram/WEBWE[0] (net: design_1_i/blk_mem_gen_0/U0/inst_blk_mem_gen/gnbram.gnative_mem_map_bmg.native_mem_map_blk_mem_gen/valid.cstr/ramloop[0].ram.r/prim_noinit.ram/web[0]) which is driven by a register (design_1_i/top_mlp_0/inst/pu_inst/r_y_buf_wen_reg) that has an active asychronous set or reset. This may cause corruption of the memory contents and/or read values when the set/reset is asserted and is not analyzed by the default static timing analysis. It is suggested to eliminate the use of a set/reset to registers driving this RAMB pin or else use a synchronous reset in which the assertion of the reset is timed by default.
Related violations: <none>

REQP-1839#3 Warning
RAMB36 async control check  
The RAMB36E1 design_1_i/blk_mem_gen_0/U0/inst_blk_mem_gen/gnbram.gnative_mem_map_bmg.native_mem_map_blk_mem_gen/valid.cstr/ramloop[1].ram.r/prim_noinit.ram/DEVICE_7SERIES.WITH_BMM_INFO.TRUE_DP.SIMPLE_PRIM36.TDP_SP36_NO_ECC_ATTR.ram has an input control pin design_1_i/blk_mem_gen_0/U0/inst_blk_mem_gen/gnbram.gnative_mem_map_bmg.native_mem_map_blk_mem_gen/valid.cstr/ramloop[1].ram.r/prim_noinit.ram/DEVICE_7SERIES.WITH_BMM_INFO.TRUE_DP.SIMPLE_PRIM36.TDP_SP36_NO_ECC_ATTR.ram/ENBWREN (net: design_1_i/blk_mem_gen_0/U0/inst_blk_mem_gen/gnbram.gnative_mem_map_bmg.native_mem_map_blk_mem_gen/valid.cstr/ramloop[1].ram.r/prim_noinit.ram/web[1]) which is driven by a register (design_1_i/top_mlp_0/inst/pu_inst/r_y_buf_wen_reg) that has an active asychronous set or reset. This may cause corruption of the memory contents and/or read values when the set/reset is asserted and is not analyzed by the default static timing analysis. It is suggested to eliminate the use of a set/reset to registers driving this RAMB pin or else use a synchronous reset in which the assertion of the reset is timed by default.
Related violations: <none>

REQP-1839#4 Warning
RAMB36 async control check  
The RAMB36E1 design_1_i/blk_mem_gen_0/U0/inst_blk_mem_gen/gnbram.gnative_mem_map_bmg.native_mem_map_blk_mem_gen/valid.cstr/ramloop[1].ram.r/prim_noinit.ram/DEVICE_7SERIES.WITH_BMM_INFO.TRUE_DP.SIMPLE_PRIM36.TDP_SP36_NO_ECC_ATTR.ram has an input control pin design_1_i/blk_mem_gen_0/U0/inst_blk_mem_gen/gnbram.gnative_mem_map_bmg.native_mem_map_blk_mem_gen/valid.cstr/ramloop[1].ram.r/prim_noinit.ram/DEVICE_7SERIES.WITH_BMM_INFO.TRUE_DP.SIMPLE_PRIM36.TDP_SP36_NO_ECC_ATTR.ram/WEBWE[0] (net: design_1_i/blk_mem_gen_0/U0/inst_blk_mem_gen/gnbram.gnative_mem_map_bmg.native_mem_map_blk_mem_gen/valid.cstr/ramloop[1].ram.r/prim_noinit.ram/web[0]) which is driven by a register (design_1_i/top_mlp_0/inst/pu_inst/r_y_buf_wen_reg) that has an active asychronous set or reset. This may cause corruption of the memory contents and/or read values when the set/reset is asserted and is not analyzed by the default static timing analysis. It is suggested to eliminate the use of a set/reset to registers driving this RAMB pin or else use a synchronous reset in which the assertion of the reset is timed by default.
Related violations: <none>

REQP-1839#5 Warning
RAMB36 async control check  
The RAMB36E1 design_1_i/top_mlp_0/inst/w_buffer_inst/mem_reg_0_0 has an input control pin design_1_i/top_mlp_0/inst/w_buffer_inst/mem_reg_0_0/ADDRARDADDR[0] (net: design_1_i/top_mlp_0/inst/w_buffer_inst/mem_reg_0_7_0[0]) which is driven by a register (design_1_i/top_mlp_0/inst/glbl_ctrl_inst/r_w_add_reg[0]) that has an active asychronous set or reset. This may cause corruption of the memory contents and/or read values when the set/reset is asserted and is not analyzed by the default static timing analysis. It is suggested to eliminate the use of a set/reset to registers driving this RAMB pin or else use a synchronous reset in which the assertion of the reset is timed by default.
Related violations: <none>

REQP-1839#6 Warning
RAMB36 async control check  
The RAMB36E1 design_1_i/top_mlp_0/inst/w_buffer_inst/mem_reg_0_0 has an input control pin design_1_i/top_mlp_0/inst/w_buffer_inst/mem_reg_0_0/ADDRARDADDR[10] (net: design_1_i/top_mlp_0/inst/w_buffer_inst/mem_reg_0_7_0[10]) which is driven by a register (design_1_i/top_mlp_0/inst/glbl_ctrl_inst/r_w_add_reg[10]) that has an active asychronous set or reset. This may cause corruption of the memory contents and/or read values when the set/reset is asserted and is not analyzed by the default static timing analysis. It is suggested to eliminate the use of a set/reset to registers driving this RAMB pin or else use a synchronous reset in which the assertion of the reset is timed by default.
Related violations: <none>

REQP-1839#7 Warning
RAMB36 async control check  
The RAMB36E1 design_1_i/top_mlp_0/inst/w_buffer_inst/mem_reg_0_0 has an input control pin design_1_i/top_mlp_0/inst/w_buffer_inst/mem_reg_0_0/ADDRARDADDR[11] (net: design_1_i/top_mlp_0/inst/w_buffer_inst/mem_reg_0_7_0[11]) which is driven by a register (design_1_i/top_mlp_0/inst/glbl_ctrl_inst/r_w_add_reg[11]) that has an active asychronous set or reset. This may cause corruption of the memory contents and/or read values when the set/reset is asserted and is not analyzed by the default static timing analysis. It is suggested to eliminate the use of a set/reset to registers driving this RAMB pin or else use a synchronous reset in which the assertion of the reset is timed by default.
Related violations: <none>

REQP-1839#8 Warning
RAMB36 async control check  
The RAMB36E1 design_1_i/top_mlp_0/inst/w_buffer_inst/mem_reg_0_0 has an input control pin design_1_i/top_mlp_0/inst/w_buffer_inst/mem_reg_0_0/ADDRARDADDR[12] (net: design_1_i/top_mlp_0/inst/w_buffer_inst/mem_reg_0_7_0[12]) which is driven by a register (design_1_i/top_mlp_0/inst/glbl_ctrl_inst/r_w_add_reg[12]) that has an active asychronous set or reset. This may cause corruption of the memory contents and/or read values when the set/reset is asserted and is not analyzed by the default static timing analysis. It is suggested to eliminate the use of a set/reset to registers driving this RAMB pin or else use a synchronous reset in which the assertion of the reset is timed by default.
Related violations: <none>

REQP-1839#9 Warning
RAMB36 async control check  
The RAMB36E1 design_1_i/top_mlp_0/inst/w_buffer_inst/mem_reg_0_0 has an input control pin design_1_i/top_mlp_0/inst/w_buffer_inst/mem_reg_0_0/ADDRARDADDR[13] (net: design_1_i/top_mlp_0/inst/w_buffer_inst/mem_reg_0_7_0[13]) which is driven by a register (design_1_i/top_mlp_0/inst/glbl_ctrl_inst/r_w_add_reg[13]) that has an active asychronous set or reset. This may cause corruption of the memory contents and/or read values when the set/reset is asserted and is not analyzed by the default static timing analysis. It is suggested to eliminate the use of a set/reset to registers driving this RAMB pin or else use a synchronous reset in which the assertion of the reset is timed by default.
Related violations: <none>

REQP-1839#10 Warning
RAMB36 async control check  
The RAMB36E1 design_1_i/top_mlp_0/inst/w_buffer_inst/mem_reg_0_0 has an input control pin design_1_i/top_mlp_0/inst/w_buffer_inst/mem_reg_0_0/ADDRARDADDR[14] (net: design_1_i/top_mlp_0/inst/w_buffer_inst/mem_reg_0_7_0[14]) which is driven by a register (design_1_i/top_mlp_0/inst/glbl_ctrl_inst/r_w_add_reg[14]) that has an active asychronous set or reset. This may cause corruption of the memory contents and/or read values when the set/reset is asserted and is not analyzed by the default static timing analysis. It is suggested to eliminate the use of a set/reset to registers driving this RAMB pin or else use a synchronous reset in which the assertion of the reset is timed by default.
Related violations: <none>

REQP-1839#11 Warning
RAMB36 async control check  
The RAMB36E1 design_1_i/top_mlp_0/inst/w_buffer_inst/mem_reg_0_0 has an input control pin design_1_i/top_mlp_0/inst/w_buffer_inst/mem_reg_0_0/ADDRARDADDR[1] (net: design_1_i/top_mlp_0/inst/w_buffer_inst/mem_reg_0_7_0[1]) which is driven by a register (design_1_i/top_mlp_0/inst/glbl_ctrl_inst/r_w_add_reg[1]) that has an active asychronous set or reset. This may cause corruption of the memory contents and/or read values when the set/reset is asserted and is not analyzed by the default static timing analysis. It is suggested to eliminate the use of a set/reset to registers driving this RAMB pin or else use a synchronous reset in which the assertion of the reset is timed by default.
Related violations: <none>

REQP-1839#12 Warning
RAMB36 async control check  
The RAMB36E1 design_1_i/top_mlp_0/inst/w_buffer_inst/mem_reg_0_0 has an input control pin design_1_i/top_mlp_0/inst/w_buffer_inst/mem_reg_0_0/ADDRARDADDR[2] (net: design_1_i/top_mlp_0/inst/w_buffer_inst/mem_reg_0_7_0[2]) which is driven by a register (design_1_i/top_mlp_0/inst/glbl_ctrl_inst/r_w_add_reg[2]) that has an active asychronous set or reset. This may cause corruption of the memory contents and/or read values when the set/reset is asserted and is not analyzed by the default static timing analysis. It is suggested to eliminate the use of a set/reset to registers driving this RAMB pin or else use a synchronous reset in which the assertion of the reset is timed by default.
Related violations: <none>

REQP-1839#13 Warning
RAMB36 async control check  
The RAMB36E1 design_1_i/top_mlp_0/inst/w_buffer_inst/mem_reg_0_0 has an input control pin design_1_i/top_mlp_0/inst/w_buffer_inst/mem_reg_0_0/ADDRARDADDR[3] (net: design_1_i/top_mlp_0/inst/w_buffer_inst/mem_reg_0_7_0[3]) which is driven by a register (design_1_i/top_mlp_0/inst/glbl_ctrl_inst/r_w_add_reg[3]) that has an active asychronous set or reset. This may cause corruption of the memory contents and/or read values when the set/reset is asserted and is not analyzed by the default static timing analysis. It is suggested to eliminate the use of a set/reset to registers driving this RAMB pin or else use a synchronous reset in which the assertion of the reset is timed by default.
Related violations: <none>

REQP-1839#14 Warning
RAMB36 async control check  
The RAMB36E1 design_1_i/top_mlp_0/inst/w_buffer_inst/mem_reg_0_0 has an input control pin design_1_i/top_mlp_0/inst/w_buffer_inst/mem_reg_0_0/ADDRARDADDR[4] (net: design_1_i/top_mlp_0/inst/w_buffer_inst/mem_reg_0_7_0[4]) which is driven by a register (design_1_i/top_mlp_0/inst/glbl_ctrl_inst/r_w_add_reg[4]) that has an active asychronous set or reset. This may cause corruption of the memory contents and/or read values when the set/reset is asserted and is not analyzed by the default static timing analysis. It is suggested to eliminate the use of a set/reset to registers driving this RAMB pin or else use a synchronous reset in which the assertion of the reset is timed by default.
Related violations: <none>

REQP-1839#15 Warning
RAMB36 async control check  
The RAMB36E1 design_1_i/top_mlp_0/inst/w_buffer_inst/mem_reg_0_0 has an input control pin design_1_i/top_mlp_0/inst/w_buffer_inst/mem_reg_0_0/ADDRARDADDR[5] (net: design_1_i/top_mlp_0/inst/w_buffer_inst/mem_reg_0_7_0[5]) which is driven by a register (design_1_i/top_mlp_0/inst/glbl_ctrl_inst/r_w_add_reg[5]) that has an active asychronous set or reset. This may cause corruption of the memory contents and/or read values when the set/reset is asserted and is not analyzed by the default static timing analysis. It is suggested to eliminate the use of a set/reset to registers driving this RAMB pin or else use a synchronous reset in which the assertion of the reset is timed by default.
Related violations: <none>

REQP-1839#16 Warning
RAMB36 async control check  
The RAMB36E1 design_1_i/top_mlp_0/inst/w_buffer_inst/mem_reg_0_0 has an input control pin design_1_i/top_mlp_0/inst/w_buffer_inst/mem_reg_0_0/ADDRARDADDR[6] (net: design_1_i/top_mlp_0/inst/w_buffer_inst/mem_reg_0_7_0[6]) which is driven by a register (design_1_i/top_mlp_0/inst/glbl_ctrl_inst/r_w_add_reg[6]) that has an active asychronous set or reset. This may cause corruption of the memory contents and/or read values when the set/reset is asserted and is not analyzed by the default static timing analysis. It is suggested to eliminate the use of a set/reset to registers driving this RAMB pin or else use a synchronous reset in which the assertion of the reset is timed by default.
Related violations: <none>

REQP-1839#17 Warning
RAMB36 async control check  
The RAMB36E1 design_1_i/top_mlp_0/inst/w_buffer_inst/mem_reg_0_0 has an input control pin design_1_i/top_mlp_0/inst/w_buffer_inst/mem_reg_0_0/ADDRARDADDR[7] (net: design_1_i/top_mlp_0/inst/w_buffer_inst/mem_reg_0_7_0[7]) which is driven by a register (design_1_i/top_mlp_0/inst/glbl_ctrl_inst/r_w_add_reg[7]) that has an active asychronous set or reset. This may cause corruption of the memory contents and/or read values when the set/reset is asserted and is not analyzed by the default static timing analysis. It is suggested to eliminate the use of a set/reset to registers driving this RAMB pin or else use a synchronous reset in which the assertion of the reset is timed by default.
Related violations: <none>

REQP-1839#18 Warning
RAMB36 async control check  
The RAMB36E1 design_1_i/top_mlp_0/inst/w_buffer_inst/mem_reg_0_0 has an input control pin design_1_i/top_mlp_0/inst/w_buffer_inst/mem_reg_0_0/ADDRARDADDR[8] (net: design_1_i/top_mlp_0/inst/w_buffer_inst/mem_reg_0_7_0[8]) which is driven by a register (design_1_i/top_mlp_0/inst/glbl_ctrl_inst/r_w_add_reg[8]) that has an active asychronous set or reset. This may cause corruption of the memory contents and/or read values when the set/reset is asserted and is not analyzed by the default static timing analysis. It is suggested to eliminate the use of a set/reset to registers driving this RAMB pin or else use a synchronous reset in which the assertion of the reset is timed by default.
Related violations: <none>

REQP-1839#19 Warning
RAMB36 async control check  
The RAMB36E1 design_1_i/top_mlp_0/inst/w_buffer_inst/mem_reg_0_0 has an input control pin design_1_i/top_mlp_0/inst/w_buffer_inst/mem_reg_0_0/ADDRARDADDR[9] (net: design_1_i/top_mlp_0/inst/w_buffer_inst/mem_reg_0_7_0[9]) which is driven by a register (design_1_i/top_mlp_0/inst/glbl_ctrl_inst/r_w_add_reg[9]) that has an active asychronous set or reset. This may cause corruption of the memory contents and/or read values when the set/reset is asserted and is not analyzed by the default static timing analysis. It is suggested to eliminate the use of a set/reset to registers driving this RAMB pin or else use a synchronous reset in which the assertion of the reset is timed by default.
Related violations: <none>

REQP-1839#20 Warning
RAMB36 async control check  
The RAMB36E1 design_1_i/top_mlp_0/inst/w_buffer_inst/mem_reg_0_0 has an input control pin design_1_i/top_mlp_0/inst/w_buffer_inst/mem_reg_0_0/ENARDEN (net: design_1_i/top_mlp_0/inst/w_buffer_inst/w_buf_en) which is driven by a register (design_1_i/top_mlp_0/inst/glbl_ctrl_inst/r_w_en_reg) that has an active asychronous set or reset. This may cause corruption of the memory contents and/or read values when the set/reset is asserted and is not analyzed by the default static timing analysis. It is suggested to eliminate the use of a set/reset to registers driving this RAMB pin or else use a synchronous reset in which the assertion of the reset is timed by default.
Related violations: <none>

AVAL-4#1 Advisory
enum_USE_DPORT_FALSE_enum_DREG_ADREG_0_connects_CED_CEAD_RSTD_GND  
design_1_i/top_mlp_0/inst/pu_inst/my_mac/DSP_for_MAC/U0/i_synth/i_synth_option.i_synth_model/opt_7series.i_uniwrap/i_primitive: DSP48E1 is not using the D port (USE_DPORT = FALSE). For improved power characteristics, set DREG and ADREG to '1', tie CED, CEAD, and RSTD to logic '0'.
Related violations: <none>


