#-----------------------------------------------------------
# Vivado v2023.1 (64-bit)
# SW Build 3865809 on Sun May  7 15:05:29 MDT 2023
# IP Build 3864474 on Sun May  7 20:36:21 MDT 2023
# SharedData Build 3865790 on Sun May 07 13:33:03 MDT 2023
# Start of session at: Tue Mar 11 00:51:17 2025
# Process ID: 36112
# Current directory: C:/Users/junoh/vivado23/DSD25_Termprj/00_RTL_Skeleton
# Command line: vivado.exe -gui_launcher_event rodinguilauncherevent25604 C:\Users\junoh\vivado23\DSD25_Termprj\00_RTL_Skeleton\dsd_termprj.xpr
# Log file: C:/Users/junoh/vivado23/DSD25_Termprj/00_RTL_Skeleton/vivado.log
# Journal file: C:/Users/junoh/vivado23/DSD25_Termprj/00_RTL_Skeleton\vivado.jou
# Running On: DESKTOP-RLIUS9J, OS: Windows, CPU Frequency: 3893 MHz, CPU Physical cores: 12, Host memory: 33600 MB
#-----------------------------------------------------------
start_gui
open_project C:/Users/junoh/vivado23/DSD25_Termprj/00_RTL_Skeleton/dsd_termprj.xpr
WARNING: [Board 49-26] cannot add Board Part xilinx.com:vek280_es:part0:1.0 available at C:/Xilinx/Vivado/2023.1/data/xhub/boards/XilinxBoardStore/boards/Xilinx/vek280/es/rev_a/1.0/board.xml as part xcve2802-vsvh1760-2lp-e-s-es1 specified in board_part file is either invalid or not available
WARNING: [Board 49-26] cannot add Board Part xilinx.com:vek280_es:part0:1.1 available at C:/Xilinx/Vivado/2023.1/data/xhub/boards/XilinxBoardStore/boards/Xilinx/vek280/es/rev_a/1.1/board.xml as part xcve2802-vsvh1760-2lp-e-s-es1 specified in board_part file is either invalid or not available
WARNING: [Board 49-26] cannot add Board Part xilinx.com:vek280_es_revb:part0:1.0 available at C:/Xilinx/Vivado/2023.1/data/xhub/boards/XilinxBoardStore/boards/Xilinx/vek280/es/rev_b/1.0/board.xml as part xcve2802-vsvh1760-2mp-e-s-es1 specified in board_part file is either invalid or not available
WARNING: [Board 49-26] cannot add Board Part xilinx.com:vek280_es_revb:part0:1.1 available at C:/Xilinx/Vivado/2023.1/data/xhub/boards/XilinxBoardStore/boards/Xilinx/vek280/es/rev_b/1.1/board.xml as part xcve2802-vsvh1760-2mp-e-s-es1 specified in board_part file is either invalid or not available
WARNING: [Board 49-26] cannot add Board Part xilinx.com:vhk158_es:part0:1.0 available at C:/Xilinx/Vivado/2023.1/data/xhub/boards/XilinxBoardStore/boards/Xilinx/vhk158/es/1.0/board.xml as part xcvh1582-vsva3697-2mp-e-s-es1 specified in board_part file is either invalid or not available
WARNING: [Board 49-26] cannot add Board Part xilinx.com:vhk158_es:part0:1.1 available at C:/Xilinx/Vivado/2023.1/data/xhub/boards/XilinxBoardStore/boards/Xilinx/vhk158/es/1.1/board.xml as part xcvh1582-vsva3697-2mp-e-s-es1 specified in board_part file is either invalid or not available
WARNING: [Board 49-26] cannot add Board Part xilinx.com:vpk120_es:part0:1.2 available at C:/Xilinx/Vivado/2023.1/data/xhub/boards/XilinxBoardStore/boards/Xilinx/vpk120/es/1.2/board.xml as part xcvp1202-vsva2785-2mp-e-s-es1 specified in board_part file is either invalid or not available
WARNING: [Board 49-26] cannot add Board Part xilinx.com:vpk120_es:part0:1.3 available at C:/Xilinx/Vivado/2023.1/data/xhub/boards/XilinxBoardStore/boards/Xilinx/vpk120/es/1.3/board.xml as part xcvp1202-vsva2785-2mp-e-s-es1 specified in board_part file is either invalid or not available
WARNING: [Board 49-26] cannot add Board Part xilinx.com:vpk120_es_revb:part0:1.0 available at C:/Xilinx/Vivado/2023.1/data/xhub/boards/XilinxBoardStore/boards/Xilinx/vpk120_revb/es/1.0/board.xml as part xcvp1202-vsva2785-2mp-e-s-es1 specified in board_part file is either invalid or not available
WARNING: [Board 49-26] cannot add Board Part xilinx.com:vpk120_es_revb:part0:1.1 available at C:/Xilinx/Vivado/2023.1/data/xhub/boards/XilinxBoardStore/boards/Xilinx/vpk120_revb/es/1.1/board.xml as part xcvp1202-vsva2785-2mp-e-s-es1 specified in board_part file is either invalid or not available
WARNING: [Board 49-26] cannot add Board Part xilinx.com:vpk180_es:part0:1.0 available at C:/Xilinx/Vivado/2023.1/data/xhub/boards/XilinxBoardStore/boards/Xilinx/vpk180/es/1.0/board.xml as part xcvp1802-lsvc4072-2mp-e-s-es1 specified in board_part file is either invalid or not available
WARNING: [Board 49-26] cannot add Board Part xilinx.com:vpk180_es:part0:1.1 available at C:/Xilinx/Vivado/2023.1/data/xhub/boards/XilinxBoardStore/boards/Xilinx/vpk180/es/1.1/board.xml as part xcvp1802-lsvc4072-2mp-e-s-es1 specified in board_part file is either invalid or not available
WARNING: [Board 49-26] cannot add Board Part xilinx.com:zcu208ld:part0:2.0 available at C:/Xilinx/Vivado/2023.1/data/xhub/boards/XilinxBoardStore/boards/Xilinx/zcu208ld/production/2.0/board.xml as part xczu58dr-fsvg1517-2-i specified in board_part file is either invalid or not available
WARNING: [Board 49-26] cannot add Board Part xilinx.com:zcu216ld:part0:2.0 available at C:/Xilinx/Vivado/2023.1/data/xhub/boards/XilinxBoardStore/boards/Xilinx/zcu216ld/production/2.0/board.xml as part xczu59dr-ffvf1760-2-i specified in board_part file is either invalid or not available
WARNING: [Board 49-26] cannot add Board Part xilinx.com:zcu670:part0:2.0 available at C:/Xilinx/Vivado/2023.1/data/xhub/boards/XilinxBoardStore/boards/Xilinx/zcu670/2.0/board.xml as part xczu67dr-fsve1156-2-i specified in board_part file is either invalid or not available
WARNING: [Board 49-26] cannot add Board Part xilinx.com:zcu670ld:part0:1.0 available at C:/Xilinx/Vivado/2023.1/data/xhub/boards/XilinxBoardStore/boards/Xilinx/zcu670ld/1.0/board.xml as part xczu57dr-fsve1156-2-i specified in board_part file is either invalid or not available
Scanning sources...
Finished scanning sources
INFO: [IP_Flow 19-234] Refreshing IP repositories
INFO: [IP_Flow 19-1704] No user IP repositories specified
INFO: [IP_Flow 19-2313] Loaded Vivado IP repository 'C:/Xilinx/Vivado/2023.1/data/ip'.
open_project: Time (s): cpu = 00:00:20 ; elapsed = 00:00:12 . Memory (MB): peak = 2528.055 ; gain = 453.336
update_compile_order -fileset sources_1
CRITICAL WARNING: [HDL 9-1206] Syntax error near ')' [C:/Users/junoh/vivado23/DSD25_Termprj/00_RTL_Skeleton/dsd_termprj.srcs/sources_1/new/top_mlp.v:110]
CRITICAL WARNING: [HDL 9-1206] Syntax error near ')' [C:/Users/junoh/vivado23/DSD25_Termprj/00_RTL_Skeleton/dsd_termprj.srcs/sources_1/new/top_mlp.v:110]
CRITICAL WARNING: [HDL 9-1206] Syntax error near ')' [C:/Users/junoh/vivado23/DSD25_Termprj/00_RTL_Skeleton/dsd_termprj.srcs/sources_1/new/top_mlp.v:110]
CRITICAL WARNING: [HDL 9-1206] Syntax error near ')' [C:/Users/junoh/vivado23/DSD25_Termprj/00_RTL_Skeleton/dsd_termprj.srcs/sources_1/new/top_mlp.v:110]
CRITICAL WARNING: [HDL 9-1206] Syntax error near ')' [C:/Users/junoh/vivado23/DSD25_Termprj/00_RTL_Skeleton/dsd_termprj.srcs/sources_1/new/top_mlp.v:110]
CRITICAL WARNING: [HDL 9-1206] Syntax error near ')' [C:/Users/junoh/vivado23/DSD25_Termprj/00_RTL_Skeleton/dsd_termprj.srcs/sources_1/new/top_mlp.v:110]
update_compile_order -fileset sources_1
update_compile_order -fileset sources_1
update_compile_order -fileset sources_1
export_ip_user_files -of_objects  [get_files C:/Users/junoh/vivado23/DSD25_Termprj/00_RTL_Skeleton/dsd_termprj.srcs/sources_1/new/layer.v] -no_script -reset -force -quiet
remove_files  C:/Users/junoh/vivado23/DSD25_Termprj/00_RTL_Skeleton/dsd_termprj.srcs/sources_1/new/layer.v
file delete -force C:/Users/junoh/vivado23/DSD25_Termprj/00_RTL_Skeleton/dsd_termprj.srcs/sources_1/new/layer.v
export_ip_user_files -of_objects  [get_files C:/Users/junoh/vivado23/DSD25_Termprj/00_RTL_Skeleton/dsd_termprj.srcs/sources_1/new/dequant_quant.v] -no_script -reset -force -quiet
export_ip_user_files -of_objects  [get_files C:/Users/junoh/vivado23/DSD25_Termprj/00_RTL_Skeleton/dsd_termprj.srcs/sources_1/new/local_ctrl.v] -no_script -reset -force -quiet
export_ip_user_files -of_objects  [get_files C:/Users/junoh/vivado23/DSD25_Termprj/00_RTL_Skeleton/dsd_termprj.srcs/sources_1/new/pe.v] -no_script -reset -force -quiet
export_ip_user_files -of_objects  [get_files C:/Users/junoh/vivado23/DSD25_Termprj/00_RTL_Skeleton/dsd_termprj.srcs/sources_1/new/single_port_bram_custom.v] -no_script -reset -force -quiet
export_ip_user_files -of_objects  [get_files C:/Users/junoh/vivado23/DSD25_Termprj/00_RTL_Skeleton/dsd_termprj.srcs/sources_1/new/temp_ip.v] -no_script -reset -force -quiet
remove_files  {C:/Users/junoh/vivado23/DSD25_Termprj/00_RTL_Skeleton/dsd_termprj.srcs/sources_1/new/dequant_quant.v C:/Users/junoh/vivado23/DSD25_Termprj/00_RTL_Skeleton/dsd_termprj.srcs/sources_1/new/local_ctrl.v C:/Users/junoh/vivado23/DSD25_Termprj/00_RTL_Skeleton/dsd_termprj.srcs/sources_1/new/pe.v C:/Users/junoh/vivado23/DSD25_Termprj/00_RTL_Skeleton/dsd_termprj.srcs/sources_1/new/single_port_bram_custom.v C:/Users/junoh/vivado23/DSD25_Termprj/00_RTL_Skeleton/dsd_termprj.srcs/sources_1/new/temp_ip.v}
file delete -force C:/Users/junoh/vivado23/DSD25_Termprj/00_RTL_Skeleton/dsd_termprj.srcs/sources_1/new/dequant_quant.v C:/Users/junoh/vivado23/DSD25_Termprj/00_RTL_Skeleton/dsd_termprj.srcs/sources_1/new/local_ctrl.v C:/Users/junoh/vivado23/DSD25_Termprj/00_RTL_Skeleton/dsd_termprj.srcs/sources_1/new/pe.v C:/Users/junoh/vivado23/DSD25_Termprj/00_RTL_Skeleton/dsd_termprj.srcs/sources_1/new/single_port_bram_custom.v C:/Users/junoh/vivado23/DSD25_Termprj/00_RTL_Skeleton/dsd_termprj.srcs/sources_1/new/temp_ip.v
export_ip_user_files -of_objects  [get_files C:/Users/junoh/vivado23/DSD25_Termprj/00_RTL_Skeleton/dsd_termprj.srcs/sim_1/new/tb_temp.v] -no_script -reset -force -quiet
remove_files  -fileset sim_1 C:/Users/junoh/vivado23/DSD25_Termprj/00_RTL_Skeleton/dsd_termprj.srcs/sim_1/new/tb_temp.v
file delete -force C:/Users/junoh/vivado23/DSD25_Termprj/00_RTL_Skeleton/dsd_termprj.srcs/sim_1/new/tb_temp.v
update_module_reference design_1_top_mlp_0_0
INFO: [IP_Flow 19-5107] Inferred bus interface 'rst_n' of definition 'xilinx.com:signal:reset:1.0' (from Xilinx Repository).
INFO: [IP_Flow 19-5107] Inferred bus interface 'clk' of definition 'xilinx.com:signal:clock:1.0' (from Xilinx Repository).
INFO: [IP_Flow 19-4728] Bus Interface 'rst_n': Added interface parameter 'POLARITY' with value 'ACTIVE_LOW'.
INFO: [IP_Flow 19-818] Not transferring value dependency attribute "(spirit:decode(id('MODELPARAM_VALUE.FP_BW')) * spirit:decode(id('MODELPARAM_VALUE.IN_IMG_NUM')))" into user parameter "X_BUF_DATA_WIDTH".
INFO: [IP_Flow 19-818] Not transferring value dependency attribute "(784 * spirit:decode(id('MODELPARAM_VALUE.IN_IMG_NUM')))" into user parameter "X_BUF_DEPTH".
INFO: [IP_Flow 19-818] Not transferring value dependency attribute "(spirit:decode(id('MODELPARAM_VALUE.FP_BW')) * spirit:decode(id('MODELPARAM_VALUE.IN_IMG_NUM')))" into user parameter "W_BUF_DATA_WIDTH".
INFO: [IP_Flow 19-818] Not transferring value dependency attribute "(784 * spirit:decode(id('MODELPARAM_VALUE.IN_IMG_NUM')))" into user parameter "W_BUF_DEPTH".
INFO: [IP_Flow 19-818] Not transferring value dependency attribute "((10 * spirit:decode(id('MODELPARAM_VALUE.IN_IMG_NUM'))) * 4)" into user parameter "Y_BUF_DEPTH".
WARNING: [IP_Flow 19-5661] Bus Interface 'clk' does not have any bus interfaces associated with it.
WARNING: [IP_Flow 19-11770] Clock interface 'clk' has no FREQ_HZ parameter.
INFO: [IP_Flow 19-5107] Inferred bus interface 'rst_n' of definition 'xilinx.com:signal:reset:1.0' (from Xilinx Repository).
INFO: [IP_Flow 19-5107] Inferred bus interface 'clk' of definition 'xilinx.com:signal:clock:1.0' (from Xilinx Repository).
INFO: [IP_Flow 19-4728] Bus Interface 'rst_n': Added interface parameter 'POLARITY' with value 'ACTIVE_LOW'.
INFO: [IP_Flow 19-818] Not transferring value dependency attribute "(spirit:decode(id('MODELPARAM_VALUE.FP_BW')) * spirit:decode(id('MODELPARAM_VALUE.IN_IMG_NUM')))" into user parameter "X_BUF_DATA_WIDTH".
INFO: [IP_Flow 19-818] Not transferring value dependency attribute "(784 * spirit:decode(id('MODELPARAM_VALUE.IN_IMG_NUM')))" into user parameter "X_BUF_DEPTH".
INFO: [IP_Flow 19-818] Not transferring value dependency attribute "(spirit:decode(id('MODELPARAM_VALUE.FP_BW')) * spirit:decode(id('MODELPARAM_VALUE.IN_IMG_NUM')))" into user parameter "W_BUF_DATA_WIDTH".
INFO: [IP_Flow 19-818] Not transferring value dependency attribute "(784 * spirit:decode(id('MODELPARAM_VALUE.IN_IMG_NUM')))" into user parameter "W_BUF_DEPTH".
INFO: [IP_Flow 19-818] Not transferring value dependency attribute "((10 * spirit:decode(id('MODELPARAM_VALUE.IN_IMG_NUM'))) * 4)" into user parameter "Y_BUF_DEPTH".
WARNING: [IP_Flow 19-5661] Bus Interface 'clk' does not have any bus interfaces associated with it.
WARNING: [IP_Flow 19-11770] Clock interface 'clk' has no FREQ_HZ parameter.
Reading block design file <C:/Users/junoh/vivado23/DSD25_Termprj/00_RTL_Skeleton/dsd_termprj.srcs/sources_1/bd/design_1/design_1.bd>...
Adding component instance block -- xilinx.com:ip:processing_system7:5.5 - processing_system7_0
Adding component instance block -- xilinx.com:ip:smartconnect:1.0 - smartconnect_0
Adding component instance block -- xilinx.com:ip:axi_bram_ctrl:4.1 - axi_bram_ctrl_0
Adding component instance block -- xilinx.com:ip:blk_mem_gen:8.4 - blk_mem_gen_0
Adding component instance block -- xilinx.com:module_ref:top_mlp:1.0 - top_mlp_0
Successfully read diagram <design_1> from block design file <C:/Users/junoh/vivado23/DSD25_Termprj/00_RTL_Skeleton/dsd_termprj.srcs/sources_1/bd/design_1/design_1.bd>
Upgrading 'C:/Users/junoh/vivado23/DSD25_Termprj/00_RTL_Skeleton/dsd_termprj.srcs/sources_1/bd/design_1/design_1.bd'
INFO: [IP_Flow 19-3420] Updated design_1_top_mlp_0_0 to use current project options
Wrote  : <C:\Users\junoh\vivado23\DSD25_Termprj\00_RTL_Skeleton\dsd_termprj.srcs\sources_1\bd\design_1\design_1.bd> 
upgrade_ip: Time (s): cpu = 00:00:07 ; elapsed = 00:00:06 . Memory (MB): peak = 2706.586 ; gain = 130.766
update_module_reference: Time (s): cpu = 00:00:07 ; elapsed = 00:00:06 . Memory (MB): peak = 2706.586 ; gain = 130.766
exit
INFO: [Common 17-206] Exiting Vivado at Tue Mar 11 01:01:00 2025...
