Time resolution is 1 ps
Time 185925000: y_buf_data = -11576, 	addr = 0
Time 186575000: y_buf_data = -1247, 	addr = 4
Time 187225000: y_buf_data = 34345, 	addr = 8
Time 187875000: y_buf_data = 9805, 	addr = 12
Time 188525000: y_buf_data = -42461, 	addr = 16
Time 189175000: y_buf_data = -4766, 	addr = 20
Time 189825000: y_buf_data = -8336, 	addr = 24
Time 190475000: y_buf_data = -25177, 	addr = 28
Time 191125000: y_buf_data = -1217, 	addr = 32
Time 191775000: y_buf_data = -45985, 	addr = 36
Time 377705000: y_buf_data = -19407, 	addr = 40
Time 378355000: y_buf_data = 13351, 	addr = 44
Time 379005000: y_buf_data = -7164, 	addr = 48
Time 379655000: y_buf_data = -5901, 	addr = 52
Time 380305000: y_buf_data = -10381, 	addr = 56
Time 380955000: y_buf_data = -1228, 	addr = 60
Time 381605000: y_buf_data = 888, 	addr = 64
Time 382255000: y_buf_data = -5263, 	addr = 68
Time 382905000: y_buf_data = 4758, 	addr = 72
Time 383555000: y_buf_data = -16765, 	addr = 76
Time 569485000: y_buf_data = 37380, 	addr = 80
Time 570135000: y_buf_data = -25913, 	addr = 84
Time 570785000: y_buf_data = -5961, 	addr = 88
Time 571435000: y_buf_data = -11036, 	addr = 92
Time 572085000: y_buf_data = -15441, 	addr = 96
Time 572735000: y_buf_data = -7576, 	addr = 100
Time 573385000: y_buf_data = 5538, 	addr = 104
Time 574035000: y_buf_data = -16407, 	addr = 108
Time 574685000: y_buf_data = -10822, 	addr = 112
Time 575335000: y_buf_data = -7577, 	addr = 116
Time 761265000: y_buf_data = -8661, 	addr = 120
Time 761915000: y_buf_data = -24427, 	addr = 124
Time 762565000: y_buf_data = -8151, 	addr = 128
Time 763215000: y_buf_data = -13316, 	addr = 132
Time 763865000: y_buf_data = 21364, 	addr = 136
Time 764515000: y_buf_data = -13552, 	addr = 140
Time 765165000: y_buf_data = -5739, 	addr = 144
Time 765815000: y_buf_data = -1384, 	addr = 148
Time 766465000: y_buf_data = -3391, 	addr = 152
Time 767115000: y_buf_data = 12471, 	addr = 156
Time 953045000: y_buf_data = -20535, 	addr = 160
Time 953695000: y_buf_data = 19182, 	addr = 164
Time 954345000: y_buf_data = -9473, 	addr = 168
Time 954995000: y_buf_data = -5950, 	addr = 172
Time 955645000: y_buf_data = -15268, 	addr = 176
Time 956295000: y_buf_data = -14349, 	addr = 180
Time 956945000: y_buf_data = -6989, 	addr = 184
Time 957595000: y_buf_data = 632, 	addr = 188
Time 958245000: y_buf_data = 4142, 	addr = 192
Time 958895000: y_buf_data = -18991, 	addr = 196
Time 1144825000: y_buf_data = -41125, 	addr = 200
Time 1145475000: y_buf_data = -13213, 	addr = 204
Time 1146125000: y_buf_data = -11169, 	addr = 208
Time 1146775000: y_buf_data = -15338, 	addr = 212
Time 1147425000: y_buf_data = 19244, 	addr = 216
Time 1148075000: y_buf_data = -1722, 	addr = 220
Time 1148725000: y_buf_data = -18126, 	addr = 224
Time 1149375000: y_buf_data = -721, 	addr = 228
Time 1150025000: y_buf_data = 441, 	addr = 232
Time 1150675000: y_buf_data = -10301, 	addr = 236
Time 1336605000: y_buf_data = -25401, 	addr = 240
Time 1337255000: y_buf_data = -25821, 	addr = 244
Time 1337905000: y_buf_data = -5433, 	addr = 248
Time 1338555000: y_buf_data = 5839, 	addr = 252
Time 1339205000: y_buf_data = -6487, 	addr = 256
Time 1339855000: y_buf_data = -3925, 	addr = 260
Time 1340505000: y_buf_data = -58595, 	addr = 264
Time 1341155000: y_buf_data = 18363, 	addr = 268
Time 1341805000: y_buf_data = -16381, 	addr = 272
Time 1342455000: y_buf_data = 29775, 	addr = 276
Time 1528385000: y_buf_data = -36730, 	addr = 280
Time 1529035000: y_buf_data = -41118, 	addr = 284
Time 1529685000: y_buf_data = -4838, 	addr = 288
Time 1530335000: y_buf_data = -25890, 	addr = 292
Time 1530985000: y_buf_data = -14876, 	addr = 296
Time 1531635000: y_buf_data = 20028, 	addr = 300
Time 1532285000: y_buf_data = 23993, 	addr = 304
Time 1532935000: y_buf_data = -35186, 	addr = 308
Time 1533585000: y_buf_data = 15865, 	addr = 312
Time 1534235000: y_buf_data = -20405, 	addr = 316
Time 1720165000: y_buf_data = -46252, 	addr = 320
Time 1720815000: y_buf_data = -30784, 	addr = 324
Time 1721465000: y_buf_data = -5449, 	addr = 328
Time 1722115000: y_buf_data = -2709, 	addr = 332
Time 1722765000: y_buf_data = 14725, 	addr = 336
Time 1723415000: y_buf_data = -23968, 	addr = 340
Time 1724065000: y_buf_data = -59621, 	addr = 344
Time 1724715000: y_buf_data = 19996, 	addr = 348
Time 1725365000: y_buf_data = 4636, 	addr = 352
Time 1726015000: y_buf_data = 33038, 	addr = 356
Time 1911945000: y_buf_data = 35360, 	addr = 360
Time 1912595000: y_buf_data = -23623, 	addr = 364
Time 1913245000: y_buf_data = 3139, 	addr = 368
Time 1913895000: y_buf_data = -7040, 	addr = 372
Time 1914545000: y_buf_data = -30146, 	addr = 376
Time 1915195000: y_buf_data = -920, 	addr = 380
Time 1915845000: y_buf_data = 4001, 	addr = 384
Time 1916495000: y_buf_data = -23640, 	addr = 388
Time 1917145000: y_buf_data = -5608, 	addr = 392
Time 1917795000: y_buf_data = -11511, 	addr = 396
Simulation finished.
$stop called at time : 1917815 ns : File "C:/Users/joshu/Documents/DSD25_Termproject_Materials_Updated250519/00_RTL_Skeleton/dsd_termprj.srcs/sim_1/imports/new/tb_top.v" Line 76
