
*** Running vivado
    with args -log design_1_top_mlp_0_0.vds -m64 -product Vivado -mode batch -messageDb vivado.pb -notrace -source design_1_top_mlp_0_0.tcl


ECHO가 설정되어 있지 않습니다.
ECHO가 설정되어 있지 않습니다.

****** Vivado v2023.1 (64-bit)
  **** SW Build 3865809 on Sun May  7 15:05:29 MDT 2023
  **** IP Build 3864474 on Sun May  7 20:36:21 MDT 2023
  **** SharedData Build 3865790 on Sun May 07 13:33:03 MDT 2023
    ** Copyright 1986-2022 Xilinx, Inc. All Rights Reserved.
    ** Copyright 2022-2023 Advanced Micro Devices, Inc. All Rights Reserved.

source design_1_top_mlp_0_0.tcl -notrace
create_project: Time (s): cpu = 00:00:05 ; elapsed = 00:00:06 . Memory (MB): peak = 456.539 ; gain = 158.699
INFO: [IP_Flow 19-234] Refreshing IP repositories
INFO: [IP_Flow 19-1704] No user IP repositories specified
INFO: [IP_Flow 19-2313] Loaded Vivado IP repository 'C:/Xilinx/Vivado/2023.1/data/ip'.
WARNING: [IP_Flow 19-4995] The host OS only allows 260 characters in a normal path. The IP cache path is more than 80 characters. If you experience issues with IP caching, please consider changing the IP cache to a location with a shorter path. Alternately consider using the OS subst command to map part of the path to a drive letter. 
Current IP cache path is c:/Users/joshu/Documents/DSD25_Termproject_Materials_Updated250519/00_RTL_Skeleton/dsd_termprj.cache/ip 
Command: synth_design -top design_1_top_mlp_0_0 -part xc7z020clg400-1 -incremental_mode off -mode out_of_context
Starting synth_design
Attempting to get a license for feature 'Synthesis' and/or device 'xc7z020'
INFO: [Common 17-349] Got license for feature 'Synthesis' and/or device 'xc7z020'
INFO: [Device 21-403] Loading part xc7z020clg400-1
INFO: [Synth 8-7079] Multithreading enabled for synth_design using a maximum of 2 processes.
INFO: [Synth 8-7078] Launching helper process for spawning children vivado processes
INFO: [Synth 8-7075] Helper process launched with PID 54448
---------------------------------------------------------------------------------
Starting RTL Elaboration : Time (s): cpu = 00:00:04 ; elapsed = 00:00:04 . Memory (MB): peak = 1312.684 ; gain = 409.617
---------------------------------------------------------------------------------
INFO: [Synth 8-6157] synthesizing module 'design_1_top_mlp_0_0' [c:/Users/joshu/Documents/DSD25_Termproject_Materials_Updated250519/00_RTL_Skeleton/dsd_termprj.gen/sources_1/bd/design_1/ip/design_1_top_mlp_0_0/synth/design_1_top_mlp_0_0.v:53]
INFO: [Synth 8-6157] synthesizing module 'top_mlp' [C:/Users/joshu/Documents/DSD25_Termproject_Materials_Updated250519/00_RTL_Skeleton/dsd_termprj.srcs/sources_1/imports/sources_1/new/top_mlp.v:3]
INFO: [Synth 8-6157] synthesizing module 'glbl_ctrl' [C:/Users/joshu/Documents/DSD25_Termproject_Materials_Updated250519/00_RTL_Skeleton/dsd_termprj.srcs/sources_1/imports/sources_1/new/glbl_ctrl.v:1]
INFO: [Synth 8-6155] done synthesizing module 'glbl_ctrl' (0#1) [C:/Users/joshu/Documents/DSD25_Termproject_Materials_Updated250519/00_RTL_Skeleton/dsd_termprj.srcs/sources_1/imports/sources_1/new/glbl_ctrl.v:1]
WARNING: [Synth 8-689] width (13) of port connection 'x_buf_addr' does not match port width (32) of module 'glbl_ctrl' [C:/Users/joshu/Documents/DSD25_Termproject_Materials_Updated250519/00_RTL_Skeleton/dsd_termprj.srcs/sources_1/imports/sources_1/new/top_mlp.v:67]
WARNING: [Synth 8-689] width (15) of port connection 'w_buf_addr' does not match port width (32) of module 'glbl_ctrl' [C:/Users/joshu/Documents/DSD25_Termproject_Materials_Updated250519/00_RTL_Skeleton/dsd_termprj.srcs/sources_1/imports/sources_1/new/top_mlp.v:70]
INFO: [Synth 8-6157] synthesizing module 'pu' [C:/Users/joshu/Documents/DSD25_Termproject_Materials_Updated250519/00_RTL_Skeleton/dsd_termprj.srcs/sources_1/imports/sources_1/new/pu.v:1]
INFO: [Synth 8-6157] synthesizing module 'MAC_ver2' [C:/Users/joshu/Documents/DSD25_Termproject_Materials_Updated250519/00_RTL_Skeleton/dsd_termprj.srcs/sources_1/imports/sources_1/imports/source/MAC_ver2.v:1]
INFO: [Synth 8-6157] synthesizing module 'dsp_macro_0' [C:/Users/joshu/Documents/DSD25_Termproject_Materials_Updated250519/00_RTL_Skeleton/dsd_termprj.runs/design_1_top_mlp_0_0_synth_1/.Xil/Vivado-63380-Jip_desktop/realtime/dsp_macro_0_stub.v:6]
INFO: [Synth 8-6155] done synthesizing module 'dsp_macro_0' (0#1) [C:/Users/joshu/Documents/DSD25_Termproject_Materials_Updated250519/00_RTL_Skeleton/dsd_termprj.runs/design_1_top_mlp_0_0_synth_1/.Xil/Vivado-63380-Jip_desktop/realtime/dsp_macro_0_stub.v:6]
INFO: [Synth 8-6155] done synthesizing module 'MAC_ver2' (0#1) [C:/Users/joshu/Documents/DSD25_Termproject_Materials_Updated250519/00_RTL_Skeleton/dsd_termprj.srcs/sources_1/imports/sources_1/imports/source/MAC_ver2.v:1]
INFO: [Synth 8-6157] synthesizing module 'last_pu' [C:/Users/joshu/Documents/DSD25_Termproject_Materials_Updated250519/00_RTL_Skeleton/dsd_termprj.srcs/sources_1/imports/sources_1/imports/source/last_pu.v:3]
INFO: [Synth 8-6155] done synthesizing module 'last_pu' (0#1) [C:/Users/joshu/Documents/DSD25_Termproject_Materials_Updated250519/00_RTL_Skeleton/dsd_termprj.srcs/sources_1/imports/sources_1/imports/source/last_pu.v:3]
INFO: [Synth 8-226] default block is never used [C:/Users/joshu/Documents/DSD25_Termproject_Materials_Updated250519/00_RTL_Skeleton/dsd_termprj.srcs/sources_1/imports/sources_1/new/pu.v:122]
INFO: [Synth 8-6157] synthesizing module 'post_input' [C:/Users/joshu/Documents/DSD25_Termproject_Materials_Updated250519/00_RTL_Skeleton/dsd_termprj.srcs/sources_1/imports/sources_1/imports/source/post_input.v:2]
INFO: [Synth 8-6155] done synthesizing module 'post_input' (0#1) [C:/Users/joshu/Documents/DSD25_Termproject_Materials_Updated250519/00_RTL_Skeleton/dsd_termprj.srcs/sources_1/imports/sources_1/imports/source/post_input.v:2]
INFO: [Synth 8-6155] done synthesizing module 'pu' (0#1) [C:/Users/joshu/Documents/DSD25_Termproject_Materials_Updated250519/00_RTL_Skeleton/dsd_termprj.srcs/sources_1/imports/sources_1/new/pu.v:1]
WARNING: [Synth 8-689] width (13) of port connection 'local_buf_addr' does not match port width (7) of module 'pu' [C:/Users/joshu/Documents/DSD25_Termproject_Materials_Updated250519/00_RTL_Skeleton/dsd_termprj.srcs/sources_1/imports/sources_1/new/top_mlp.v:99]
INFO: [Synth 8-6157] synthesizing module 'single_port_bram' [C:/Users/joshu/Documents/DSD25_Termproject_Materials_Updated250519/00_RTL_Skeleton/dsd_termprj.srcs/sources_1/imports/sources_1/new/single_port_bram.v:18]
INFO: [Synth 8-3876] $readmem data file 'C:/Users/joshu/Documents/DSD25_Termproject_Materials/00_RTL_Skeleton/x.txt' is read successfully [C:/Users/joshu/Documents/DSD25_Termproject_Materials_Updated250519/00_RTL_Skeleton/dsd_termprj.srcs/sources_1/imports/sources_1/new/single_port_bram.v:36]
INFO: [Synth 8-6155] done synthesizing module 'single_port_bram' (0#1) [C:/Users/joshu/Documents/DSD25_Termproject_Materials_Updated250519/00_RTL_Skeleton/dsd_termprj.srcs/sources_1/imports/sources_1/new/single_port_bram.v:18]
INFO: [Synth 8-6157] synthesizing module 'single_port_bram__parameterized0' [C:/Users/joshu/Documents/DSD25_Termproject_Materials_Updated250519/00_RTL_Skeleton/dsd_termprj.srcs/sources_1/imports/sources_1/new/single_port_bram.v:18]
INFO: [Synth 8-3876] $readmem data file 'C:/Users/joshu/Documents/DSD25_Termproject_Materials/00_RTL_Skeleton/w.txt' is read successfully [C:/Users/joshu/Documents/DSD25_Termproject_Materials_Updated250519/00_RTL_Skeleton/dsd_termprj.srcs/sources_1/imports/sources_1/new/single_port_bram.v:36]
INFO: [Synth 8-6155] done synthesizing module 'single_port_bram__parameterized0' (0#1) [C:/Users/joshu/Documents/DSD25_Termproject_Materials_Updated250519/00_RTL_Skeleton/dsd_termprj.srcs/sources_1/imports/sources_1/new/single_port_bram.v:18]
INFO: [Synth 8-6155] done synthesizing module 'top_mlp' (0#1) [C:/Users/joshu/Documents/DSD25_Termproject_Materials_Updated250519/00_RTL_Skeleton/dsd_termprj.srcs/sources_1/imports/sources_1/new/top_mlp.v:3]
INFO: [Synth 8-6155] done synthesizing module 'design_1_top_mlp_0_0' (0#1) [c:/Users/joshu/Documents/DSD25_Termproject_Materials_Updated250519/00_RTL_Skeleton/dsd_termprj.gen/sources_1/bd/design_1/ip/design_1_top_mlp_0_0/synth/design_1_top_mlp_0_0.v:53]
WARNING: [Synth 8-7137] Register r_x_add_pipeline1_reg in module glbl_ctrl has both Set and reset with same priority. This may cause simulation mismatches. Consider rewriting code  [C:/Users/joshu/Documents/DSD25_Termproject_Materials_Updated250519/00_RTL_Skeleton/dsd_termprj.srcs/sources_1/imports/sources_1/new/glbl_ctrl.v:162]
WARNING: [Synth 8-7137] Register r_x_add_pipeline2_reg in module glbl_ctrl has both Set and reset with same priority. This may cause simulation mismatches. Consider rewriting code  [C:/Users/joshu/Documents/DSD25_Termproject_Materials_Updated250519/00_RTL_Skeleton/dsd_termprj.srcs/sources_1/imports/sources_1/new/glbl_ctrl.v:163]
WARNING: [Synth 8-6014] Unused sequential element local_buffer_cal_reg[128] was removed.  [C:/Users/joshu/Documents/DSD25_Termproject_Materials_Updated250519/00_RTL_Skeleton/dsd_termprj.srcs/sources_1/imports/sources_1/new/pu.v:59]
WARNING: [Synth 8-6014] Unused sequential element local_buffer_reg[128] was removed.  [C:/Users/joshu/Documents/DSD25_Termproject_Materials_Updated250519/00_RTL_Skeleton/dsd_termprj.srcs/sources_1/imports/sources_1/new/pu.v:60]
WARNING: [Synth 8-7137] Register r_y_buf_addr_reg in module pu has both Set and reset with same priority. This may cause simulation mismatches. Consider rewriting code  [C:/Users/joshu/Documents/DSD25_Termproject_Materials_Updated250519/00_RTL_Skeleton/dsd_termprj.srcs/sources_1/imports/sources_1/new/pu.v:48]
WARNING: [Synth 8-7137] Register local_buffer_delay_reg in module pu has both Set and reset with same priority. This may cause simulation mismatches. Consider rewriting code  [C:/Users/joshu/Documents/DSD25_Termproject_Materials_Updated250519/00_RTL_Skeleton/dsd_termprj.srcs/sources_1/imports/sources_1/new/pu.v:51]
---------------------------------------------------------------------------------
Finished RTL Elaboration : Time (s): cpu = 00:00:06 ; elapsed = 00:00:06 . Memory (MB): peak = 1497.379 ; gain = 594.312
---------------------------------------------------------------------------------
---------------------------------------------------------------------------------
Start Handling Custom Attributes
---------------------------------------------------------------------------------
---------------------------------------------------------------------------------
Finished Handling Custom Attributes : Time (s): cpu = 00:00:06 ; elapsed = 00:00:06 . Memory (MB): peak = 1497.379 ; gain = 594.312
---------------------------------------------------------------------------------
---------------------------------------------------------------------------------
Finished RTL Optimization Phase 1 : Time (s): cpu = 00:00:06 ; elapsed = 00:00:06 . Memory (MB): peak = 1497.379 ; gain = 594.312
---------------------------------------------------------------------------------
Netlist sorting complete. Time (s): cpu = 00:00:00 ; elapsed = 00:00:00.025 . Memory (MB): peak = 1497.379 ; gain = 0.000
INFO: [Project 1-570] Preparing netlist for logic optimization

Processing XDC Constraints
Initializing timing engine
Parsing XDC File [c:/Users/joshu/Documents/DSD25_Termproject_Materials_Updated250519/00_RTL_Skeleton/dsd_termprj.gen/sources_1/ip/dsp_macro_0/dsp_macro_0/dsp_macro_0_in_context.xdc] for cell 'inst/pu_inst/my_mac/DSP_for_MAC'
Finished Parsing XDC File [c:/Users/joshu/Documents/DSD25_Termproject_Materials_Updated250519/00_RTL_Skeleton/dsd_termprj.gen/sources_1/ip/dsp_macro_0/dsp_macro_0/dsp_macro_0_in_context.xdc] for cell 'inst/pu_inst/my_mac/DSP_for_MAC'
Parsing XDC File [c:/Users/joshu/Documents/DSD25_Termproject_Materials_Updated250519/00_RTL_Skeleton/dsd_termprj.gen/sources_1/bd/design_1/ip/design_1_top_mlp_0_0/design_1_top_mlp_0_0_ooc.xdc] for cell 'inst'
Finished Parsing XDC File [c:/Users/joshu/Documents/DSD25_Termproject_Materials_Updated250519/00_RTL_Skeleton/dsd_termprj.gen/sources_1/bd/design_1/ip/design_1_top_mlp_0_0/design_1_top_mlp_0_0_ooc.xdc] for cell 'inst'
Parsing XDC File [C:/Users/joshu/Documents/DSD25_Termproject_Materials_Updated250519/00_RTL_Skeleton/dsd_termprj.runs/design_1_top_mlp_0_0_synth_1/dont_touch.xdc]
Finished Parsing XDC File [C:/Users/joshu/Documents/DSD25_Termproject_Materials_Updated250519/00_RTL_Skeleton/dsd_termprj.runs/design_1_top_mlp_0_0_synth_1/dont_touch.xdc]
Completed Processing XDC Constraints

Netlist sorting complete. Time (s): cpu = 00:00:00 ; elapsed = 00:00:00.001 . Memory (MB): peak = 1603.680 ; gain = 0.000
INFO: [Project 1-111] Unisim Transformation Summary:
No Unisim elements were transformed.

Constraint Validation Runtime : Time (s): cpu = 00:00:01 ; elapsed = 00:00:00.050 . Memory (MB): peak = 1603.859 ; gain = 0.180
INFO: [Designutils 20-5008] Incremental synthesis strategy off
---------------------------------------------------------------------------------
Finished Constraint Validation : Time (s): cpu = 00:00:11 ; elapsed = 00:00:12 . Memory (MB): peak = 1603.859 ; gain = 700.793
---------------------------------------------------------------------------------
---------------------------------------------------------------------------------
Start Loading Part and Timing Information
---------------------------------------------------------------------------------
Loading part: xc7z020clg400-1
---------------------------------------------------------------------------------
Finished Loading Part and Timing Information : Time (s): cpu = 00:00:11 ; elapsed = 00:00:12 . Memory (MB): peak = 1603.859 ; gain = 700.793
---------------------------------------------------------------------------------
---------------------------------------------------------------------------------
Start Applying 'set_property' XDC Constraints
---------------------------------------------------------------------------------
Applied set_property KEEP_HIERARCHY = SOFT for inst. (constraint file  C:/Users/joshu/Documents/DSD25_Termproject_Materials_Updated250519/00_RTL_Skeleton/dsd_termprj.runs/design_1_top_mlp_0_0_synth_1/dont_touch.xdc, line 12).
Applied set_property KEEP_HIERARCHY = SOFT for inst/pu_inst/my_mac/DSP_for_MAC. (constraint file  auto generated constraint).
---------------------------------------------------------------------------------
Finished applying 'set_property' XDC Constraints : Time (s): cpu = 00:00:11 ; elapsed = 00:00:12 . Memory (MB): peak = 1603.859 ; gain = 700.793
---------------------------------------------------------------------------------
WARNING: [Synth 8-327] inferring latch for variable 'ns_reg' [C:/Users/joshu/Documents/DSD25_Termproject_Materials_Updated250519/00_RTL_Skeleton/dsd_termprj.srcs/sources_1/imports/sources_1/new/glbl_ctrl.v:92]
---------------------------------------------------------------------------------
Finished RTL Optimization Phase 2 : Time (s): cpu = 00:00:13 ; elapsed = 00:00:14 . Memory (MB): peak = 1603.859 ; gain = 700.793
---------------------------------------------------------------------------------
---------------------------------------------------------------------------------
Start RTL Component Statistics 
---------------------------------------------------------------------------------
Detailed RTL Component Info : 
+---Adders : 
	   2 Input   64 Bit       Adders := 1     
	   2 Input   32 Bit       Adders := 2     
	   2 Input   14 Bit       Adders := 1     
	   2 Input    9 Bit       Adders := 1     
	   2 Input    8 Bit       Adders := 3     
	   2 Input    5 Bit       Adders := 1     
	   2 Input    4 Bit       Adders := 1     
+---Registers : 
	               64 Bit    Registers := 1     
	               32 Bit    Registers := 5     
	               31 Bit    Registers := 1     
	               13 Bit    Registers := 2     
	                9 Bit    Registers := 1     
	                8 Bit    Registers := 264   
	                5 Bit    Registers := 1     
	                4 Bit    Registers := 3     
	                2 Bit    Registers := 1     
	                1 Bit    Registers := 9     
+---Multipliers : 
	              32x32  Multipliers := 1     
+---RAMs : 
	             133K Bit	(17053 X 8 bit)          RAMs := 1     
	              61K Bit	(7840 X 8 bit)          RAMs := 1     
+---Muxes : 
	   2 Input   32 Bit        Muxes := 12    
	   2 Input   31 Bit        Muxes := 1     
	   4 Input   17 Bit        Muxes := 1     
	  11 Input   13 Bit        Muxes := 2     
	   2 Input    8 Bit        Muxes := 13    
	  11 Input    5 Bit        Muxes := 1     
	  11 Input    4 Bit        Muxes := 1     
	   2 Input    4 Bit        Muxes := 2     
	   3 Input    4 Bit        Muxes := 1     
	   2 Input    3 Bit        Muxes := 2     
	  11 Input    2 Bit        Muxes := 1     
	   2 Input    2 Bit        Muxes := 1     
	  11 Input    1 Bit        Muxes := 11    
	   2 Input    1 Bit        Muxes := 281   
---------------------------------------------------------------------------------
Finished RTL Component Statistics 
---------------------------------------------------------------------------------
---------------------------------------------------------------------------------
Start Part Resource Summary
---------------------------------------------------------------------------------
Part Resources:
DSPs: 220 (col length:60)
BRAMs: 280 (col length: RAMB18 60 RAMB36 30)
---------------------------------------------------------------------------------
Finished Part Resource Summary
---------------------------------------------------------------------------------
---------------------------------------------------------------------------------
Start Cross Boundary and Area Optimization
---------------------------------------------------------------------------------
WARNING: [Synth 8-7080] Parallel synthesis criteria is not met
WARNING: [Synth 8-3936] Found unconnected internal register 'uut1/scaled1_reg' and it is trimmed from '64' to '48' bits. [C:/Users/joshu/Documents/DSD25_Termproject_Materials_Updated250519/00_RTL_Skeleton/dsd_termprj.srcs/sources_1/imports/sources_1/imports/source/last_pu.v:22]
DSP Report: Generating DSP uut1/scaled10, operation Mode is: A*B2.
DSP Report: register uut1/scaled10 is absorbed into DSP uut1/scaled10.
DSP Report: operator uut1/scaled10 is absorbed into DSP uut1/scaled10.
DSP Report: operator uut1/scaled10 is absorbed into DSP uut1/scaled10.
DSP Report: Generating DSP uut1/scaled1_reg, operation Mode is: (PCIN>>17)+A*B.
DSP Report: register uut1/scaled1_reg is absorbed into DSP uut1/scaled1_reg.
DSP Report: operator uut1/scaled10 is absorbed into DSP uut1/scaled1_reg.
DSP Report: operator uut1/scaled10 is absorbed into DSP uut1/scaled1_reg.
DSP Report: Generating DSP glbl_ctrl_inst/r_x_add_pipeline10, operation Mode is: (C:0xb)+(A:0x310)*B.
DSP Report: operator glbl_ctrl_inst/r_x_add_pipeline10 is absorbed into DSP glbl_ctrl_inst/r_x_add_pipeline10.
DSP Report: operator glbl_ctrl_inst/r_x_add0 is absorbed into DSP glbl_ctrl_inst/r_x_add_pipeline10.
DSP Report: Generating DSP glbl_ctrl_inst/r_x_add0, operation Mode is: (A:0x310)*B.
DSP Report: operator glbl_ctrl_inst/r_x_add0 is absorbed into DSP glbl_ctrl_inst/r_x_add0.
WARNING: [Synth 8-3332] Sequential element (pu_inst/uut1/scaled1_reg[47]) is unused and will be removed from module top_mlp.
WARNING: [Synth 8-3332] Sequential element (pu_inst/uut1/scaled1_reg[46]) is unused and will be removed from module top_mlp.
WARNING: [Synth 8-3332] Sequential element (pu_inst/uut1/scaled1_reg[45]) is unused and will be removed from module top_mlp.
WARNING: [Synth 8-3332] Sequential element (pu_inst/uut1/scaled1_reg[44]) is unused and will be removed from module top_mlp.
WARNING: [Synth 8-3332] Sequential element (pu_inst/uut1/scaled1_reg[43]) is unused and will be removed from module top_mlp.
WARNING: [Synth 8-3332] Sequential element (pu_inst/uut1/scaled1_reg[42]) is unused and will be removed from module top_mlp.
WARNING: [Synth 8-3332] Sequential element (pu_inst/uut1/scaled1_reg[41]) is unused and will be removed from module top_mlp.
WARNING: [Synth 8-3332] Sequential element (pu_inst/uut1/scaled1_reg[40]) is unused and will be removed from module top_mlp.
WARNING: [Synth 8-3332] Sequential element (pu_inst/uut1/scaled1_reg[39]) is unused and will be removed from module top_mlp.
WARNING: [Synth 8-3332] Sequential element (pu_inst/uut1/scaled1_reg[38]) is unused and will be removed from module top_mlp.
WARNING: [Synth 8-3332] Sequential element (pu_inst/uut1/scaled1_reg[37]) is unused and will be removed from module top_mlp.
WARNING: [Synth 8-3332] Sequential element (pu_inst/uut1/scaled1_reg[36]) is unused and will be removed from module top_mlp.
WARNING: [Synth 8-3332] Sequential element (pu_inst/uut1/scaled1_reg[35]) is unused and will be removed from module top_mlp.
WARNING: [Synth 8-3332] Sequential element (pu_inst/uut1/scaled1_reg[34]) is unused and will be removed from module top_mlp.
WARNING: [Synth 8-3332] Sequential element (pu_inst/uut1/scaled1_reg[33]) is unused and will be removed from module top_mlp.
WARNING: [Synth 8-3332] Sequential element (pu_inst/uut1/scaled1_reg[32]) is unused and will be removed from module top_mlp.
WARNING: [Synth 8-3332] Sequential element (pu_inst/uut1/scaled1_reg[31]) is unused and will be removed from module top_mlp.
WARNING: [Synth 8-3332] Sequential element (pu_inst/uut1/scaled1_reg[30]) is unused and will be removed from module top_mlp.
WARNING: [Synth 8-3332] Sequential element (pu_inst/uut1/scaled1_reg[29]) is unused and will be removed from module top_mlp.
WARNING: [Synth 8-3332] Sequential element (pu_inst/uut1/scaled1_reg[28]) is unused and will be removed from module top_mlp.
WARNING: [Synth 8-3332] Sequential element (pu_inst/uut1/scaled1_reg[27]) is unused and will be removed from module top_mlp.
WARNING: [Synth 8-3332] Sequential element (pu_inst/uut1/scaled1_reg[26]) is unused and will be removed from module top_mlp.
WARNING: [Synth 8-3332] Sequential element (pu_inst/uut1/scaled1_reg[25]) is unused and will be removed from module top_mlp.
WARNING: [Synth 8-3332] Sequential element (pu_inst/uut1/scaled1_reg[24]) is unused and will be removed from module top_mlp.
WARNING: [Synth 8-3332] Sequential element (pu_inst/uut1/scaled1_reg[23]) is unused and will be removed from module top_mlp.
WARNING: [Synth 8-3332] Sequential element (pu_inst/uut1/scaled1_reg[22]) is unused and will be removed from module top_mlp.
WARNING: [Synth 8-3332] Sequential element (pu_inst/uut1/scaled1_reg[21]) is unused and will be removed from module top_mlp.
WARNING: [Synth 8-3332] Sequential element (pu_inst/uut1/scaled1_reg[20]) is unused and will be removed from module top_mlp.
WARNING: [Synth 8-3332] Sequential element (pu_inst/uut1/scaled1_reg[19]) is unused and will be removed from module top_mlp.
WARNING: [Synth 8-3332] Sequential element (pu_inst/uut1/scaled1_reg[18]) is unused and will be removed from module top_mlp.
WARNING: [Synth 8-3332] Sequential element (pu_inst/uut1/scaled1_reg[17]) is unused and will be removed from module top_mlp.
WARNING: [Synth 8-3332] Sequential element (pu_inst/uut1/scaled1_reg[13]) is unused and will be removed from module top_mlp.
WARNING: [Synth 8-3332] Sequential element (pu_inst/uut1/scaled1_reg[12]) is unused and will be removed from module top_mlp.
WARNING: [Synth 8-3332] Sequential element (pu_inst/uut1/scaled1_reg[11]) is unused and will be removed from module top_mlp.
WARNING: [Synth 8-3332] Sequential element (pu_inst/uut1/scaled1_reg[10]) is unused and will be removed from module top_mlp.
WARNING: [Synth 8-3332] Sequential element (pu_inst/uut1/scaled1_reg[9]) is unused and will be removed from module top_mlp.
WARNING: [Synth 8-3332] Sequential element (pu_inst/uut1/scaled1_reg[8]) is unused and will be removed from module top_mlp.
WARNING: [Synth 8-3332] Sequential element (pu_inst/uut1/scaled1_reg[7]) is unused and will be removed from module top_mlp.
WARNING: [Synth 8-3332] Sequential element (pu_inst/uut1/scaled1_reg[6]) is unused and will be removed from module top_mlp.
WARNING: [Synth 8-3332] Sequential element (pu_inst/uut1/scaled1_reg[5]) is unused and will be removed from module top_mlp.
WARNING: [Synth 8-3332] Sequential element (pu_inst/uut1/scaled1_reg[4]) is unused and will be removed from module top_mlp.
WARNING: [Synth 8-3332] Sequential element (pu_inst/uut1/scaled1_reg[3]) is unused and will be removed from module top_mlp.
WARNING: [Synth 8-3332] Sequential element (pu_inst/uut1/scaled1_reg[2]) is unused and will be removed from module top_mlp.
WARNING: [Synth 8-3332] Sequential element (pu_inst/uut1/scaled1_reg[1]) is unused and will be removed from module top_mlp.
WARNING: [Synth 8-3332] Sequential element (pu_inst/uut1/scaled1_reg[0]) is unused and will be removed from module top_mlp.
---------------------------------------------------------------------------------
Finished Cross Boundary and Area Optimization : Time (s): cpu = 00:00:24 ; elapsed = 00:00:26 . Memory (MB): peak = 1603.859 ; gain = 700.793
---------------------------------------------------------------------------------
---------------------------------------------------------------------------------
Start ROM, RAM, DSP, Shift Register and Retiming Reporting
---------------------------------------------------------------------------------

Block RAM: Preliminary Mapping Report (see note below)
+------------+-----------------------+------------------------+---+---+------------------------+---+---+------------------+--------+--------+
|Module Name | RTL Object            | PORT A (Depth x Width) | W | R | PORT B (Depth x Width) | W | R | Ports driving FF | RAMB18 | RAMB36 | 
+------------+-----------------------+------------------------+---+---+------------------------+---+---+------------------+--------+--------+
|inst        | x_buffer_inst/mem_reg | 7 K x 8(NO_CHANGE)     | W | R |                        |   |   | Port A           | 0      | 2      | 
|inst        | w_buffer_inst/mem_reg | 16 K x 8(NO_CHANGE)    | W | R |                        |   |   | Port A           | 0      | 8      | 
+------------+-----------------------+------------------------+---+---+------------------------+---+---+------------------+--------+--------+

Note: The table above is a preliminary report that shows the Block RAMs at the current stage of the synthesis flow. Some Block RAMs may be reimplemented as non Block RAM primitives later in the synthesis flow. Multiple instantiated Block RAMs are reported only once. 

DSP: Preliminary Mapping Report (see note below. The ' indicates corresponding REG is set)
+------------+---------------------+--------+--------+--------+--------+--------+------+------+------+------+-------+------+------+
|Module Name | DSP Mapping         | A Size | B Size | C Size | D Size | P Size | AREG | BREG | CREG | DREG | ADREG | MREG | PREG | 
+------------+---------------------+--------+--------+--------+--------+--------+------+------+------+------+-------+------+------+
|pu          | A*B2                | 19     | 18     | -      | -      | 48     | 0    | 1    | -    | -    | -     | 0    | 0    | 
|pu          | (PCIN>>17)+A*B      | 19     | 16     | -      | -      | 48     | 0    | 0    | -    | -    | -     | 0    | 1    | 
|glbl_ctrl   | (C:0xb)+(A:0x310)*B | 5      | 10     | 4      | -      | 13     | 0    | 0    | 0    | -    | -     | 0    | 0    | 
|glbl_ctrl   | (A:0x310)*B         | 5      | 10     | -      | -      | 15     | 0    | 0    | -    | -    | -     | 0    | 0    | 
+------------+---------------------+--------+--------+--------+--------+--------+------+------+------+------+-------+------+------+

Note: The table above is a preliminary report that shows the DSPs inferred at the current stage of the synthesis flow. Some DSP may be reimplemented as non DSP primitives later in the synthesis flow. Multiple instantiated DSPs are reported only once.
---------------------------------------------------------------------------------
Finished ROM, RAM, DSP, Shift Register and Retiming Reporting
---------------------------------------------------------------------------------
---------------------------------------------------------------------------------
Start Applying XDC Timing Constraints
---------------------------------------------------------------------------------
---------------------------------------------------------------------------------
Finished Applying XDC Timing Constraints : Time (s): cpu = 00:00:34 ; elapsed = 00:00:36 . Memory (MB): peak = 1603.859 ; gain = 700.793
---------------------------------------------------------------------------------
---------------------------------------------------------------------------------
Start Timing Optimization
---------------------------------------------------------------------------------
---------------------------------------------------------------------------------
Finished Timing Optimization : Time (s): cpu = 00:00:38 ; elapsed = 00:00:41 . Memory (MB): peak = 1603.867 ; gain = 700.801
---------------------------------------------------------------------------------
---------------------------------------------------------------------------------
Start ROM, RAM, DSP, Shift Register and Retiming Reporting
---------------------------------------------------------------------------------

Block RAM: Final Mapping Report
+------------+-----------------------+------------------------+---+---+------------------------+---+---+------------------+--------+--------+
|Module Name | RTL Object            | PORT A (Depth x Width) | W | R | PORT B (Depth x Width) | W | R | Ports driving FF | RAMB18 | RAMB36 | 
+------------+-----------------------+------------------------+---+---+------------------------+---+---+------------------+--------+--------+
|inst        | x_buffer_inst/mem_reg | 7 K x 8(NO_CHANGE)     | W | R |                        |   |   | Port A           | 0      | 2      | 
|inst        | w_buffer_inst/mem_reg | 16 K x 8(NO_CHANGE)    | W | R |                        |   |   | Port A           | 0      | 8      | 
+------------+-----------------------+------------------------+---+---+------------------------+---+---+------------------+--------+--------+

---------------------------------------------------------------------------------
Finished ROM, RAM, DSP, Shift Register and Retiming Reporting
---------------------------------------------------------------------------------
---------------------------------------------------------------------------------
Start Technology Mapping
---------------------------------------------------------------------------------
INFO: [Synth 8-7052] The timing for the instance inst/x_buffer_inst/mem_reg_0 (implemented as a Block RAM) might be sub-optimal as no optional output register could be merged into the ram block. Providing additional output register may help in improving timing.
INFO: [Synth 8-7052] The timing for the instance inst/x_buffer_inst/mem_reg_1 (implemented as a Block RAM) might be sub-optimal as no optional output register could be merged into the ram block. Providing additional output register may help in improving timing.
INFO: [Synth 8-7052] The timing for the instance inst/w_buffer_inst/mem_reg_0_0 (implemented as a Block RAM) might be sub-optimal as no optional output register could be merged into the ram block. Providing additional output register may help in improving timing.
INFO: [Synth 8-7052] The timing for the instance inst/w_buffer_inst/mem_reg_0_1 (implemented as a Block RAM) might be sub-optimal as no optional output register could be merged into the ram block. Providing additional output register may help in improving timing.
INFO: [Synth 8-7052] The timing for the instance inst/w_buffer_inst/mem_reg_0_2 (implemented as a Block RAM) might be sub-optimal as no optional output register could be merged into the ram block. Providing additional output register may help in improving timing.
INFO: [Synth 8-7052] The timing for the instance inst/w_buffer_inst/mem_reg_0_3 (implemented as a Block RAM) might be sub-optimal as no optional output register could be merged into the ram block. Providing additional output register may help in improving timing.
INFO: [Synth 8-7052] The timing for the instance inst/w_buffer_inst/mem_reg_0_4 (implemented as a Block RAM) might be sub-optimal as no optional output register could be merged into the ram block. Providing additional output register may help in improving timing.
INFO: [Synth 8-7052] The timing for the instance inst/w_buffer_inst/mem_reg_0_5 (implemented as a Block RAM) might be sub-optimal as no optional output register could be merged into the ram block. Providing additional output register may help in improving timing.
INFO: [Synth 8-7052] The timing for the instance inst/w_buffer_inst/mem_reg_0_6 (implemented as a Block RAM) might be sub-optimal as no optional output register could be merged into the ram block. Providing additional output register may help in improving timing.
INFO: [Synth 8-7052] The timing for the instance inst/w_buffer_inst/mem_reg_0_7 (implemented as a Block RAM) might be sub-optimal as no optional output register could be merged into the ram block. Providing additional output register may help in improving timing.
---------------------------------------------------------------------------------
Finished Technology Mapping : Time (s): cpu = 00:00:39 ; elapsed = 00:00:41 . Memory (MB): peak = 1608.969 ; gain = 705.902
---------------------------------------------------------------------------------
---------------------------------------------------------------------------------
Start IO Insertion
---------------------------------------------------------------------------------
---------------------------------------------------------------------------------
Start Flattening Before IO Insertion
---------------------------------------------------------------------------------
---------------------------------------------------------------------------------
Finished Flattening Before IO Insertion
---------------------------------------------------------------------------------
---------------------------------------------------------------------------------
Start Final Netlist Cleanup
---------------------------------------------------------------------------------
---------------------------------------------------------------------------------
Finished Final Netlist Cleanup
---------------------------------------------------------------------------------
---------------------------------------------------------------------------------
Finished IO Insertion : Time (s): cpu = 00:00:43 ; elapsed = 00:00:46 . Memory (MB): peak = 1608.969 ; gain = 705.902
---------------------------------------------------------------------------------
---------------------------------------------------------------------------------
Start Renaming Generated Instances
---------------------------------------------------------------------------------
---------------------------------------------------------------------------------
Finished Renaming Generated Instances : Time (s): cpu = 00:00:43 ; elapsed = 00:00:46 . Memory (MB): peak = 1608.969 ; gain = 705.902
---------------------------------------------------------------------------------
---------------------------------------------------------------------------------
Start Rebuilding User Hierarchy
---------------------------------------------------------------------------------
---------------------------------------------------------------------------------
Finished Rebuilding User Hierarchy : Time (s): cpu = 00:00:44 ; elapsed = 00:00:46 . Memory (MB): peak = 1608.969 ; gain = 705.902
---------------------------------------------------------------------------------
---------------------------------------------------------------------------------
Start Renaming Generated Ports
---------------------------------------------------------------------------------
---------------------------------------------------------------------------------
Finished Renaming Generated Ports : Time (s): cpu = 00:00:44 ; elapsed = 00:00:46 . Memory (MB): peak = 1608.969 ; gain = 705.902
---------------------------------------------------------------------------------
---------------------------------------------------------------------------------
Start Handling Custom Attributes
---------------------------------------------------------------------------------
---------------------------------------------------------------------------------
Finished Handling Custom Attributes : Time (s): cpu = 00:00:44 ; elapsed = 00:00:46 . Memory (MB): peak = 1608.969 ; gain = 705.902
---------------------------------------------------------------------------------
---------------------------------------------------------------------------------
Start Renaming Generated Nets
---------------------------------------------------------------------------------
---------------------------------------------------------------------------------
Finished Renaming Generated Nets : Time (s): cpu = 00:00:44 ; elapsed = 00:00:46 . Memory (MB): peak = 1608.969 ; gain = 705.902
---------------------------------------------------------------------------------
---------------------------------------------------------------------------------
Start Writing Synthesis Report
---------------------------------------------------------------------------------

DSP Final Report (the ' indicates corresponding REG is set)
+------------+------------------+--------+--------+--------+--------+--------+------+------+------+------+-------+------+------+
|Module Name | DSP Mapping      | A Size | B Size | C Size | D Size | P Size | AREG | BREG | CREG | DREG | ADREG | MREG | PREG | 
+------------+------------------+--------+--------+--------+--------+--------+------+------+------+------+-------+------+------+
|glbl_ctrl   | (C+A*B)'         | 5      | 10     | 4      | -      | 13     | 0    | 0    | 0    | -    | -     | 0    | 1    | 
|glbl_ctrl   | A*B              | 5      | 10     | -      | -      | 15     | 0    | 0    | -    | -    | -     | 0    | 0    | 
|pu          | A*B'             | 17     | 17     | -      | -      | 48     | 0    | 1    | -    | -    | -     | 0    | 0    | 
|pu          | (PCIN>>17+A*B')' | 17     | 14     | -      | -      | 48     | 0    | 1    | -    | -    | -     | 0    | 1    | 
+------------+------------------+--------+--------+--------+--------+--------+------+------+------+------+-------+------+------+


Report BlackBoxes: 
+------+--------------+----------+
|      |BlackBox name |Instances |
+------+--------------+----------+
|1     |dsp_macro_0   |         1|
+------+--------------+----------+

Report Cell Usage: 
+------+----------+------+
|      |Cell      |Count |
+------+----------+------+
|1     |dsp_macro |     1|
|2     |CARRY4    |    24|
|3     |DSP48E1   |     4|
|7     |LUT1      |     5|
|8     |LUT2      |    97|
|9     |LUT3      |    53|
|10    |LUT4      |    44|
|11    |LUT5      |    67|
|12    |LUT6      |   513|
|13    |MUXF7     |   136|
|14    |MUXF8     |    64|
|15    |RAMB36E1  |    10|
|25    |FDCE      |  2197|
|26    |FDRE      |    69|
|27    |FDSE      |     7|
|28    |LD        |     4|
+------+----------+------+
---------------------------------------------------------------------------------
Finished Writing Synthesis Report : Time (s): cpu = 00:00:44 ; elapsed = 00:00:46 . Memory (MB): peak = 1608.969 ; gain = 705.902
---------------------------------------------------------------------------------
Synthesis finished with 0 errors, 0 critical warnings and 48 warnings.
Synthesis Optimization Runtime : Time (s): cpu = 00:00:36 ; elapsed = 00:00:44 . Memory (MB): peak = 1608.969 ; gain = 599.422
Synthesis Optimization Complete : Time (s): cpu = 00:00:44 ; elapsed = 00:00:46 . Memory (MB): peak = 1608.969 ; gain = 705.902
INFO: [Project 1-571] Translating synthesized netlist
Netlist sorting complete. Time (s): cpu = 00:00:00 ; elapsed = 00:00:00.052 . Memory (MB): peak = 1620.758 ; gain = 0.000
INFO: [Netlist 29-17] Analyzing 242 Unisim elements for replacement
INFO: [Netlist 29-28] Unisim Transformation completed in 0 CPU seconds
WARNING: [Netlist 29-101] Netlist 'design_1_top_mlp_0_0' is not ideal for floorplanning, since the cellview 'pu' contains a large number of primitives.  Please consider enabling hierarchy in synthesis if you want to do floorplanning.
INFO: [Project 1-570] Preparing netlist for logic optimization
INFO: [Opt 31-138] Pushed 0 inverter(s) to 0 load pin(s).
Netlist sorting complete. Time (s): cpu = 00:00:00 ; elapsed = 00:00:00.001 . Memory (MB): peak = 1624.449 ; gain = 0.000
INFO: [Project 1-111] Unisim Transformation Summary:
  A total of 4 instances were transformed.
  LD => LDCE: 4 instances

Synth Design complete | Checksum: b05f03e8
INFO: [Common 17-83] Releasing license: Synthesis
51 Infos, 59 Warnings, 0 Critical Warnings and 0 Errors encountered.
synth_design completed successfully
synth_design: Time (s): cpu = 00:00:47 ; elapsed = 00:00:52 . Memory (MB): peak = 1624.449 ; gain = 1129.816
INFO: [Coretcl 2-1174] Renamed 8 cell refs.
INFO: [Common 17-1381] The checkpoint 'C:/Users/joshu/Documents/DSD25_Termproject_Materials_Updated250519/00_RTL_Skeleton/dsd_termprj.runs/design_1_top_mlp_0_0_synth_1/design_1_top_mlp_0_0.dcp' has been generated.
INFO: [runtcl-4] Executing : report_utilization -file design_1_top_mlp_0_0_utilization_synth.rpt -pb design_1_top_mlp_0_0_utilization_synth.pb
INFO: [Common 17-206] Exiting Vivado at Sun Jun 15 22:09:55 2025...
