00:18:30 DEBUG : Logs will be stored at 'C:/Users/junoh/vivado23/DSD25_Termprj/00_RTL_Skeleton/workspace/IDE.log'.
00:18:39 INFO  : Registering command handlers for Vitis TCF services
00:18:39 INFO  : Launching XSCT server: xsct.bat -n  -interactive C:\Users\junoh\vivado23\DSD25_Termprj\00_RTL_Skeleton\workspace\temp_xsdb_launch_script.tcl
00:18:40 INFO  : Platform repository initialization has completed.
00:18:43 INFO  : XSCT server has started successfully.
00:18:43 INFO  : Successfully done setting XSCT server connection channel  
00:18:43 INFO  : plnx-install-location is set to ''
00:18:45 INFO  : Successfully done setting workspace for the tool. 
00:18:45 INFO  : Successfully done query RDI_DATADIR 
00:19:31 INFO  : Result from executing command 'getProjects': design_1_wrapper
00:19:31 INFO  : Result from executing command 'getPlatforms': xilinx_vck190_base_202310_1|C:/Xilinx/Vitis/2023.1/base_platforms/xilinx_vck190_base_202310_1/xilinx_vck190_base_202310_1.xpfm;xilinx_vck190_base_dfx_202310_1|C:/Xilinx/Vitis/2023.1/base_platforms/xilinx_vck190_base_dfx_202310_1/xilinx_vck190_base_dfx_202310_1.xpfm;xilinx_vek280_es1_base_202310_1|C:/Xilinx/Vitis/2023.1/base_platforms/xilinx_vek280_es1_base_202310_1/xilinx_vek280_es1_base_202310_1.xpfm;xilinx_vmk180_base_202310_1|C:/Xilinx/Vitis/2023.1/base_platforms/xilinx_vmk180_base_202310_1/xilinx_vmk180_base_202310_1.xpfm;xilinx_zcu102_base_202310_1|C:/Xilinx/Vitis/2023.1/base_platforms/xilinx_zcu102_base_202310_1/xilinx_zcu102_base_202310_1.xpfm;xilinx_zcu102_base_dfx_202310_1|C:/Xilinx/Vitis/2023.1/base_platforms/xilinx_zcu102_base_dfx_202310_1/xilinx_zcu102_base_dfx_202310_1.xpfm;xilinx_zcu104_base_202310_1|C:/Xilinx/Vitis/2023.1/base_platforms/xilinx_zcu104_base_202310_1/xilinx_zcu104_base_202310_1.xpfm
00:19:32 WARN  : An unexpected exception occurred in the module 'platform project logging'
00:19:33 INFO  : Platform 'design_1_wrapper' is added to custom repositories.
00:19:42 INFO  : Platform 'design_1_wrapper' is added to custom repositories.
00:21:57 INFO  : Result from executing command 'getProjects': design_1_wrapper
00:21:57 INFO  : Result from executing command 'getPlatforms': design_1_wrapper|C:/Users/junoh/vivado23/DSD25_Termprj/00_RTL_Skeleton/workspace/design_1_wrapper/export/design_1_wrapper/design_1_wrapper.xpfm;xilinx_vck190_base_202310_1|C:/Xilinx/Vitis/2023.1/base_platforms/xilinx_vck190_base_202310_1/xilinx_vck190_base_202310_1.xpfm;xilinx_vck190_base_dfx_202310_1|C:/Xilinx/Vitis/2023.1/base_platforms/xilinx_vck190_base_dfx_202310_1/xilinx_vck190_base_dfx_202310_1.xpfm;xilinx_vek280_es1_base_202310_1|C:/Xilinx/Vitis/2023.1/base_platforms/xilinx_vek280_es1_base_202310_1/xilinx_vek280_es1_base_202310_1.xpfm;xilinx_vmk180_base_202310_1|C:/Xilinx/Vitis/2023.1/base_platforms/xilinx_vmk180_base_202310_1/xilinx_vmk180_base_202310_1.xpfm;xilinx_zcu102_base_202310_1|C:/Xilinx/Vitis/2023.1/base_platforms/xilinx_zcu102_base_202310_1/xilinx_zcu102_base_202310_1.xpfm;xilinx_zcu102_base_dfx_202310_1|C:/Xilinx/Vitis/2023.1/base_platforms/xilinx_zcu102_base_dfx_202310_1/xilinx_zcu102_base_dfx_202310_1.xpfm;xilinx_zcu104_base_202310_1|C:/Xilinx/Vitis/2023.1/base_platforms/xilinx_zcu104_base_202310_1/xilinx_zcu104_base_202310_1.xpfm
00:21:58 INFO  : Checking for BSP changes to sync application flags for project 'dsd_termprj'...
00:22:25 INFO  : Connected to target on host '127.0.0.1' and port '3121'.
00:22:26 INFO  : Jtag cable 'Digilent Zybo Z7 210351BA1D53A' is selected.
00:22:26 INFO  : 'jtag frequency' command is executed.
00:22:26 INFO  : Context for 'APU' is selected.
00:22:26 INFO  : System reset is completed.
00:22:29 INFO  : 'after 3000' command is executed.
00:22:29 INFO  : 'targets -set -filter {jtag_cable_name =~ "Digilent Zybo Z7 210351BA1D53A" && level==0 && jtag_device_ctx=="jsn-Zybo Z7-210351BA1D53A-23727093-0"}' command is executed.
00:22:32 INFO  : Device configured successfully with "C:/Users/junoh/vivado23/DSD25_Termprj/00_RTL_Skeleton/workspace/dsd_termprj/_ide/bitstream/design_1_wrapper.bit"
00:22:32 INFO  : Context for 'APU' is selected.
00:22:32 INFO  : Hardware design and registers information is loaded from 'C:/Users/junoh/vivado23/DSD25_Termprj/00_RTL_Skeleton/workspace/design_1_wrapper/export/design_1_wrapper/hw/design_1_wrapper.xsa'.
00:22:32 INFO  : 'configparams force-mem-access 1' command is executed.
00:22:32 INFO  : Context for 'APU' is selected.
00:22:32 INFO  : Sourcing of 'C:/Users/junoh/vivado23/DSD25_Termprj/00_RTL_Skeleton/workspace/dsd_termprj/_ide/psinit/ps7_init.tcl' is done.
00:22:32 INFO  : 'ps7_init' command is executed.
00:22:32 INFO  : 'ps7_post_config' command is executed.
00:22:32 INFO  : Context for processor 'ps7_cortexa9_0' is selected.
00:22:32 INFO  : The application 'C:/Users/junoh/vivado23/DSD25_Termprj/00_RTL_Skeleton/workspace/dsd_termprj/Debug/dsd_termprj.elf' is downloaded to processor 'ps7_cortexa9_0'.
00:22:32 INFO  : 'configparams force-mem-access 0' command is executed.
00:22:32 INFO  : ----------------XSDB Script----------------
connect -url tcp:127.0.0.1:3121
targets -set -nocase -filter {name =~"APU*"}
rst -system
after 3000
targets -set -filter {jtag_cable_name =~ "Digilent Zybo Z7 210351BA1D53A" && level==0 && jtag_device_ctx=="jsn-Zybo Z7-210351BA1D53A-23727093-0"}
fpga -file C:/Users/junoh/vivado23/DSD25_Termprj/00_RTL_Skeleton/workspace/dsd_termprj/_ide/bitstream/design_1_wrapper.bit
targets -set -nocase -filter {name =~"APU*"}
loadhw -hw C:/Users/junoh/vivado23/DSD25_Termprj/00_RTL_Skeleton/workspace/design_1_wrapper/export/design_1_wrapper/hw/design_1_wrapper.xsa -mem-ranges [list {0x40000000 0xbfffffff}] -regs
configparams force-mem-access 1
targets -set -nocase -filter {name =~"APU*"}
source C:/Users/junoh/vivado23/DSD25_Termprj/00_RTL_Skeleton/workspace/dsd_termprj/_ide/psinit/ps7_init.tcl
ps7_init
ps7_post_config
targets -set -nocase -filter {name =~ "*A9*#0"}
dow C:/Users/junoh/vivado23/DSD25_Termprj/00_RTL_Skeleton/workspace/dsd_termprj/Debug/dsd_termprj.elf
configparams force-mem-access 0
----------------End of Script----------------

00:22:32 INFO  : Context for processor 'ps7_cortexa9_0' is selected.
00:22:32 INFO  : 'con' command is executed.
00:22:32 INFO  : ----------------XSDB Script (After Launch)----------------
targets -set -nocase -filter {name =~ "*A9*#0"}
con
----------------End of Script----------------

00:22:32 INFO  : Disconnected from the channel tcfchan#2.
00:22:59 INFO  : Checking for BSP changes to sync application flags for project 'dsd_termprj'...
00:23:31 INFO  : Connected to target on host '127.0.0.1' and port '3121'.
00:23:32 INFO  : Jtag cable 'Digilent Zybo Z7 210351BA1D53A' is selected.
00:23:32 INFO  : 'jtag frequency' command is executed.
00:23:32 INFO  : Context for 'APU' is selected.
00:23:32 INFO  : System reset is completed.
00:23:35 INFO  : 'after 3000' command is executed.
00:23:35 INFO  : 'targets -set -filter {jtag_cable_name =~ "Digilent Zybo Z7 210351BA1D53A" && level==0 && jtag_device_ctx=="jsn-Zybo Z7-210351BA1D53A-23727093-0"}' command is executed.
00:23:37 INFO  : Device configured successfully with "C:/Users/junoh/vivado23/DSD25_Termprj/00_RTL_Skeleton/workspace/dsd_termprj/_ide/bitstream/design_1_wrapper.bit"
00:23:37 INFO  : Context for 'APU' is selected.
00:23:37 INFO  : Hardware design and registers information is loaded from 'C:/Users/junoh/vivado23/DSD25_Termprj/00_RTL_Skeleton/workspace/design_1_wrapper/export/design_1_wrapper/hw/design_1_wrapper.xsa'.
00:23:37 INFO  : 'configparams force-mem-access 1' command is executed.
00:23:37 INFO  : Context for 'APU' is selected.
00:23:37 INFO  : Sourcing of 'C:/Users/junoh/vivado23/DSD25_Termprj/00_RTL_Skeleton/workspace/dsd_termprj/_ide/psinit/ps7_init.tcl' is done.
00:23:37 INFO  : 'ps7_init' command is executed.
00:23:37 INFO  : 'ps7_post_config' command is executed.
00:23:37 INFO  : Context for processor 'ps7_cortexa9_0' is selected.
00:23:38 INFO  : The application 'C:/Users/junoh/vivado23/DSD25_Termprj/00_RTL_Skeleton/workspace/dsd_termprj/Debug/dsd_termprj.elf' is downloaded to processor 'ps7_cortexa9_0'.
00:23:38 INFO  : 'configparams force-mem-access 0' command is executed.
00:23:38 INFO  : ----------------XSDB Script----------------
connect -url tcp:127.0.0.1:3121
targets -set -nocase -filter {name =~"APU*"}
rst -system
after 3000
targets -set -filter {jtag_cable_name =~ "Digilent Zybo Z7 210351BA1D53A" && level==0 && jtag_device_ctx=="jsn-Zybo Z7-210351BA1D53A-23727093-0"}
fpga -file C:/Users/junoh/vivado23/DSD25_Termprj/00_RTL_Skeleton/workspace/dsd_termprj/_ide/bitstream/design_1_wrapper.bit
targets -set -nocase -filter {name =~"APU*"}
loadhw -hw C:/Users/junoh/vivado23/DSD25_Termprj/00_RTL_Skeleton/workspace/design_1_wrapper/export/design_1_wrapper/hw/design_1_wrapper.xsa -mem-ranges [list {0x40000000 0xbfffffff}] -regs
configparams force-mem-access 1
targets -set -nocase -filter {name =~"APU*"}
source C:/Users/junoh/vivado23/DSD25_Termprj/00_RTL_Skeleton/workspace/dsd_termprj/_ide/psinit/ps7_init.tcl
ps7_init
ps7_post_config
targets -set -nocase -filter {name =~ "*A9*#0"}
dow C:/Users/junoh/vivado23/DSD25_Termprj/00_RTL_Skeleton/workspace/dsd_termprj/Debug/dsd_termprj.elf
configparams force-mem-access 0
----------------End of Script----------------

00:23:38 INFO  : Context for processor 'ps7_cortexa9_0' is selected.
00:23:38 INFO  : 'con' command is executed.
00:23:38 INFO  : ----------------XSDB Script (After Launch)----------------
targets -set -nocase -filter {name =~ "*A9*#0"}
con
----------------End of Script----------------

00:23:38 INFO  : Disconnected from the channel tcfchan#3.
00:40:48 DEBUG : Logs will be stored at 'C:/Users/junoh/vivado23/DSD25_Termprj/00_RTL_Skeleton/workspace/IDE.log'.
00:40:49 INFO  : Launching XSCT server: xsct.bat -n  -interactive C:\Users\junoh\vivado23\DSD25_Termprj\00_RTL_Skeleton\workspace\temp_xsdb_launch_script.tcl
00:40:52 INFO  : XSCT server has started successfully.
00:40:52 INFO  : Successfully done setting XSCT server connection channel  
00:40:52 INFO  : plnx-install-location is set to ''
00:40:52 INFO  : Successfully done setting workspace for the tool. 
00:41:45 INFO  : Registering command handlers for Vitis TCF services
00:41:45 INFO  : Successfully done query RDI_DATADIR 
00:41:46 INFO  : Platform repository initialization has completed.
00:42:53 INFO  : Checking for BSP changes to sync application flags for project 'dsd_termprj'...
00:43:15 INFO  : Connected to target on host '127.0.0.1' and port '3121'.
00:43:16 INFO  : Jtag cable 'Digilent Zybo Z7 210351BA1D53A' is selected.
00:43:16 INFO  : 'jtag frequency' command is executed.
00:43:16 INFO  : Context for 'APU' is selected.
00:43:16 INFO  : System reset is completed.
00:43:19 INFO  : 'after 3000' command is executed.
00:43:19 INFO  : 'targets -set -filter {jtag_cable_name =~ "Digilent Zybo Z7 210351BA1D53A" && level==0 && jtag_device_ctx=="jsn-Zybo Z7-210351BA1D53A-23727093-0"}' command is executed.
00:43:21 INFO  : Device configured successfully with "C:/Users/junoh/vivado23/DSD25_Termprj/00_RTL_Skeleton/workspace/dsd_termprj/_ide/bitstream/design_1_wrapper.bit"
00:43:21 INFO  : Context for 'APU' is selected.
00:43:21 INFO  : Hardware design and registers information is loaded from 'C:/Users/junoh/vivado23/DSD25_Termprj/00_RTL_Skeleton/workspace/design_1_wrapper/export/design_1_wrapper/hw/design_1_wrapper.xsa'.
00:43:21 INFO  : 'configparams force-mem-access 1' command is executed.
00:43:21 INFO  : Context for 'APU' is selected.
00:43:21 INFO  : Sourcing of 'C:/Users/junoh/vivado23/DSD25_Termprj/00_RTL_Skeleton/workspace/dsd_termprj/_ide/psinit/ps7_init.tcl' is done.
00:43:22 INFO  : 'ps7_init' command is executed.
00:43:22 INFO  : 'ps7_post_config' command is executed.
00:43:22 INFO  : Context for processor 'ps7_cortexa9_0' is selected.
00:43:22 INFO  : The application 'C:/Users/junoh/vivado23/DSD25_Termprj/00_RTL_Skeleton/workspace/dsd_termprj/Debug/dsd_termprj.elf' is downloaded to processor 'ps7_cortexa9_0'.
00:43:22 INFO  : 'configparams force-mem-access 0' command is executed.
00:43:22 INFO  : ----------------XSDB Script----------------
connect -url tcp:127.0.0.1:3121
targets -set -nocase -filter {name =~"APU*"}
rst -system
after 3000
targets -set -filter {jtag_cable_name =~ "Digilent Zybo Z7 210351BA1D53A" && level==0 && jtag_device_ctx=="jsn-Zybo Z7-210351BA1D53A-23727093-0"}
fpga -file C:/Users/junoh/vivado23/DSD25_Termprj/00_RTL_Skeleton/workspace/dsd_termprj/_ide/bitstream/design_1_wrapper.bit
targets -set -nocase -filter {name =~"APU*"}
loadhw -hw C:/Users/junoh/vivado23/DSD25_Termprj/00_RTL_Skeleton/workspace/design_1_wrapper/export/design_1_wrapper/hw/design_1_wrapper.xsa -mem-ranges [list {0x40000000 0xbfffffff}] -regs
configparams force-mem-access 1
targets -set -nocase -filter {name =~"APU*"}
source C:/Users/junoh/vivado23/DSD25_Termprj/00_RTL_Skeleton/workspace/dsd_termprj/_ide/psinit/ps7_init.tcl
ps7_init
ps7_post_config
targets -set -nocase -filter {name =~ "*A9*#0"}
dow C:/Users/junoh/vivado23/DSD25_Termprj/00_RTL_Skeleton/workspace/dsd_termprj/Debug/dsd_termprj.elf
configparams force-mem-access 0
----------------End of Script----------------

00:43:22 INFO  : Context for processor 'ps7_cortexa9_0' is selected.
00:43:22 INFO  : 'con' command is executed.
00:43:22 INFO  : ----------------XSDB Script (After Launch)----------------
targets -set -nocase -filter {name =~ "*A9*#0"}
con
----------------End of Script----------------

00:43:22 INFO  : Disconnected from the channel tcfchan#1.
10:57:42 DEBUG : Logs will be stored at 'C:/Users/junoh/vivado23/DSD25_Termprj/00_RTL_Skeleton/workspace/IDE.log'.
10:57:43 INFO  : Launching XSCT server: xsct.bat -n  -interactive C:\Users\junoh\vivado23\DSD25_Termprj\00_RTL_Skeleton\workspace\temp_xsdb_launch_script.tcl
10:57:46 INFO  : Registering command handlers for Vitis TCF services
10:57:47 INFO  : XSCT server has started successfully.
10:57:48 INFO  : Platform repository initialization has completed.
10:57:50 INFO  : Successfully done setting XSCT server connection channel  
10:57:50 INFO  : plnx-install-location is set to ''
10:57:50 INFO  : Successfully done query RDI_DATADIR 
10:57:50 INFO  : Successfully done setting workspace for the tool. 
14:33:14 DEBUG : Logs will be stored at 'C:/Users/junoh/vivado23/DSD25_Termprj/00_RTL_Skeleton/workspace/IDE.log'.
14:33:14 INFO  : Launching XSCT server: xsct.bat -n  -interactive C:\Users\junoh\vivado23\DSD25_Termprj\00_RTL_Skeleton\workspace\temp_xsdb_launch_script.tcl
14:33:18 INFO  : Registering command handlers for Vitis TCF services
14:33:18 INFO  : XSCT server has started successfully.
14:33:19 INFO  : Platform repository initialization has completed.
14:33:21 INFO  : plnx-install-location is set to ''
14:33:21 INFO  : Successfully done setting XSCT server connection channel  
14:33:21 INFO  : Successfully done query RDI_DATADIR 
14:33:21 INFO  : Successfully done setting workspace for the tool. 
14:33:46 INFO  : Result from executing command 'getProjects': design_1_wrapper
14:33:46 INFO  : Result from executing command 'getPlatforms': design_1_wrapper|C:/Users/junoh/vivado23/DSD25_Termprj/00_RTL_Skeleton/workspace/design_1_wrapper/export/design_1_wrapper/design_1_wrapper.xpfm;xilinx_vck190_base_202310_1|C:/Xilinx/Vitis/2023.1/base_platforms/xilinx_vck190_base_202310_1/xilinx_vck190_base_202310_1.xpfm;xilinx_vck190_base_dfx_202310_1|C:/Xilinx/Vitis/2023.1/base_platforms/xilinx_vck190_base_dfx_202310_1/xilinx_vck190_base_dfx_202310_1.xpfm;xilinx_vek280_es1_base_202310_1|C:/Xilinx/Vitis/2023.1/base_platforms/xilinx_vek280_es1_base_202310_1/xilinx_vek280_es1_base_202310_1.xpfm;xilinx_vmk180_base_202310_1|C:/Xilinx/Vitis/2023.1/base_platforms/xilinx_vmk180_base_202310_1/xilinx_vmk180_base_202310_1.xpfm;xilinx_zcu102_base_202310_1|C:/Xilinx/Vitis/2023.1/base_platforms/xilinx_zcu102_base_202310_1/xilinx_zcu102_base_202310_1.xpfm;xilinx_zcu102_base_dfx_202310_1|C:/Xilinx/Vitis/2023.1/base_platforms/xilinx_zcu102_base_dfx_202310_1/xilinx_zcu102_base_dfx_202310_1.xpfm;xilinx_zcu104_base_202310_1|C:/Xilinx/Vitis/2023.1/base_platforms/xilinx_zcu104_base_202310_1/xilinx_zcu104_base_202310_1.xpfm
14:33:47 INFO  : Checking for BSP changes to sync application flags for project 'dsd_termprj'...
14:34:04 INFO  : Connected to target on host '127.0.0.1' and port '3121'.
14:34:05 INFO  : Jtag cable 'Digilent Zybo Z7 210351BA1D53A' is selected.
14:34:05 INFO  : 'jtag frequency' command is executed.
14:34:05 INFO  : Context for 'APU' is selected.
14:34:05 INFO  : System reset is completed.
14:34:08 INFO  : 'after 3000' command is executed.
14:34:08 INFO  : 'targets -set -filter {jtag_cable_name =~ "Digilent Zybo Z7 210351BA1D53A" && level==0 && jtag_device_ctx=="jsn-Zybo Z7-210351BA1D53A-23727093-0"}' command is executed.
14:34:11 INFO  : Device configured successfully with "C:/Users/junoh/vivado23/DSD25_Termprj/00_RTL_Skeleton/workspace/dsd_termprj/_ide/bitstream/design_1_wrapper.bit"
14:34:11 INFO  : Context for 'APU' is selected.
14:34:11 INFO  : Hardware design and registers information is loaded from 'C:/Users/junoh/vivado23/DSD25_Termprj/00_RTL_Skeleton/workspace/design_1_wrapper/export/design_1_wrapper/hw/design_1_wrapper.xsa'.
14:34:11 INFO  : 'configparams force-mem-access 1' command is executed.
14:34:11 INFO  : Context for 'APU' is selected.
14:34:11 INFO  : Sourcing of 'C:/Users/junoh/vivado23/DSD25_Termprj/00_RTL_Skeleton/workspace/dsd_termprj/_ide/psinit/ps7_init.tcl' is done.
14:34:11 INFO  : 'ps7_init' command is executed.
14:34:11 INFO  : 'ps7_post_config' command is executed.
14:34:11 INFO  : Context for processor 'ps7_cortexa9_0' is selected.
14:34:11 INFO  : The application 'C:/Users/junoh/vivado23/DSD25_Termprj/00_RTL_Skeleton/workspace/dsd_termprj/Debug/dsd_termprj.elf' is downloaded to processor 'ps7_cortexa9_0'.
14:34:11 INFO  : 'configparams force-mem-access 0' command is executed.
14:34:11 INFO  : ----------------XSDB Script----------------
connect -url tcp:127.0.0.1:3121
targets -set -nocase -filter {name =~"APU*"}
rst -system
after 3000
targets -set -filter {jtag_cable_name =~ "Digilent Zybo Z7 210351BA1D53A" && level==0 && jtag_device_ctx=="jsn-Zybo Z7-210351BA1D53A-23727093-0"}
fpga -file C:/Users/junoh/vivado23/DSD25_Termprj/00_RTL_Skeleton/workspace/dsd_termprj/_ide/bitstream/design_1_wrapper.bit
targets -set -nocase -filter {name =~"APU*"}
loadhw -hw C:/Users/junoh/vivado23/DSD25_Termprj/00_RTL_Skeleton/workspace/design_1_wrapper/export/design_1_wrapper/hw/design_1_wrapper.xsa -mem-ranges [list {0x40000000 0xbfffffff}] -regs
configparams force-mem-access 1
targets -set -nocase -filter {name =~"APU*"}
source C:/Users/junoh/vivado23/DSD25_Termprj/00_RTL_Skeleton/workspace/dsd_termprj/_ide/psinit/ps7_init.tcl
ps7_init
ps7_post_config
targets -set -nocase -filter {name =~ "*A9*#0"}
dow C:/Users/junoh/vivado23/DSD25_Termprj/00_RTL_Skeleton/workspace/dsd_termprj/Debug/dsd_termprj.elf
configparams force-mem-access 0
----------------End of Script----------------

14:34:11 INFO  : Context for processor 'ps7_cortexa9_0' is selected.
14:34:11 INFO  : 'con' command is executed.
14:34:11 INFO  : ----------------XSDB Script (After Launch)----------------
targets -set -nocase -filter {name =~ "*A9*#0"}
con
----------------End of Script----------------

14:34:11 INFO  : Disconnected from the channel tcfchan#2.
14:34:57 INFO  : Connected to target on host '127.0.0.1' and port '3121'.
14:34:58 INFO  : Jtag cable 'Digilent Zybo Z7 210351BA1D53A' is selected.
14:34:58 INFO  : 'jtag frequency' command is executed.
14:34:58 INFO  : Context for 'APU' is selected.
14:34:58 INFO  : System reset is completed.
14:35:01 INFO  : 'after 3000' command is executed.
14:35:01 INFO  : 'targets -set -filter {jtag_cable_name =~ "Digilent Zybo Z7 210351BA1D53A" && level==0 && jtag_device_ctx=="jsn-Zybo Z7-210351BA1D53A-23727093-0"}' command is executed.
14:35:03 INFO  : Device configured successfully with "C:/Users/junoh/vivado23/DSD25_Termprj/00_RTL_Skeleton/workspace/dsd_termprj/_ide/bitstream/design_1_wrapper.bit"
14:35:03 INFO  : Context for 'APU' is selected.
14:35:03 INFO  : Hardware design and registers information is loaded from 'C:/Users/junoh/vivado23/DSD25_Termprj/00_RTL_Skeleton/workspace/design_1_wrapper/export/design_1_wrapper/hw/design_1_wrapper.xsa'.
14:35:03 INFO  : 'configparams force-mem-access 1' command is executed.
14:35:03 INFO  : Context for 'APU' is selected.
14:35:03 INFO  : Sourcing of 'C:/Users/junoh/vivado23/DSD25_Termprj/00_RTL_Skeleton/workspace/dsd_termprj/_ide/psinit/ps7_init.tcl' is done.
14:35:04 INFO  : 'ps7_init' command is executed.
14:35:04 INFO  : 'ps7_post_config' command is executed.
14:35:04 INFO  : Context for processor 'ps7_cortexa9_0' is selected.
14:35:04 INFO  : The application 'C:/Users/junoh/vivado23/DSD25_Termprj/00_RTL_Skeleton/workspace/dsd_termprj/Debug/dsd_termprj.elf' is downloaded to processor 'ps7_cortexa9_0'.
14:35:04 INFO  : 'configparams force-mem-access 0' command is executed.
14:35:04 INFO  : ----------------XSDB Script----------------
connect -url tcp:127.0.0.1:3121
targets -set -nocase -filter {name =~"APU*"}
rst -system
after 3000
targets -set -filter {jtag_cable_name =~ "Digilent Zybo Z7 210351BA1D53A" && level==0 && jtag_device_ctx=="jsn-Zybo Z7-210351BA1D53A-23727093-0"}
fpga -file C:/Users/junoh/vivado23/DSD25_Termprj/00_RTL_Skeleton/workspace/dsd_termprj/_ide/bitstream/design_1_wrapper.bit
targets -set -nocase -filter {name =~"APU*"}
loadhw -hw C:/Users/junoh/vivado23/DSD25_Termprj/00_RTL_Skeleton/workspace/design_1_wrapper/export/design_1_wrapper/hw/design_1_wrapper.xsa -mem-ranges [list {0x40000000 0xbfffffff}] -regs
configparams force-mem-access 1
targets -set -nocase -filter {name =~"APU*"}
source C:/Users/junoh/vivado23/DSD25_Termprj/00_RTL_Skeleton/workspace/dsd_termprj/_ide/psinit/ps7_init.tcl
ps7_init
ps7_post_config
targets -set -nocase -filter {name =~ "*A9*#0"}
dow C:/Users/junoh/vivado23/DSD25_Termprj/00_RTL_Skeleton/workspace/dsd_termprj/Debug/dsd_termprj.elf
configparams force-mem-access 0
----------------End of Script----------------

14:35:04 INFO  : Context for processor 'ps7_cortexa9_0' is selected.
14:35:04 INFO  : 'con' command is executed.
14:35:04 INFO  : ----------------XSDB Script (After Launch)----------------
targets -set -nocase -filter {name =~ "*A9*#0"}
con
----------------End of Script----------------

14:35:04 INFO  : Disconnected from the channel tcfchan#3.
15:26:40 DEBUG : Logs will be stored at 'C:/Users/junoh/vivado23/DSD25_Termprj/00_RTL_Skeleton/workspace/IDE.log'.
15:26:41 INFO  : Launching XSCT server: xsct.bat -n  -interactive C:\Users\junoh\vivado23\DSD25_Termprj\00_RTL_Skeleton\workspace\temp_xsdb_launch_script.tcl
15:26:44 INFO  : XSCT server has started successfully.
15:26:44 INFO  : plnx-install-location is set to ''
15:26:44 INFO  : Successfully done setting XSCT server connection channel  
15:26:44 INFO  : Successfully done setting workspace for the tool. 
15:26:56 INFO  : Registering command handlers for Vitis TCF services
15:26:57 INFO  : Successfully done query RDI_DATADIR 
15:26:57 INFO  : Platform repository initialization has completed.
15:27:01 INFO  : Checking for BSP changes to sync application flags for project 'dsd_termprj'...
15:27:46 INFO  : Connected to target on host '127.0.0.1' and port '3121'.
15:27:46 INFO  : Jtag cable 'Digilent Zybo Z7 210351BA1D53A' is selected.
15:27:46 INFO  : 'jtag frequency' command is executed.
15:27:46 INFO  : Context for 'APU' is selected.
15:27:47 INFO  : System reset is completed.
15:27:50 INFO  : 'after 3000' command is executed.
15:27:50 INFO  : 'targets -set -filter {jtag_cable_name =~ "Digilent Zybo Z7 210351BA1D53A" && level==0 && jtag_device_ctx=="jsn-Zybo Z7-210351BA1D53A-23727093-0"}' command is executed.
15:27:52 INFO  : Device configured successfully with "C:/Users/junoh/vivado23/DSD25_Termprj/00_RTL_Skeleton/workspace/dsd_termprj/_ide/bitstream/design_1_wrapper.bit"
15:27:52 INFO  : Context for 'APU' is selected.
15:27:52 INFO  : Hardware design and registers information is loaded from 'C:/Users/junoh/vivado23/DSD25_Termprj/00_RTL_Skeleton/workspace/design_1_wrapper/export/design_1_wrapper/hw/design_1_wrapper.xsa'.
15:27:52 INFO  : 'configparams force-mem-access 1' command is executed.
15:27:52 INFO  : Context for 'APU' is selected.
15:27:52 INFO  : Sourcing of 'C:/Users/junoh/vivado23/DSD25_Termprj/00_RTL_Skeleton/workspace/dsd_termprj/_ide/psinit/ps7_init.tcl' is done.
15:27:52 INFO  : 'ps7_init' command is executed.
15:27:52 INFO  : 'ps7_post_config' command is executed.
15:27:52 INFO  : Context for processor 'ps7_cortexa9_0' is selected.
15:27:52 INFO  : The application 'C:/Users/junoh/vivado23/DSD25_Termprj/00_RTL_Skeleton/workspace/dsd_termprj/Debug/dsd_termprj.elf' is downloaded to processor 'ps7_cortexa9_0'.
15:27:52 INFO  : 'configparams force-mem-access 0' command is executed.
15:27:52 INFO  : ----------------XSDB Script----------------
connect -url tcp:127.0.0.1:3121
targets -set -nocase -filter {name =~"APU*"}
rst -system
after 3000
targets -set -filter {jtag_cable_name =~ "Digilent Zybo Z7 210351BA1D53A" && level==0 && jtag_device_ctx=="jsn-Zybo Z7-210351BA1D53A-23727093-0"}
fpga -file C:/Users/junoh/vivado23/DSD25_Termprj/00_RTL_Skeleton/workspace/dsd_termprj/_ide/bitstream/design_1_wrapper.bit
targets -set -nocase -filter {name =~"APU*"}
loadhw -hw C:/Users/junoh/vivado23/DSD25_Termprj/00_RTL_Skeleton/workspace/design_1_wrapper/export/design_1_wrapper/hw/design_1_wrapper.xsa -mem-ranges [list {0x40000000 0xbfffffff}] -regs
configparams force-mem-access 1
targets -set -nocase -filter {name =~"APU*"}
source C:/Users/junoh/vivado23/DSD25_Termprj/00_RTL_Skeleton/workspace/dsd_termprj/_ide/psinit/ps7_init.tcl
ps7_init
ps7_post_config
targets -set -nocase -filter {name =~ "*A9*#0"}
dow C:/Users/junoh/vivado23/DSD25_Termprj/00_RTL_Skeleton/workspace/dsd_termprj/Debug/dsd_termprj.elf
configparams force-mem-access 0
----------------End of Script----------------

15:27:52 INFO  : Context for processor 'ps7_cortexa9_0' is selected.
15:27:52 INFO  : 'con' command is executed.
15:27:52 INFO  : ----------------XSDB Script (After Launch)----------------
targets -set -nocase -filter {name =~ "*A9*#0"}
con
----------------End of Script----------------

15:27:52 INFO  : Disconnected from the channel tcfchan#1.
15:41:55 DEBUG : Logs will be stored at 'C:/Users/junoh/vivado23/DSD25_Termprj/00_RTL_Skeleton/workspace/IDE.log'.
15:41:56 INFO  : Launching XSCT server: xsct.bat -n  -interactive C:\Users\junoh\vivado23\DSD25_Termprj\00_RTL_Skeleton\workspace\temp_xsdb_launch_script.tcl
15:41:59 INFO  : XSCT server has started successfully.
15:41:59 INFO  : plnx-install-location is set to ''
15:41:59 INFO  : Successfully done setting XSCT server connection channel  
15:41:59 INFO  : Successfully done setting workspace for the tool. 
15:42:02 INFO  : Registering command handlers for Vitis TCF services
15:42:02 INFO  : Successfully done query RDI_DATADIR 
15:42:03 INFO  : Platform repository initialization has completed.
15:42:08 INFO  : Checking for BSP changes to sync application flags for project 'dsd_termprj'...
15:42:38 INFO  : Connected to target on host '127.0.0.1' and port '3121'.
15:42:39 INFO  : Jtag cable 'Digilent Zybo Z7 210351BA1D53A' is selected.
15:42:39 INFO  : 'jtag frequency' command is executed.
15:42:39 INFO  : Context for 'APU' is selected.
15:42:39 INFO  : System reset is completed.
15:42:42 INFO  : 'after 3000' command is executed.
15:42:42 INFO  : 'targets -set -filter {jtag_cable_name =~ "Digilent Zybo Z7 210351BA1D53A" && level==0 && jtag_device_ctx=="jsn-Zybo Z7-210351BA1D53A-23727093-0"}' command is executed.
15:42:44 INFO  : Device configured successfully with "C:/Users/junoh/vivado23/DSD25_Termprj/00_RTL_Skeleton/workspace/dsd_termprj/_ide/bitstream/design_1_wrapper.bit"
15:42:44 INFO  : Context for 'APU' is selected.
15:42:44 INFO  : Hardware design and registers information is loaded from 'C:/Users/junoh/vivado23/DSD25_Termprj/00_RTL_Skeleton/workspace/design_1_wrapper/export/design_1_wrapper/hw/design_1_wrapper.xsa'.
15:42:44 INFO  : 'configparams force-mem-access 1' command is executed.
15:42:44 INFO  : Context for 'APU' is selected.
15:42:44 INFO  : Sourcing of 'C:/Users/junoh/vivado23/DSD25_Termprj/00_RTL_Skeleton/workspace/dsd_termprj/_ide/psinit/ps7_init.tcl' is done.
15:42:45 INFO  : 'ps7_init' command is executed.
15:42:45 INFO  : 'ps7_post_config' command is executed.
15:42:45 INFO  : Context for processor 'ps7_cortexa9_0' is selected.
15:42:45 INFO  : The application 'C:/Users/junoh/vivado23/DSD25_Termprj/00_RTL_Skeleton/workspace/dsd_termprj/Debug/dsd_termprj.elf' is downloaded to processor 'ps7_cortexa9_0'.
15:42:45 INFO  : 'configparams force-mem-access 0' command is executed.
15:42:45 INFO  : ----------------XSDB Script----------------
connect -url tcp:127.0.0.1:3121
targets -set -nocase -filter {name =~"APU*"}
rst -system
after 3000
targets -set -filter {jtag_cable_name =~ "Digilent Zybo Z7 210351BA1D53A" && level==0 && jtag_device_ctx=="jsn-Zybo Z7-210351BA1D53A-23727093-0"}
fpga -file C:/Users/junoh/vivado23/DSD25_Termprj/00_RTL_Skeleton/workspace/dsd_termprj/_ide/bitstream/design_1_wrapper.bit
targets -set -nocase -filter {name =~"APU*"}
loadhw -hw C:/Users/junoh/vivado23/DSD25_Termprj/00_RTL_Skeleton/workspace/design_1_wrapper/export/design_1_wrapper/hw/design_1_wrapper.xsa -mem-ranges [list {0x40000000 0xbfffffff}] -regs
configparams force-mem-access 1
targets -set -nocase -filter {name =~"APU*"}
source C:/Users/junoh/vivado23/DSD25_Termprj/00_RTL_Skeleton/workspace/dsd_termprj/_ide/psinit/ps7_init.tcl
ps7_init
ps7_post_config
targets -set -nocase -filter {name =~ "*A9*#0"}
dow C:/Users/junoh/vivado23/DSD25_Termprj/00_RTL_Skeleton/workspace/dsd_termprj/Debug/dsd_termprj.elf
configparams force-mem-access 0
----------------End of Script----------------

15:42:45 INFO  : Context for processor 'ps7_cortexa9_0' is selected.
15:42:45 INFO  : 'con' command is executed.
15:42:45 INFO  : ----------------XSDB Script (After Launch)----------------
targets -set -nocase -filter {name =~ "*A9*#0"}
con
----------------End of Script----------------

15:42:45 INFO  : Disconnected from the channel tcfchan#1.
15:43:48 INFO  : Result from executing command 'removePlatformRepo': 
15:44:09 INFO  : Result from executing command 'getProjects': design_1_wrapper
15:44:09 INFO  : Result from executing command 'getPlatforms': xilinx_vck190_base_202310_1|C:/Xilinx/Vitis/2023.1/base_platforms/xilinx_vck190_base_202310_1/xilinx_vck190_base_202310_1.xpfm;xilinx_vck190_base_dfx_202310_1|C:/Xilinx/Vitis/2023.1/base_platforms/xilinx_vck190_base_dfx_202310_1/xilinx_vck190_base_dfx_202310_1.xpfm;xilinx_vek280_es1_base_202310_1|C:/Xilinx/Vitis/2023.1/base_platforms/xilinx_vek280_es1_base_202310_1/xilinx_vek280_es1_base_202310_1.xpfm;xilinx_vmk180_base_202310_1|C:/Xilinx/Vitis/2023.1/base_platforms/xilinx_vmk180_base_202310_1/xilinx_vmk180_base_202310_1.xpfm;xilinx_zcu102_base_202310_1|C:/Xilinx/Vitis/2023.1/base_platforms/xilinx_zcu102_base_202310_1/xilinx_zcu102_base_202310_1.xpfm;xilinx_zcu102_base_dfx_202310_1|C:/Xilinx/Vitis/2023.1/base_platforms/xilinx_zcu102_base_dfx_202310_1/xilinx_zcu102_base_dfx_202310_1.xpfm;xilinx_zcu104_base_202310_1|C:/Xilinx/Vitis/2023.1/base_platforms/xilinx_zcu104_base_202310_1/xilinx_zcu104_base_202310_1.xpfm
15:44:10 INFO  : Checking for BSP changes to sync application flags for project 'dsd_termprj'...
15:45:05 INFO  : Connected to target on host '127.0.0.1' and port '3121'.
15:45:05 INFO  : Jtag cable 'Digilent Zybo Z7 210351BA1D53A' is selected.
15:45:05 INFO  : 'jtag frequency' command is executed.
15:45:05 INFO  : Context for 'APU' is selected.
15:45:05 INFO  : System reset is completed.
15:45:08 INFO  : 'after 3000' command is executed.
15:45:08 INFO  : 'targets -set -filter {jtag_cable_name =~ "Digilent Zybo Z7 210351BA1D53A" && level==0 && jtag_device_ctx=="jsn-Zybo Z7-210351BA1D53A-23727093-0"}' command is executed.
15:45:11 INFO  : Device configured successfully with "C:/Users/junoh/vivado23/DSD25_Termprj/00_RTL_Skeleton/workspace/dsd_termprj/_ide/bitstream/design_1_wrapper.bit"
15:45:11 INFO  : Context for 'APU' is selected.
15:45:11 INFO  : Hardware design and registers information is loaded from 'C:/Users/junoh/vivado23/DSD25_Termprj/00_RTL_Skeleton/workspace/design_1_wrapper/export/design_1_wrapper/hw/design_1_wrapper.xsa'.
15:45:11 INFO  : 'configparams force-mem-access 1' command is executed.
15:45:11 INFO  : Context for 'APU' is selected.
15:45:11 INFO  : Sourcing of 'C:/Users/junoh/vivado23/DSD25_Termprj/00_RTL_Skeleton/workspace/dsd_termprj/_ide/psinit/ps7_init.tcl' is done.
15:45:11 INFO  : 'ps7_init' command is executed.
15:45:11 INFO  : 'ps7_post_config' command is executed.
15:45:11 INFO  : Context for processor 'ps7_cortexa9_0' is selected.
15:45:11 INFO  : The application 'C:/Users/junoh/vivado23/DSD25_Termprj/00_RTL_Skeleton/workspace/dsd_termprj/Debug/dsd_termprj.elf' is downloaded to processor 'ps7_cortexa9_0'.
15:45:11 INFO  : 'configparams force-mem-access 0' command is executed.
15:45:11 INFO  : ----------------XSDB Script----------------
connect -url tcp:127.0.0.1:3121
targets -set -nocase -filter {name =~"APU*"}
rst -system
after 3000
targets -set -filter {jtag_cable_name =~ "Digilent Zybo Z7 210351BA1D53A" && level==0 && jtag_device_ctx=="jsn-Zybo Z7-210351BA1D53A-23727093-0"}
fpga -file C:/Users/junoh/vivado23/DSD25_Termprj/00_RTL_Skeleton/workspace/dsd_termprj/_ide/bitstream/design_1_wrapper.bit
targets -set -nocase -filter {name =~"APU*"}
loadhw -hw C:/Users/junoh/vivado23/DSD25_Termprj/00_RTL_Skeleton/workspace/design_1_wrapper/export/design_1_wrapper/hw/design_1_wrapper.xsa -mem-ranges [list {0x40000000 0xbfffffff}] -regs
configparams force-mem-access 1
targets -set -nocase -filter {name =~"APU*"}
source C:/Users/junoh/vivado23/DSD25_Termprj/00_RTL_Skeleton/workspace/dsd_termprj/_ide/psinit/ps7_init.tcl
ps7_init
ps7_post_config
targets -set -nocase -filter {name =~ "*A9*#0"}
dow C:/Users/junoh/vivado23/DSD25_Termprj/00_RTL_Skeleton/workspace/dsd_termprj/Debug/dsd_termprj.elf
configparams force-mem-access 0
----------------End of Script----------------

15:45:11 INFO  : Context for processor 'ps7_cortexa9_0' is selected.
15:45:11 INFO  : 'con' command is executed.
15:45:11 INFO  : ----------------XSDB Script (After Launch)----------------
targets -set -nocase -filter {name =~ "*A9*#0"}
con
----------------End of Script----------------

15:45:11 INFO  : Disconnected from the channel tcfchan#4.
15:45:34 INFO  : Connected to target on host '127.0.0.1' and port '3121'.
15:45:35 INFO  : Jtag cable 'Digilent Zybo Z7 210351BA1D53A' is selected.
15:45:35 INFO  : 'jtag frequency' command is executed.
15:45:35 INFO  : Context for 'APU' is selected.
15:45:35 INFO  : System reset is completed.
15:45:38 INFO  : 'after 3000' command is executed.
15:45:38 INFO  : 'targets -set -filter {jtag_cable_name =~ "Digilent Zybo Z7 210351BA1D53A" && level==0 && jtag_device_ctx=="jsn-Zybo Z7-210351BA1D53A-23727093-0"}' command is executed.
15:45:41 INFO  : Device configured successfully with "C:/Users/junoh/vivado23/DSD25_Termprj/00_RTL_Skeleton/workspace/dsd_termprj/_ide/bitstream/design_1_wrapper.bit"
15:45:41 INFO  : Context for 'APU' is selected.
15:45:41 INFO  : Hardware design and registers information is loaded from 'C:/Users/junoh/vivado23/DSD25_Termprj/00_RTL_Skeleton/workspace/design_1_wrapper/export/design_1_wrapper/hw/design_1_wrapper.xsa'.
15:45:41 INFO  : 'configparams force-mem-access 1' command is executed.
15:45:41 INFO  : Context for 'APU' is selected.
15:45:41 INFO  : Sourcing of 'C:/Users/junoh/vivado23/DSD25_Termprj/00_RTL_Skeleton/workspace/dsd_termprj/_ide/psinit/ps7_init.tcl' is done.
15:45:41 INFO  : 'ps7_init' command is executed.
15:45:41 INFO  : 'ps7_post_config' command is executed.
15:45:41 INFO  : Context for processor 'ps7_cortexa9_0' is selected.
15:45:41 INFO  : The application 'C:/Users/junoh/vivado23/DSD25_Termprj/00_RTL_Skeleton/workspace/dsd_termprj/Debug/dsd_termprj.elf' is downloaded to processor 'ps7_cortexa9_0'.
15:45:41 INFO  : 'configparams force-mem-access 0' command is executed.
15:45:41 INFO  : ----------------XSDB Script----------------
connect -url tcp:127.0.0.1:3121
targets -set -nocase -filter {name =~"APU*"}
rst -system
after 3000
targets -set -filter {jtag_cable_name =~ "Digilent Zybo Z7 210351BA1D53A" && level==0 && jtag_device_ctx=="jsn-Zybo Z7-210351BA1D53A-23727093-0"}
fpga -file C:/Users/junoh/vivado23/DSD25_Termprj/00_RTL_Skeleton/workspace/dsd_termprj/_ide/bitstream/design_1_wrapper.bit
targets -set -nocase -filter {name =~"APU*"}
loadhw -hw C:/Users/junoh/vivado23/DSD25_Termprj/00_RTL_Skeleton/workspace/design_1_wrapper/export/design_1_wrapper/hw/design_1_wrapper.xsa -mem-ranges [list {0x40000000 0xbfffffff}] -regs
configparams force-mem-access 1
targets -set -nocase -filter {name =~"APU*"}
source C:/Users/junoh/vivado23/DSD25_Termprj/00_RTL_Skeleton/workspace/dsd_termprj/_ide/psinit/ps7_init.tcl
ps7_init
ps7_post_config
targets -set -nocase -filter {name =~ "*A9*#0"}
dow C:/Users/junoh/vivado23/DSD25_Termprj/00_RTL_Skeleton/workspace/dsd_termprj/Debug/dsd_termprj.elf
configparams force-mem-access 0
----------------End of Script----------------

15:45:41 INFO  : Context for processor 'ps7_cortexa9_0' is selected.
15:45:41 INFO  : 'con' command is executed.
15:45:41 INFO  : ----------------XSDB Script (After Launch)----------------
targets -set -nocase -filter {name =~ "*A9*#0"}
con
----------------End of Script----------------

15:45:41 INFO  : Disconnected from the channel tcfchan#5.
15:56:13 DEBUG : Logs will be stored at 'C:/Users/junoh/vivado23/DSD25_Termprj/00_RTL_Skeleton/workspace/IDE.log'.
15:56:14 INFO  : Launching XSCT server: xsct.bat -n  -interactive C:\Users\junoh\vivado23\DSD25_Termprj\00_RTL_Skeleton\workspace\temp_xsdb_launch_script.tcl
15:56:17 INFO  : XSCT server has started successfully.
15:56:17 INFO  : plnx-install-location is set to ''
15:56:17 INFO  : Successfully done setting XSCT server connection channel  
15:56:17 INFO  : Successfully done setting workspace for the tool. 
15:56:21 INFO  : Registering command handlers for Vitis TCF services
15:56:21 INFO  : Successfully done query RDI_DATADIR 
15:56:22 INFO  : Platform repository initialization has completed.
15:56:33 INFO  : Checking for BSP changes to sync application flags for project 'dsd_termprj'...
15:56:50 INFO  : Connected to target on host '127.0.0.1' and port '3121'.
15:56:51 INFO  : Jtag cable 'Digilent Zybo Z7 210351BA1D53A' is selected.
15:56:51 INFO  : 'jtag frequency' command is executed.
15:56:51 INFO  : Context for 'APU' is selected.
15:56:51 INFO  : System reset is completed.
15:56:54 INFO  : 'after 3000' command is executed.
15:56:54 INFO  : 'targets -set -filter {jtag_cable_name =~ "Digilent Zybo Z7 210351BA1D53A" && level==0 && jtag_device_ctx=="jsn-Zybo Z7-210351BA1D53A-23727093-0"}' command is executed.
15:56:56 INFO  : Device configured successfully with "C:/Users/junoh/vivado23/DSD25_Termprj/00_RTL_Skeleton/workspace/dsd_termprj/_ide/bitstream/design_1_wrapper.bit"
15:56:56 INFO  : Context for 'APU' is selected.
15:56:56 INFO  : Hardware design and registers information is loaded from 'C:/Users/junoh/vivado23/DSD25_Termprj/00_RTL_Skeleton/workspace/design_1_wrapper/export/design_1_wrapper/hw/design_1_wrapper.xsa'.
15:56:56 INFO  : 'configparams force-mem-access 1' command is executed.
15:56:56 INFO  : Context for 'APU' is selected.
15:56:56 INFO  : Sourcing of 'C:/Users/junoh/vivado23/DSD25_Termprj/00_RTL_Skeleton/workspace/dsd_termprj/_ide/psinit/ps7_init.tcl' is done.
15:56:56 INFO  : 'ps7_init' command is executed.
15:56:56 INFO  : 'ps7_post_config' command is executed.
15:56:56 INFO  : Context for processor 'ps7_cortexa9_0' is selected.
15:56:57 INFO  : The application 'C:/Users/junoh/vivado23/DSD25_Termprj/00_RTL_Skeleton/workspace/dsd_termprj/Debug/dsd_termprj.elf' is downloaded to processor 'ps7_cortexa9_0'.
15:56:57 INFO  : 'configparams force-mem-access 0' command is executed.
15:56:57 INFO  : ----------------XSDB Script----------------
connect -url tcp:127.0.0.1:3121
targets -set -nocase -filter {name =~"APU*"}
rst -system
after 3000
targets -set -filter {jtag_cable_name =~ "Digilent Zybo Z7 210351BA1D53A" && level==0 && jtag_device_ctx=="jsn-Zybo Z7-210351BA1D53A-23727093-0"}
fpga -file C:/Users/junoh/vivado23/DSD25_Termprj/00_RTL_Skeleton/workspace/dsd_termprj/_ide/bitstream/design_1_wrapper.bit
targets -set -nocase -filter {name =~"APU*"}
loadhw -hw C:/Users/junoh/vivado23/DSD25_Termprj/00_RTL_Skeleton/workspace/design_1_wrapper/export/design_1_wrapper/hw/design_1_wrapper.xsa -mem-ranges [list {0x40000000 0xbfffffff}] -regs
configparams force-mem-access 1
targets -set -nocase -filter {name =~"APU*"}
source C:/Users/junoh/vivado23/DSD25_Termprj/00_RTL_Skeleton/workspace/dsd_termprj/_ide/psinit/ps7_init.tcl
ps7_init
ps7_post_config
targets -set -nocase -filter {name =~ "*A9*#0"}
dow C:/Users/junoh/vivado23/DSD25_Termprj/00_RTL_Skeleton/workspace/dsd_termprj/Debug/dsd_termprj.elf
configparams force-mem-access 0
----------------End of Script----------------

15:56:57 INFO  : Context for processor 'ps7_cortexa9_0' is selected.
15:56:57 INFO  : 'con' command is executed.
15:56:57 INFO  : ----------------XSDB Script (After Launch)----------------
targets -set -nocase -filter {name =~ "*A9*#0"}
con
----------------End of Script----------------

15:56:57 INFO  : Disconnected from the channel tcfchan#1.
16:44:45 DEBUG : Logs will be stored at 'C:/Users/junoh/vivado23/DSD25_Termprj/00_RTL_Skeleton/workspace/IDE.log'.
16:44:46 INFO  : Launching XSCT server: xsct.bat -n  -interactive C:\Users\junoh\vivado23\DSD25_Termprj\00_RTL_Skeleton\workspace\temp_xsdb_launch_script.tcl
16:44:49 INFO  : XSCT server has started successfully.
16:44:49 INFO  : plnx-install-location is set to ''
16:44:49 INFO  : Successfully done setting XSCT server connection channel  
16:44:49 INFO  : Successfully done setting workspace for the tool. 
16:44:50 INFO  : Registering command handlers for Vitis TCF services
16:44:50 INFO  : Successfully done query RDI_DATADIR 
16:44:51 INFO  : Platform repository initialization has completed.
16:45:03 INFO  : Checking for BSP changes to sync application flags for project 'dsd_termprj'...
16:45:19 INFO  : Result from executing command 'removePlatformRepo': 
16:45:39 INFO  : Result from executing command 'getProjects': design_1_wrapper
16:45:39 INFO  : Result from executing command 'getPlatforms': xilinx_vck190_base_202310_1|C:/Xilinx/Vitis/2023.1/base_platforms/xilinx_vck190_base_202310_1/xilinx_vck190_base_202310_1.xpfm;xilinx_vck190_base_dfx_202310_1|C:/Xilinx/Vitis/2023.1/base_platforms/xilinx_vck190_base_dfx_202310_1/xilinx_vck190_base_dfx_202310_1.xpfm;xilinx_vek280_es1_base_202310_1|C:/Xilinx/Vitis/2023.1/base_platforms/xilinx_vek280_es1_base_202310_1/xilinx_vek280_es1_base_202310_1.xpfm;xilinx_vmk180_base_202310_1|C:/Xilinx/Vitis/2023.1/base_platforms/xilinx_vmk180_base_202310_1/xilinx_vmk180_base_202310_1.xpfm;xilinx_zcu102_base_202310_1|C:/Xilinx/Vitis/2023.1/base_platforms/xilinx_zcu102_base_202310_1/xilinx_zcu102_base_202310_1.xpfm;xilinx_zcu102_base_dfx_202310_1|C:/Xilinx/Vitis/2023.1/base_platforms/xilinx_zcu102_base_dfx_202310_1/xilinx_zcu102_base_dfx_202310_1.xpfm;xilinx_zcu104_base_202310_1|C:/Xilinx/Vitis/2023.1/base_platforms/xilinx_zcu104_base_202310_1/xilinx_zcu104_base_202310_1.xpfm
16:45:40 INFO  : Checking for BSP changes to sync application flags for project 'dsd_termprj'...
16:45:57 INFO  : Connected to target on host '127.0.0.1' and port '3121'.
16:45:58 INFO  : Jtag cable 'Digilent Zybo Z7 210351BA1D53A' is selected.
16:45:58 INFO  : 'jtag frequency' command is executed.
16:45:58 INFO  : Context for 'APU' is selected.
16:45:58 INFO  : System reset is completed.
16:46:01 INFO  : 'after 3000' command is executed.
16:46:01 INFO  : 'targets -set -filter {jtag_cable_name =~ "Digilent Zybo Z7 210351BA1D53A" && level==0 && jtag_device_ctx=="jsn-Zybo Z7-210351BA1D53A-23727093-0"}' command is executed.
16:46:04 INFO  : Device configured successfully with "C:/Users/junoh/vivado23/DSD25_Termprj/00_RTL_Skeleton/workspace/dsd_termprj/_ide/bitstream/design_1_wrapper.bit"
16:46:04 INFO  : Context for 'APU' is selected.
16:46:04 INFO  : Hardware design and registers information is loaded from 'C:/Users/junoh/vivado23/DSD25_Termprj/00_RTL_Skeleton/workspace/design_1_wrapper/export/design_1_wrapper/hw/design_1_wrapper.xsa'.
16:46:04 INFO  : 'configparams force-mem-access 1' command is executed.
16:46:04 INFO  : Context for 'APU' is selected.
16:46:04 INFO  : Sourcing of 'C:/Users/junoh/vivado23/DSD25_Termprj/00_RTL_Skeleton/workspace/dsd_termprj/_ide/psinit/ps7_init.tcl' is done.
16:46:04 INFO  : 'ps7_init' command is executed.
16:46:04 INFO  : 'ps7_post_config' command is executed.
16:46:04 INFO  : Context for processor 'ps7_cortexa9_0' is selected.
16:46:04 INFO  : The application 'C:/Users/junoh/vivado23/DSD25_Termprj/00_RTL_Skeleton/workspace/dsd_termprj/Debug/dsd_termprj.elf' is downloaded to processor 'ps7_cortexa9_0'.
16:46:04 INFO  : 'configparams force-mem-access 0' command is executed.
16:46:04 INFO  : ----------------XSDB Script----------------
connect -url tcp:127.0.0.1:3121
targets -set -nocase -filter {name =~"APU*"}
rst -system
after 3000
targets -set -filter {jtag_cable_name =~ "Digilent Zybo Z7 210351BA1D53A" && level==0 && jtag_device_ctx=="jsn-Zybo Z7-210351BA1D53A-23727093-0"}
fpga -file C:/Users/junoh/vivado23/DSD25_Termprj/00_RTL_Skeleton/workspace/dsd_termprj/_ide/bitstream/design_1_wrapper.bit
targets -set -nocase -filter {name =~"APU*"}
loadhw -hw C:/Users/junoh/vivado23/DSD25_Termprj/00_RTL_Skeleton/workspace/design_1_wrapper/export/design_1_wrapper/hw/design_1_wrapper.xsa -mem-ranges [list {0x40000000 0xbfffffff}] -regs
configparams force-mem-access 1
targets -set -nocase -filter {name =~"APU*"}
source C:/Users/junoh/vivado23/DSD25_Termprj/00_RTL_Skeleton/workspace/dsd_termprj/_ide/psinit/ps7_init.tcl
ps7_init
ps7_post_config
targets -set -nocase -filter {name =~ "*A9*#0"}
dow C:/Users/junoh/vivado23/DSD25_Termprj/00_RTL_Skeleton/workspace/dsd_termprj/Debug/dsd_termprj.elf
configparams force-mem-access 0
----------------End of Script----------------

16:46:04 INFO  : Context for processor 'ps7_cortexa9_0' is selected.
16:46:04 INFO  : 'con' command is executed.
16:46:04 INFO  : ----------------XSDB Script (After Launch)----------------
targets -set -nocase -filter {name =~ "*A9*#0"}
con
----------------End of Script----------------

16:46:04 INFO  : Disconnected from the channel tcfchan#3.
23:24:42 DEBUG : Logs will be stored at 'C:/Users/junoh/vivado23/DSD25_Termprj/00_RTL_Skeleton/workspace/IDE.log'.
23:24:43 INFO  : Launching XSCT server: xsct.bat -n  -interactive C:\Users\junoh\vivado23\DSD25_Termprj\00_RTL_Skeleton\workspace\temp_xsdb_launch_script.tcl
23:24:46 INFO  : XSCT server has started successfully.
23:24:46 INFO  : Successfully done setting XSCT server connection channel  
23:24:46 INFO  : plnx-install-location is set to ''
23:24:46 INFO  : Successfully done setting workspace for the tool. 
23:24:47 INFO  : Registering command handlers for Vitis TCF services
23:24:48 INFO  : Platform repository initialization has completed.
23:24:49 INFO  : Successfully done query RDI_DATADIR 
23:25:00 INFO  : Result from executing command 'removePlatformRepo': 
23:25:23 ERROR : Error from executing command 'removePlatformRepo': ERROR: No valid directory exists at given path.
23:25:43 INFO  : Result from executing command 'getProjects': design_1_wrapper
23:25:43 INFO  : Result from executing command 'getPlatforms': xilinx_vck190_base_202310_1|C:/Xilinx/Vitis/2023.1/base_platforms/xilinx_vck190_base_202310_1/xilinx_vck190_base_202310_1.xpfm;xilinx_vck190_base_dfx_202310_1|C:/Xilinx/Vitis/2023.1/base_platforms/xilinx_vck190_base_dfx_202310_1/xilinx_vck190_base_dfx_202310_1.xpfm;xilinx_vek280_es1_base_202310_1|C:/Xilinx/Vitis/2023.1/base_platforms/xilinx_vek280_es1_base_202310_1/xilinx_vek280_es1_base_202310_1.xpfm;xilinx_vmk180_base_202310_1|C:/Xilinx/Vitis/2023.1/base_platforms/xilinx_vmk180_base_202310_1/xilinx_vmk180_base_202310_1.xpfm;xilinx_zcu102_base_202310_1|C:/Xilinx/Vitis/2023.1/base_platforms/xilinx_zcu102_base_202310_1/xilinx_zcu102_base_202310_1.xpfm;xilinx_zcu102_base_dfx_202310_1|C:/Xilinx/Vitis/2023.1/base_platforms/xilinx_zcu102_base_dfx_202310_1/xilinx_zcu102_base_dfx_202310_1.xpfm;xilinx_zcu104_base_202310_1|C:/Xilinx/Vitis/2023.1/base_platforms/xilinx_zcu104_base_202310_1/xilinx_zcu104_base_202310_1.xpfm
23:25:44 INFO  : Checking for BSP changes to sync application flags for project 'dsd_termprj'...
23:26:33 INFO  : Connected to target on host '127.0.0.1' and port '3121'.
23:26:34 INFO  : Jtag cable 'Digilent Zybo Z7 210351BA1D53A' is selected.
23:26:34 INFO  : 'jtag frequency' command is executed.
23:26:34 INFO  : Context for 'APU' is selected.
23:26:34 INFO  : System reset is completed.
23:26:37 INFO  : 'after 3000' command is executed.
23:26:37 INFO  : 'targets -set -filter {jtag_cable_name =~ "Digilent Zybo Z7 210351BA1D53A" && level==0 && jtag_device_ctx=="jsn-Zybo Z7-210351BA1D53A-23727093-0"}' command is executed.
23:26:39 INFO  : Device configured successfully with "C:/Users/junoh/vivado23/DSD25_Termprj/00_RTL_Skeleton/workspace/dsd_termprj/_ide/bitstream/design_1_wrapper.bit"
23:26:39 INFO  : Context for 'APU' is selected.
23:26:39 INFO  : Hardware design and registers information is loaded from 'C:/Users/junoh/vivado23/DSD25_Termprj/00_RTL_Skeleton/workspace/design_1_wrapper/export/design_1_wrapper/hw/design_1_wrapper.xsa'.
23:26:39 INFO  : 'configparams force-mem-access 1' command is executed.
23:26:39 INFO  : Context for 'APU' is selected.
23:26:39 INFO  : Sourcing of 'C:/Users/junoh/vivado23/DSD25_Termprj/00_RTL_Skeleton/workspace/dsd_termprj/_ide/psinit/ps7_init.tcl' is done.
23:26:39 INFO  : 'ps7_init' command is executed.
23:26:39 INFO  : 'ps7_post_config' command is executed.
23:26:39 INFO  : Context for processor 'ps7_cortexa9_0' is selected.
23:26:40 INFO  : The application 'C:/Users/junoh/vivado23/DSD25_Termprj/00_RTL_Skeleton/workspace/dsd_termprj/Debug/dsd_termprj.elf' is downloaded to processor 'ps7_cortexa9_0'.
23:26:40 INFO  : 'configparams force-mem-access 0' command is executed.
23:26:40 INFO  : ----------------XSDB Script----------------
connect -url tcp:127.0.0.1:3121
targets -set -nocase -filter {name =~"APU*"}
rst -system
after 3000
targets -set -filter {jtag_cable_name =~ "Digilent Zybo Z7 210351BA1D53A" && level==0 && jtag_device_ctx=="jsn-Zybo Z7-210351BA1D53A-23727093-0"}
fpga -file C:/Users/junoh/vivado23/DSD25_Termprj/00_RTL_Skeleton/workspace/dsd_termprj/_ide/bitstream/design_1_wrapper.bit
targets -set -nocase -filter {name =~"APU*"}
loadhw -hw C:/Users/junoh/vivado23/DSD25_Termprj/00_RTL_Skeleton/workspace/design_1_wrapper/export/design_1_wrapper/hw/design_1_wrapper.xsa -mem-ranges [list {0x40000000 0xbfffffff}] -regs
configparams force-mem-access 1
targets -set -nocase -filter {name =~"APU*"}
source C:/Users/junoh/vivado23/DSD25_Termprj/00_RTL_Skeleton/workspace/dsd_termprj/_ide/psinit/ps7_init.tcl
ps7_init
ps7_post_config
targets -set -nocase -filter {name =~ "*A9*#0"}
dow C:/Users/junoh/vivado23/DSD25_Termprj/00_RTL_Skeleton/workspace/dsd_termprj/Debug/dsd_termprj.elf
configparams force-mem-access 0
----------------End of Script----------------

23:26:40 INFO  : Context for processor 'ps7_cortexa9_0' is selected.
23:26:40 INFO  : 'con' command is executed.
23:26:40 INFO  : ----------------XSDB Script (After Launch)----------------
targets -set -nocase -filter {name =~ "*A9*#0"}
con
----------------End of Script----------------

23:26:40 INFO  : Disconnected from the channel tcfchan#4.
00:05:46 DEBUG : Logs will be stored at 'C:/Users/junoh/vivado23/DSD25_Termprj/00_RTL_Skeleton/workspace/IDE.log'.
00:05:47 INFO  : Launching XSCT server: xsct.bat -n  -interactive C:\Users\junoh\vivado23\DSD25_Termprj\00_RTL_Skeleton\workspace\temp_xsdb_launch_script.tcl
00:05:50 INFO  : XSCT server has started successfully.
00:05:50 INFO  : Successfully done setting XSCT server connection channel  
00:05:50 INFO  : plnx-install-location is set to ''
00:05:50 INFO  : Successfully done setting workspace for the tool. 
00:06:11 INFO  : Registering command handlers for Vitis TCF services
00:06:11 INFO  : Successfully done query RDI_DATADIR 
00:06:11 INFO  : Platform repository initialization has completed.
00:07:46 INFO  : Result from executing command 'getProjects': design_1_wrapper;design_1_wrapper_1
00:07:46 INFO  : Result from executing command 'getPlatforms': design_1_wrapper|C:/Users/junoh/vivado23/DSD25_Termprj/00_RTL_Skeleton/workspace/design_1_wrapper/export/design_1_wrapper/design_1_wrapper.xpfm;xilinx_vck190_base_202310_1|C:/Xilinx/Vitis/2023.1/base_platforms/xilinx_vck190_base_202310_1/xilinx_vck190_base_202310_1.xpfm;xilinx_vck190_base_dfx_202310_1|C:/Xilinx/Vitis/2023.1/base_platforms/xilinx_vck190_base_dfx_202310_1/xilinx_vck190_base_dfx_202310_1.xpfm;xilinx_vek280_es1_base_202310_1|C:/Xilinx/Vitis/2023.1/base_platforms/xilinx_vek280_es1_base_202310_1/xilinx_vek280_es1_base_202310_1.xpfm;xilinx_vmk180_base_202310_1|C:/Xilinx/Vitis/2023.1/base_platforms/xilinx_vmk180_base_202310_1/xilinx_vmk180_base_202310_1.xpfm;xilinx_zcu102_base_202310_1|C:/Xilinx/Vitis/2023.1/base_platforms/xilinx_zcu102_base_202310_1/xilinx_zcu102_base_202310_1.xpfm;xilinx_zcu102_base_dfx_202310_1|C:/Xilinx/Vitis/2023.1/base_platforms/xilinx_zcu102_base_dfx_202310_1/xilinx_zcu102_base_dfx_202310_1.xpfm;xilinx_zcu104_base_202310_1|C:/Xilinx/Vitis/2023.1/base_platforms/xilinx_zcu104_base_202310_1/xilinx_zcu104_base_202310_1.xpfm
00:07:47 WARN  : An unexpected exception occurred in the module 'platform project logging'
00:07:48 INFO  : Platform 'design_1_wrapper_1' is added to custom repositories.
00:07:57 INFO  : Platform 'design_1_wrapper_1' is added to custom repositories.
00:08:50 INFO  : Result from executing command 'getProjects': design_1_wrapper;design_1_wrapper_1
00:08:50 INFO  : Result from executing command 'getPlatforms': design_1_wrapper_1|C:/Users/junoh/vivado23/DSD25_Termprj/00_RTL_Skeleton/workspace/design_1_wrapper_1/export/design_1_wrapper_1/design_1_wrapper_1.xpfm;design_1_wrapper|C:/Users/junoh/vivado23/DSD25_Termprj/00_RTL_Skeleton/workspace/design_1_wrapper/export/design_1_wrapper/design_1_wrapper.xpfm;xilinx_vck190_base_202310_1|C:/Xilinx/Vitis/2023.1/base_platforms/xilinx_vck190_base_202310_1/xilinx_vck190_base_202310_1.xpfm;xilinx_vck190_base_dfx_202310_1|C:/Xilinx/Vitis/2023.1/base_platforms/xilinx_vck190_base_dfx_202310_1/xilinx_vck190_base_dfx_202310_1.xpfm;xilinx_vek280_es1_base_202310_1|C:/Xilinx/Vitis/2023.1/base_platforms/xilinx_vek280_es1_base_202310_1/xilinx_vek280_es1_base_202310_1.xpfm;xilinx_vmk180_base_202310_1|C:/Xilinx/Vitis/2023.1/base_platforms/xilinx_vmk180_base_202310_1/xilinx_vmk180_base_202310_1.xpfm;xilinx_zcu102_base_202310_1|C:/Xilinx/Vitis/2023.1/base_platforms/xilinx_zcu102_base_202310_1/xilinx_zcu102_base_202310_1.xpfm;xilinx_zcu102_base_dfx_202310_1|C:/Xilinx/Vitis/2023.1/base_platforms/xilinx_zcu102_base_dfx_202310_1/xilinx_zcu102_base_dfx_202310_1.xpfm;xilinx_zcu104_base_202310_1|C:/Xilinx/Vitis/2023.1/base_platforms/xilinx_zcu104_base_202310_1/xilinx_zcu104_base_202310_1.xpfm
00:08:51 INFO  : Checking for BSP changes to sync application flags for project 'dsd'...
00:09:10 INFO  : Connected to target on host '127.0.0.1' and port '3121'.
00:09:10 INFO  : Jtag cable 'Digilent Zybo Z7 210351BA1D53A' is selected.
00:09:10 INFO  : 'jtag frequency' command is executed.
00:09:10 INFO  : Context for 'APU' is selected.
00:09:11 INFO  : System reset is completed.
00:09:14 INFO  : 'after 3000' command is executed.
00:09:14 INFO  : 'targets -set -filter {jtag_cable_name =~ "Digilent Zybo Z7 210351BA1D53A" && level==0 && jtag_device_ctx=="jsn-Zybo Z7-210351BA1D53A-23727093-0"}' command is executed.
00:09:16 INFO  : Device configured successfully with "C:/Users/junoh/vivado23/DSD25_Termprj/00_RTL_Skeleton/workspace/dsd_termprj/_ide/bitstream/design_1_wrapper.bit"
00:09:16 INFO  : Context for 'APU' is selected.
00:09:16 INFO  : Hardware design and registers information is loaded from 'C:/Users/junoh/vivado23/DSD25_Termprj/00_RTL_Skeleton/workspace/design_1_wrapper/export/design_1_wrapper/hw/design_1_wrapper.xsa'.
00:09:16 INFO  : 'configparams force-mem-access 1' command is executed.
00:09:16 INFO  : Context for 'APU' is selected.
00:09:16 INFO  : Sourcing of 'C:/Users/junoh/vivado23/DSD25_Termprj/00_RTL_Skeleton/workspace/dsd_termprj/_ide/psinit/ps7_init.tcl' is done.
00:09:16 INFO  : 'ps7_init' command is executed.
00:09:16 INFO  : 'ps7_post_config' command is executed.
00:09:16 INFO  : Context for processor 'ps7_cortexa9_0' is selected.
00:09:16 INFO  : The application 'C:/Users/junoh/vivado23/DSD25_Termprj/00_RTL_Skeleton/workspace/dsd_termprj/Debug/dsd_termprj.elf' is downloaded to processor 'ps7_cortexa9_0'.
00:09:16 INFO  : 'configparams force-mem-access 0' command is executed.
00:09:16 INFO  : ----------------XSDB Script----------------
connect -url tcp:127.0.0.1:3121
targets -set -nocase -filter {name =~"APU*"}
rst -system
after 3000
targets -set -filter {jtag_cable_name =~ "Digilent Zybo Z7 210351BA1D53A" && level==0 && jtag_device_ctx=="jsn-Zybo Z7-210351BA1D53A-23727093-0"}
fpga -file C:/Users/junoh/vivado23/DSD25_Termprj/00_RTL_Skeleton/workspace/dsd_termprj/_ide/bitstream/design_1_wrapper.bit
targets -set -nocase -filter {name =~"APU*"}
loadhw -hw C:/Users/junoh/vivado23/DSD25_Termprj/00_RTL_Skeleton/workspace/design_1_wrapper/export/design_1_wrapper/hw/design_1_wrapper.xsa -mem-ranges [list {0x40000000 0xbfffffff}] -regs
configparams force-mem-access 1
targets -set -nocase -filter {name =~"APU*"}
source C:/Users/junoh/vivado23/DSD25_Termprj/00_RTL_Skeleton/workspace/dsd_termprj/_ide/psinit/ps7_init.tcl
ps7_init
ps7_post_config
targets -set -nocase -filter {name =~ "*A9*#0"}
dow C:/Users/junoh/vivado23/DSD25_Termprj/00_RTL_Skeleton/workspace/dsd_termprj/Debug/dsd_termprj.elf
configparams force-mem-access 0
----------------End of Script----------------

00:09:16 INFO  : Context for processor 'ps7_cortexa9_0' is selected.
00:09:16 INFO  : 'con' command is executed.
00:09:16 INFO  : ----------------XSDB Script (After Launch)----------------
targets -set -nocase -filter {name =~ "*A9*#0"}
con
----------------End of Script----------------

00:09:16 INFO  : Disconnected from the channel tcfchan#2.
00:43:31 DEBUG : Logs will be stored at 'C:/Users/junoh/vivado23/DSD25_Termprj/00_RTL_Skeleton/workspace/IDE.log'.
00:43:32 INFO  : Launching XSCT server: xsct.bat -n  -interactive C:\Users\junoh\vivado23\DSD25_Termprj\00_RTL_Skeleton\workspace\temp_xsdb_launch_script.tcl
00:43:35 INFO  : XSCT server has started successfully.
00:43:35 INFO  : Successfully done setting XSCT server connection channel  
00:43:35 INFO  : plnx-install-location is set to ''
00:43:35 INFO  : Successfully done setting workspace for the tool. 
00:43:36 INFO  : Registering command handlers for Vitis TCF services
00:43:36 INFO  : Successfully done query RDI_DATADIR 
00:43:37 INFO  : Platform repository initialization has completed.
00:43:53 WARN  : An unexpected exception occurred in the module 'platform project logging'
00:43:54 WARN  : An unexpected exception occurred in the module 'platform project logging'
00:44:57 INFO  : Result from executing command 'getProjects': design_1_wrapper
00:44:57 INFO  : Result from executing command 'getPlatforms': xilinx_vck190_base_202310_1|C:/Xilinx/Vitis/2023.1/base_platforms/xilinx_vck190_base_202310_1/xilinx_vck190_base_202310_1.xpfm;xilinx_vck190_base_dfx_202310_1|C:/Xilinx/Vitis/2023.1/base_platforms/xilinx_vck190_base_dfx_202310_1/xilinx_vck190_base_dfx_202310_1.xpfm;xilinx_vek280_es1_base_202310_1|C:/Xilinx/Vitis/2023.1/base_platforms/xilinx_vek280_es1_base_202310_1/xilinx_vek280_es1_base_202310_1.xpfm;xilinx_vmk180_base_202310_1|C:/Xilinx/Vitis/2023.1/base_platforms/xilinx_vmk180_base_202310_1/xilinx_vmk180_base_202310_1.xpfm;xilinx_zcu102_base_202310_1|C:/Xilinx/Vitis/2023.1/base_platforms/xilinx_zcu102_base_202310_1/xilinx_zcu102_base_202310_1.xpfm;xilinx_zcu102_base_dfx_202310_1|C:/Xilinx/Vitis/2023.1/base_platforms/xilinx_zcu102_base_dfx_202310_1/xilinx_zcu102_base_dfx_202310_1.xpfm;xilinx_zcu104_base_202310_1|C:/Xilinx/Vitis/2023.1/base_platforms/xilinx_zcu104_base_202310_1/xilinx_zcu104_base_202310_1.xpfm
00:44:58 WARN  : An unexpected exception occurred in the module 'platform project logging'
00:44:59 INFO  : Platform 'design_1_wrapper' is added to custom repositories.
00:45:07 INFO  : Platform 'design_1_wrapper' is added to custom repositories.
00:45:37 INFO  : Result from executing command 'getProjects': design_1_wrapper
00:45:37 INFO  : Result from executing command 'getPlatforms': design_1_wrapper|C:/Users/junoh/vivado23/DSD25_Termprj/00_RTL_Skeleton/workspace/design_1_wrapper/export/design_1_wrapper/design_1_wrapper.xpfm;xilinx_vck190_base_202310_1|C:/Xilinx/Vitis/2023.1/base_platforms/xilinx_vck190_base_202310_1/xilinx_vck190_base_202310_1.xpfm;xilinx_vck190_base_dfx_202310_1|C:/Xilinx/Vitis/2023.1/base_platforms/xilinx_vck190_base_dfx_202310_1/xilinx_vck190_base_dfx_202310_1.xpfm;xilinx_vek280_es1_base_202310_1|C:/Xilinx/Vitis/2023.1/base_platforms/xilinx_vek280_es1_base_202310_1/xilinx_vek280_es1_base_202310_1.xpfm;xilinx_vmk180_base_202310_1|C:/Xilinx/Vitis/2023.1/base_platforms/xilinx_vmk180_base_202310_1/xilinx_vmk180_base_202310_1.xpfm;xilinx_zcu102_base_202310_1|C:/Xilinx/Vitis/2023.1/base_platforms/xilinx_zcu102_base_202310_1/xilinx_zcu102_base_202310_1.xpfm;xilinx_zcu102_base_dfx_202310_1|C:/Xilinx/Vitis/2023.1/base_platforms/xilinx_zcu102_base_dfx_202310_1/xilinx_zcu102_base_dfx_202310_1.xpfm;xilinx_zcu104_base_202310_1|C:/Xilinx/Vitis/2023.1/base_platforms/xilinx_zcu104_base_202310_1/xilinx_zcu104_base_202310_1.xpfm
00:45:39 INFO  : Checking for BSP changes to sync application flags for project 'dsd_termprj'...
00:46:46 INFO  : Connected to target on host '127.0.0.1' and port '3121'.
00:46:47 INFO  : Jtag cable 'Digilent Zybo Z7 210351BA1D53A' is selected.
00:46:47 INFO  : 'jtag frequency' command is executed.
00:46:47 INFO  : Context for 'APU' is selected.
00:46:47 INFO  : System reset is completed.
00:46:50 INFO  : 'after 3000' command is executed.
00:46:50 INFO  : 'targets -set -filter {jtag_cable_name =~ "Digilent Zybo Z7 210351BA1D53A" && level==0 && jtag_device_ctx=="jsn-Zybo Z7-210351BA1D53A-23727093-0"}' command is executed.
00:46:52 INFO  : Device configured successfully with "C:/Users/junoh/vivado23/DSD25_Termprj/00_RTL_Skeleton/workspace/dsd_termprj/_ide/bitstream/design_1_wrapper.bit"
00:46:52 INFO  : Context for 'APU' is selected.
00:46:53 INFO  : Hardware design and registers information is loaded from 'C:/Users/junoh/vivado23/DSD25_Termprj/00_RTL_Skeleton/workspace/design_1_wrapper/export/design_1_wrapper/hw/design_1_wrapper.xsa'.
00:46:53 INFO  : 'configparams force-mem-access 1' command is executed.
00:46:53 INFO  : Context for 'APU' is selected.
00:46:53 INFO  : Sourcing of 'C:/Users/junoh/vivado23/DSD25_Termprj/00_RTL_Skeleton/workspace/dsd_termprj/_ide/psinit/ps7_init.tcl' is done.
00:46:53 INFO  : 'ps7_init' command is executed.
00:46:53 INFO  : 'ps7_post_config' command is executed.
00:46:53 INFO  : Context for processor 'ps7_cortexa9_0' is selected.
00:46:53 INFO  : The application 'C:/Users/junoh/vivado23/DSD25_Termprj/00_RTL_Skeleton/workspace/dsd_termprj/Debug/dsd_termprj.elf' is downloaded to processor 'ps7_cortexa9_0'.
00:46:53 INFO  : 'configparams force-mem-access 0' command is executed.
00:46:53 INFO  : ----------------XSDB Script----------------
connect -url tcp:127.0.0.1:3121
targets -set -nocase -filter {name =~"APU*"}
rst -system
after 3000
targets -set -filter {jtag_cable_name =~ "Digilent Zybo Z7 210351BA1D53A" && level==0 && jtag_device_ctx=="jsn-Zybo Z7-210351BA1D53A-23727093-0"}
fpga -file C:/Users/junoh/vivado23/DSD25_Termprj/00_RTL_Skeleton/workspace/dsd_termprj/_ide/bitstream/design_1_wrapper.bit
targets -set -nocase -filter {name =~"APU*"}
loadhw -hw C:/Users/junoh/vivado23/DSD25_Termprj/00_RTL_Skeleton/workspace/design_1_wrapper/export/design_1_wrapper/hw/design_1_wrapper.xsa -mem-ranges [list {0x40000000 0xbfffffff}] -regs
configparams force-mem-access 1
targets -set -nocase -filter {name =~"APU*"}
source C:/Users/junoh/vivado23/DSD25_Termprj/00_RTL_Skeleton/workspace/dsd_termprj/_ide/psinit/ps7_init.tcl
ps7_init
ps7_post_config
targets -set -nocase -filter {name =~ "*A9*#0"}
dow C:/Users/junoh/vivado23/DSD25_Termprj/00_RTL_Skeleton/workspace/dsd_termprj/Debug/dsd_termprj.elf
configparams force-mem-access 0
----------------End of Script----------------

00:46:53 INFO  : Context for processor 'ps7_cortexa9_0' is selected.
00:46:53 INFO  : 'con' command is executed.
00:46:53 INFO  : ----------------XSDB Script (After Launch)----------------
targets -set -nocase -filter {name =~ "*A9*#0"}
con
----------------End of Script----------------

00:46:53 INFO  : Disconnected from the channel tcfchan#2.
13:10:07 DEBUG : Logs will be stored at 'C:/Users/junoh/vivado23/DSD25_Termprj/00_RTL_Skeleton/workspace/IDE.log'.
13:10:08 INFO  : Launching XSCT server: xsct.bat -n  -interactive C:\Users\junoh\vivado23\DSD25_Termprj\00_RTL_Skeleton\workspace\temp_xsdb_launch_script.tcl
13:10:12 INFO  : Registering command handlers for Vitis TCF services
13:10:12 INFO  : XSCT server has started successfully.
13:10:13 INFO  : Platform repository initialization has completed.
13:10:15 INFO  : plnx-install-location is set to ''
13:10:15 INFO  : Successfully done setting XSCT server connection channel  
13:10:15 INFO  : Successfully done query RDI_DATADIR 
13:10:15 INFO  : Successfully done setting workspace for the tool. 
13:13:06 INFO  : Checking for BSP changes to sync application flags for project 'dsd_termprj'...
13:13:37 INFO  : Checking for BSP changes to sync application flags for project 'dsd_termprj'...
13:41:05 INFO  : Connected to target on host '127.0.0.1' and port '3121'.
13:41:06 INFO  : Jtag cable 'Digilent Zybo Z7 210351BA1D53A' is selected.
13:41:06 INFO  : 'jtag frequency' command is executed.
13:41:06 INFO  : Context for 'APU' is selected.
13:41:06 INFO  : System reset is completed.
13:41:09 INFO  : 'after 3000' command is executed.
13:41:09 INFO  : 'targets -set -filter {jtag_cable_name =~ "Digilent Zybo Z7 210351BA1D53A" && level==0 && jtag_device_ctx=="jsn-Zybo Z7-210351BA1D53A-23727093-0"}' command is executed.
13:41:12 INFO  : Device configured successfully with "C:/Users/junoh/vivado23/DSD25_Termprj/00_RTL_Skeleton/workspace/dsd_termprj/_ide/bitstream/design_1_wrapper.bit"
13:41:12 INFO  : Context for 'APU' is selected.
13:41:12 INFO  : Hardware design and registers information is loaded from 'C:/Users/junoh/vivado23/DSD25_Termprj/00_RTL_Skeleton/workspace/design_1_wrapper/export/design_1_wrapper/hw/design_1_wrapper.xsa'.
13:41:12 INFO  : 'configparams force-mem-access 1' command is executed.
13:41:12 INFO  : Context for 'APU' is selected.
13:41:12 INFO  : Sourcing of 'C:/Users/junoh/vivado23/DSD25_Termprj/00_RTL_Skeleton/workspace/dsd_termprj/_ide/psinit/ps7_init.tcl' is done.
13:41:12 INFO  : 'ps7_init' command is executed.
13:41:12 INFO  : 'ps7_post_config' command is executed.
13:41:12 INFO  : Context for processor 'ps7_cortexa9_0' is selected.
13:41:12 INFO  : The application 'C:/Users/junoh/vivado23/DSD25_Termprj/00_RTL_Skeleton/workspace/dsd_termprj/Debug/dsd_termprj.elf' is downloaded to processor 'ps7_cortexa9_0'.
13:41:12 INFO  : 'configparams force-mem-access 0' command is executed.
13:41:12 INFO  : ----------------XSDB Script----------------
connect -url tcp:127.0.0.1:3121
targets -set -nocase -filter {name =~"APU*"}
rst -system
after 3000
targets -set -filter {jtag_cable_name =~ "Digilent Zybo Z7 210351BA1D53A" && level==0 && jtag_device_ctx=="jsn-Zybo Z7-210351BA1D53A-23727093-0"}
fpga -file C:/Users/junoh/vivado23/DSD25_Termprj/00_RTL_Skeleton/workspace/dsd_termprj/_ide/bitstream/design_1_wrapper.bit
targets -set -nocase -filter {name =~"APU*"}
loadhw -hw C:/Users/junoh/vivado23/DSD25_Termprj/00_RTL_Skeleton/workspace/design_1_wrapper/export/design_1_wrapper/hw/design_1_wrapper.xsa -mem-ranges [list {0x40000000 0xbfffffff}] -regs
configparams force-mem-access 1
targets -set -nocase -filter {name =~"APU*"}
source C:/Users/junoh/vivado23/DSD25_Termprj/00_RTL_Skeleton/workspace/dsd_termprj/_ide/psinit/ps7_init.tcl
ps7_init
ps7_post_config
targets -set -nocase -filter {name =~ "*A9*#0"}
dow C:/Users/junoh/vivado23/DSD25_Termprj/00_RTL_Skeleton/workspace/dsd_termprj/Debug/dsd_termprj.elf
configparams force-mem-access 0
----------------End of Script----------------

13:41:12 INFO  : Context for processor 'ps7_cortexa9_0' is selected.
13:41:12 INFO  : 'con' command is executed.
13:41:12 INFO  : ----------------XSDB Script (After Launch)----------------
targets -set -nocase -filter {name =~ "*A9*#0"}
con
----------------End of Script----------------

13:41:12 INFO  : Disconnected from the channel tcfchan#1.
13:42:38 DEBUG : Logs will be stored at 'C:/Users/junoh/vivado23/DSD25_Termprj/00_RTL_Skeleton/workspace/IDE.log'.
13:42:39 INFO  : Launching XSCT server: xsct.bat -n  -interactive C:\Users\junoh\vivado23\DSD25_Termprj\00_RTL_Skeleton\workspace\temp_xsdb_launch_script.tcl
13:42:42 INFO  : XSCT server has started successfully.
13:42:42 INFO  : Successfully done setting XSCT server connection channel  
13:42:42 INFO  : plnx-install-location is set to ''
13:42:42 INFO  : Successfully done setting workspace for the tool. 
13:42:43 INFO  : Registering command handlers for Vitis TCF services
13:42:44 INFO  : Platform repository initialization has completed.
13:42:44 INFO  : Successfully done query RDI_DATADIR 
13:42:58 INFO  : Result from executing command 'removePlatformRepo': 
13:43:20 INFO  : Result from executing command 'getProjects': design_1_wrapper
13:43:20 INFO  : Result from executing command 'getPlatforms': xilinx_vck190_base_202310_1|C:/Xilinx/Vitis/2023.1/base_platforms/xilinx_vck190_base_202310_1/xilinx_vck190_base_202310_1.xpfm;xilinx_vck190_base_dfx_202310_1|C:/Xilinx/Vitis/2023.1/base_platforms/xilinx_vck190_base_dfx_202310_1/xilinx_vck190_base_dfx_202310_1.xpfm;xilinx_vek280_es1_base_202310_1|C:/Xilinx/Vitis/2023.1/base_platforms/xilinx_vek280_es1_base_202310_1/xilinx_vek280_es1_base_202310_1.xpfm;xilinx_vmk180_base_202310_1|C:/Xilinx/Vitis/2023.1/base_platforms/xilinx_vmk180_base_202310_1/xilinx_vmk180_base_202310_1.xpfm;xilinx_zcu102_base_202310_1|C:/Xilinx/Vitis/2023.1/base_platforms/xilinx_zcu102_base_202310_1/xilinx_zcu102_base_202310_1.xpfm;xilinx_zcu102_base_dfx_202310_1|C:/Xilinx/Vitis/2023.1/base_platforms/xilinx_zcu102_base_dfx_202310_1/xilinx_zcu102_base_dfx_202310_1.xpfm;xilinx_zcu104_base_202310_1|C:/Xilinx/Vitis/2023.1/base_platforms/xilinx_zcu104_base_202310_1/xilinx_zcu104_base_202310_1.xpfm
13:43:21 INFO  : Checking for BSP changes to sync application flags for project 'dsd_termprj'...
13:43:33 INFO  : Result from executing command 'removePlatformRepo': 
13:43:55 INFO  : Result from executing command 'getProjects': design_1_wrapper
13:43:55 INFO  : Result from executing command 'getPlatforms': xilinx_vck190_base_202310_1|C:/Xilinx/Vitis/2023.1/base_platforms/xilinx_vck190_base_202310_1/xilinx_vck190_base_202310_1.xpfm;xilinx_vck190_base_dfx_202310_1|C:/Xilinx/Vitis/2023.1/base_platforms/xilinx_vck190_base_dfx_202310_1/xilinx_vck190_base_dfx_202310_1.xpfm;xilinx_vek280_es1_base_202310_1|C:/Xilinx/Vitis/2023.1/base_platforms/xilinx_vek280_es1_base_202310_1/xilinx_vek280_es1_base_202310_1.xpfm;xilinx_vmk180_base_202310_1|C:/Xilinx/Vitis/2023.1/base_platforms/xilinx_vmk180_base_202310_1/xilinx_vmk180_base_202310_1.xpfm;xilinx_zcu102_base_202310_1|C:/Xilinx/Vitis/2023.1/base_platforms/xilinx_zcu102_base_202310_1/xilinx_zcu102_base_202310_1.xpfm;xilinx_zcu102_base_dfx_202310_1|C:/Xilinx/Vitis/2023.1/base_platforms/xilinx_zcu102_base_dfx_202310_1/xilinx_zcu102_base_dfx_202310_1.xpfm;xilinx_zcu104_base_202310_1|C:/Xilinx/Vitis/2023.1/base_platforms/xilinx_zcu104_base_202310_1/xilinx_zcu104_base_202310_1.xpfm
13:43:56 INFO  : Checking for BSP changes to sync application flags for project 'dsd_termprj'...
13:44:13 INFO  : Connected to target on host '127.0.0.1' and port '3121'.
13:44:14 INFO  : Jtag cable 'Digilent Zybo Z7 210351BA1D53A' is selected.
13:44:14 INFO  : 'jtag frequency' command is executed.
13:44:14 INFO  : Context for 'APU' is selected.
13:44:14 INFO  : System reset is completed.
13:44:17 INFO  : 'after 3000' command is executed.
13:44:17 INFO  : 'targets -set -filter {jtag_cable_name =~ "Digilent Zybo Z7 210351BA1D53A" && level==0 && jtag_device_ctx=="jsn-Zybo Z7-210351BA1D53A-23727093-0"}' command is executed.
13:44:19 INFO  : Device configured successfully with "C:/Users/junoh/vivado23/DSD25_Termprj/00_RTL_Skeleton/workspace/dsd_termprj/_ide/bitstream/design_1_wrapper.bit"
13:44:19 INFO  : Context for 'APU' is selected.
13:44:19 INFO  : Hardware design and registers information is loaded from 'C:/Users/junoh/vivado23/DSD25_Termprj/00_RTL_Skeleton/workspace/design_1_wrapper/export/design_1_wrapper/hw/design_1_wrapper.xsa'.
13:44:19 INFO  : 'configparams force-mem-access 1' command is executed.
13:44:19 INFO  : Context for 'APU' is selected.
13:44:19 INFO  : Sourcing of 'C:/Users/junoh/vivado23/DSD25_Termprj/00_RTL_Skeleton/workspace/dsd_termprj/_ide/psinit/ps7_init.tcl' is done.
13:44:20 INFO  : 'ps7_init' command is executed.
13:44:20 INFO  : 'ps7_post_config' command is executed.
13:44:20 INFO  : Context for processor 'ps7_cortexa9_0' is selected.
13:44:20 INFO  : The application 'C:/Users/junoh/vivado23/DSD25_Termprj/00_RTL_Skeleton/workspace/dsd_termprj/Debug/dsd_termprj.elf' is downloaded to processor 'ps7_cortexa9_0'.
13:44:20 INFO  : 'configparams force-mem-access 0' command is executed.
13:44:20 INFO  : ----------------XSDB Script----------------
connect -url tcp:127.0.0.1:3121
targets -set -nocase -filter {name =~"APU*"}
rst -system
after 3000
targets -set -filter {jtag_cable_name =~ "Digilent Zybo Z7 210351BA1D53A" && level==0 && jtag_device_ctx=="jsn-Zybo Z7-210351BA1D53A-23727093-0"}
fpga -file C:/Users/junoh/vivado23/DSD25_Termprj/00_RTL_Skeleton/workspace/dsd_termprj/_ide/bitstream/design_1_wrapper.bit
targets -set -nocase -filter {name =~"APU*"}
loadhw -hw C:/Users/junoh/vivado23/DSD25_Termprj/00_RTL_Skeleton/workspace/design_1_wrapper/export/design_1_wrapper/hw/design_1_wrapper.xsa -mem-ranges [list {0x40000000 0xbfffffff}] -regs
configparams force-mem-access 1
targets -set -nocase -filter {name =~"APU*"}
source C:/Users/junoh/vivado23/DSD25_Termprj/00_RTL_Skeleton/workspace/dsd_termprj/_ide/psinit/ps7_init.tcl
ps7_init
ps7_post_config
targets -set -nocase -filter {name =~ "*A9*#0"}
dow C:/Users/junoh/vivado23/DSD25_Termprj/00_RTL_Skeleton/workspace/dsd_termprj/Debug/dsd_termprj.elf
configparams force-mem-access 0
----------------End of Script----------------

13:44:20 INFO  : Context for processor 'ps7_cortexa9_0' is selected.
13:44:20 INFO  : 'con' command is executed.
13:44:20 INFO  : ----------------XSDB Script (After Launch)----------------
targets -set -nocase -filter {name =~ "*A9*#0"}
con
----------------End of Script----------------

13:44:20 INFO  : Disconnected from the channel tcfchan#5.
13:53:41 INFO  : Result from executing command 'removePlatformRepo': 
14:11:27 INFO  : Result from executing command 'getProjects': design_1_wrapper
14:11:28 INFO  : Result from executing command 'getPlatforms': xilinx_vck190_base_202310_1|C:/Xilinx/Vitis/2023.1/base_platforms/xilinx_vck190_base_202310_1/xilinx_vck190_base_202310_1.xpfm;xilinx_vck190_base_dfx_202310_1|C:/Xilinx/Vitis/2023.1/base_platforms/xilinx_vck190_base_dfx_202310_1/xilinx_vck190_base_dfx_202310_1.xpfm;xilinx_vek280_es1_base_202310_1|C:/Xilinx/Vitis/2023.1/base_platforms/xilinx_vek280_es1_base_202310_1/xilinx_vek280_es1_base_202310_1.xpfm;xilinx_vmk180_base_202310_1|C:/Xilinx/Vitis/2023.1/base_platforms/xilinx_vmk180_base_202310_1/xilinx_vmk180_base_202310_1.xpfm;xilinx_zcu102_base_202310_1|C:/Xilinx/Vitis/2023.1/base_platforms/xilinx_zcu102_base_202310_1/xilinx_zcu102_base_202310_1.xpfm;xilinx_zcu102_base_dfx_202310_1|C:/Xilinx/Vitis/2023.1/base_platforms/xilinx_zcu102_base_dfx_202310_1/xilinx_zcu102_base_dfx_202310_1.xpfm;xilinx_zcu104_base_202310_1|C:/Xilinx/Vitis/2023.1/base_platforms/xilinx_zcu104_base_202310_1/xilinx_zcu104_base_202310_1.xpfm
14:11:29 INFO  : Checking for BSP changes to sync application flags for project 'dsd_termprj'...
14:14:01 INFO  : Result from executing command 'removePlatformRepo': 
14:14:31 INFO  : Result from executing command 'getProjects': design_1_wrapper
14:14:31 INFO  : Result from executing command 'getPlatforms': xilinx_vck190_base_202310_1|C:/Xilinx/Vitis/2023.1/base_platforms/xilinx_vck190_base_202310_1/xilinx_vck190_base_202310_1.xpfm;xilinx_vck190_base_dfx_202310_1|C:/Xilinx/Vitis/2023.1/base_platforms/xilinx_vck190_base_dfx_202310_1/xilinx_vck190_base_dfx_202310_1.xpfm;xilinx_vek280_es1_base_202310_1|C:/Xilinx/Vitis/2023.1/base_platforms/xilinx_vek280_es1_base_202310_1/xilinx_vek280_es1_base_202310_1.xpfm;xilinx_vmk180_base_202310_1|C:/Xilinx/Vitis/2023.1/base_platforms/xilinx_vmk180_base_202310_1/xilinx_vmk180_base_202310_1.xpfm;xilinx_zcu102_base_202310_1|C:/Xilinx/Vitis/2023.1/base_platforms/xilinx_zcu102_base_202310_1/xilinx_zcu102_base_202310_1.xpfm;xilinx_zcu102_base_dfx_202310_1|C:/Xilinx/Vitis/2023.1/base_platforms/xilinx_zcu102_base_dfx_202310_1/xilinx_zcu102_base_dfx_202310_1.xpfm;xilinx_zcu104_base_202310_1|C:/Xilinx/Vitis/2023.1/base_platforms/xilinx_zcu104_base_202310_1/xilinx_zcu104_base_202310_1.xpfm
14:14:32 INFO  : Checking for BSP changes to sync application flags for project 'dsd_termprj'...
14:14:55 INFO  : Connected to target on host '127.0.0.1' and port '3121'.
14:14:56 INFO  : Jtag cable 'Digilent Zybo Z7 210351BA1D53A' is selected.
14:14:56 INFO  : 'jtag frequency' command is executed.
14:14:56 INFO  : Context for 'APU' is selected.
14:14:56 INFO  : System reset is completed.
14:14:59 INFO  : 'after 3000' command is executed.
14:14:59 INFO  : 'targets -set -filter {jtag_cable_name =~ "Digilent Zybo Z7 210351BA1D53A" && level==0 && jtag_device_ctx=="jsn-Zybo Z7-210351BA1D53A-23727093-0"}' command is executed.
14:15:01 INFO  : Device configured successfully with "C:/Users/junoh/vivado23/DSD25_Termprj/00_RTL_Skeleton/workspace/dsd_termprj/_ide/bitstream/design_1_wrapper.bit"
14:15:02 INFO  : Context for 'APU' is selected.
14:15:02 INFO  : Hardware design and registers information is loaded from 'C:/Users/junoh/vivado23/DSD25_Termprj/00_RTL_Skeleton/workspace/design_1_wrapper/export/design_1_wrapper/hw/design_1_wrapper.xsa'.
14:15:02 INFO  : 'configparams force-mem-access 1' command is executed.
14:15:02 INFO  : Context for 'APU' is selected.
14:15:02 INFO  : Sourcing of 'C:/Users/junoh/vivado23/DSD25_Termprj/00_RTL_Skeleton/workspace/dsd_termprj/_ide/psinit/ps7_init.tcl' is done.
14:15:02 INFO  : 'ps7_init' command is executed.
14:15:02 INFO  : 'ps7_post_config' command is executed.
14:15:02 INFO  : Context for processor 'ps7_cortexa9_0' is selected.
14:15:02 INFO  : The application 'C:/Users/junoh/vivado23/DSD25_Termprj/00_RTL_Skeleton/workspace/dsd_termprj/Debug/dsd_termprj.elf' is downloaded to processor 'ps7_cortexa9_0'.
14:15:02 INFO  : 'configparams force-mem-access 0' command is executed.
14:15:02 INFO  : ----------------XSDB Script----------------
connect -url tcp:127.0.0.1:3121
targets -set -nocase -filter {name =~"APU*"}
rst -system
after 3000
targets -set -filter {jtag_cable_name =~ "Digilent Zybo Z7 210351BA1D53A" && level==0 && jtag_device_ctx=="jsn-Zybo Z7-210351BA1D53A-23727093-0"}
fpga -file C:/Users/junoh/vivado23/DSD25_Termprj/00_RTL_Skeleton/workspace/dsd_termprj/_ide/bitstream/design_1_wrapper.bit
targets -set -nocase -filter {name =~"APU*"}
loadhw -hw C:/Users/junoh/vivado23/DSD25_Termprj/00_RTL_Skeleton/workspace/design_1_wrapper/export/design_1_wrapper/hw/design_1_wrapper.xsa -mem-ranges [list {0x40000000 0xbfffffff}] -regs
configparams force-mem-access 1
targets -set -nocase -filter {name =~"APU*"}
source C:/Users/junoh/vivado23/DSD25_Termprj/00_RTL_Skeleton/workspace/dsd_termprj/_ide/psinit/ps7_init.tcl
ps7_init
ps7_post_config
targets -set -nocase -filter {name =~ "*A9*#0"}
dow C:/Users/junoh/vivado23/DSD25_Termprj/00_RTL_Skeleton/workspace/dsd_termprj/Debug/dsd_termprj.elf
configparams force-mem-access 0
----------------End of Script----------------

14:15:02 INFO  : Context for processor 'ps7_cortexa9_0' is selected.
14:15:02 INFO  : 'con' command is executed.
14:15:02 INFO  : ----------------XSDB Script (After Launch)----------------
targets -set -nocase -filter {name =~ "*A9*#0"}
con
----------------End of Script----------------

14:15:02 INFO  : Disconnected from the channel tcfchan#10.
14:19:19 INFO  : Checking for BSP changes to sync application flags for project 'dsd_termprj'...
14:19:34 INFO  : Connected to target on host '127.0.0.1' and port '3121'.
14:19:36 INFO  : Jtag cable 'Digilent Zybo Z7 210351BA1D53A' is selected.
14:19:36 INFO  : 'jtag frequency' command is executed.
14:19:38 INFO  : Context for 'APU' is selected.
14:19:38 INFO  : System reset is completed.
14:19:41 INFO  : 'after 3000' command is executed.
14:19:43 INFO  : 'targets -set -filter {jtag_cable_name =~ "Digilent Zybo Z7 210351BA1D53A" && level==0 && jtag_device_ctx=="jsn-Zybo Z7-210351BA1D53A-23727093-0"}' command is executed.
14:19:46 INFO  : Device configured successfully with "C:/Users/junoh/vivado23/DSD25_Termprj/00_RTL_Skeleton/workspace/dsd_termprj/_ide/bitstream/design_1_wrapper.bit"
14:19:46 INFO  : Context for 'APU' is selected.
14:19:46 INFO  : Hardware design and registers information is loaded from 'C:/Users/junoh/vivado23/DSD25_Termprj/00_RTL_Skeleton/workspace/design_1_wrapper/export/design_1_wrapper/hw/design_1_wrapper.xsa'.
14:19:46 INFO  : 'configparams force-mem-access 1' command is executed.
14:19:46 INFO  : Context for 'APU' is selected.
14:19:46 INFO  : Sourcing of 'C:/Users/junoh/vivado23/DSD25_Termprj/00_RTL_Skeleton/workspace/dsd_termprj/_ide/psinit/ps7_init.tcl' is done.
14:19:46 INFO  : 'ps7_init' command is executed.
14:19:46 INFO  : 'ps7_post_config' command is executed.
14:19:46 INFO  : Context for processor 'ps7_cortexa9_0' is selected.
14:19:46 INFO  : The application 'C:/Users/junoh/vivado23/DSD25_Termprj/00_RTL_Skeleton/workspace/dsd_termprj/Debug/dsd_termprj.elf' is downloaded to processor 'ps7_cortexa9_0'.
14:19:46 INFO  : 'configparams force-mem-access 0' command is executed.
14:19:46 INFO  : ----------------XSDB Script----------------
connect -url tcp:127.0.0.1:3121
targets -set -nocase -filter {name =~"APU*"}
rst -system
after 3000
targets -set -filter {jtag_cable_name =~ "Digilent Zybo Z7 210351BA1D53A" && level==0 && jtag_device_ctx=="jsn-Zybo Z7-210351BA1D53A-23727093-0"}
fpga -file C:/Users/junoh/vivado23/DSD25_Termprj/00_RTL_Skeleton/workspace/dsd_termprj/_ide/bitstream/design_1_wrapper.bit
targets -set -nocase -filter {name =~"APU*"}
loadhw -hw C:/Users/junoh/vivado23/DSD25_Termprj/00_RTL_Skeleton/workspace/design_1_wrapper/export/design_1_wrapper/hw/design_1_wrapper.xsa -mem-ranges [list {0x40000000 0xbfffffff}] -regs
configparams force-mem-access 1
targets -set -nocase -filter {name =~"APU*"}
source C:/Users/junoh/vivado23/DSD25_Termprj/00_RTL_Skeleton/workspace/dsd_termprj/_ide/psinit/ps7_init.tcl
ps7_init
ps7_post_config
targets -set -nocase -filter {name =~ "*A9*#0"}
dow C:/Users/junoh/vivado23/DSD25_Termprj/00_RTL_Skeleton/workspace/dsd_termprj/Debug/dsd_termprj.elf
configparams force-mem-access 0
----------------End of Script----------------

14:19:46 INFO  : Context for processor 'ps7_cortexa9_0' is selected.
14:19:46 INFO  : 'con' command is executed.
14:19:46 INFO  : ----------------XSDB Script (After Launch)----------------
targets -set -nocase -filter {name =~ "*A9*#0"}
con
----------------End of Script----------------

14:19:46 INFO  : Disconnected from the channel tcfchan#11.
