Vivado Simulator v2023.1
Copyright 1986-2022 Xilinx, Inc. All Rights Reserved.
Copyright 2022-2023 Advanced Micro Devices, Inc. All Rights Reserved.
Running: C:/Xilinx/Vivado/2023.1/bin/unwrapped/win64.o/xelab.exe --incr --debug typical --relax --mt 2 -L xil_defaultlib -L xbip_dsp48_wrapper_v3_0_4 -L xbip_utils_v3_0_10 -L xbip_pipe_v3_0_6 -L dsp_macro_v1_0_3 -L xilinx_vip -L unisims_ver -L unimacro_ver -L secureip -L xpm --snapshot top_mlp_tb_behav xil_defaultlib.top_mlp_tb xil_defaultlib.glbl -log elaborate.log 
Using 2 slave threads.
Starting static elaboration
Pass Through NonSizing Optimizer
WARNING: [VRFC 10-3091] actual bit length 13 differs from formal bit length 32 for port 'x_buf_addr' [C:/Users/test/vivadoproject/DSD25_Termproject_recursive/reculsive/00_RTL_Skeleton/dsd_termprj.srcs/sources_1/imports/top_mlp.v:67]
WARNING: [VRFC 10-3091] actual bit length 15 differs from formal bit length 32 for port 'w_buf_addr' [C:/Users/test/vivadoproject/DSD25_Termproject_recursive/reculsive/00_RTL_Skeleton/dsd_termprj.srcs/sources_1/imports/top_mlp.v:70]
WARNING: [VRFC 10-3091] actual bit length 13 differs from formal bit length 7 for port 'local_buf_addr' [C:/Users/test/vivadoproject/DSD25_Termproject_recursive/reculsive/00_RTL_Skeleton/dsd_termprj.srcs/sources_1/imports/top_mlp.v:99]
Completed static elaboration
Starting simulation data flow analysis
WARNING: [XSIM 43-4099] "C:/Users/test/vivadoproject/DSD25_Termproject_recursive/reculsive/00_RTL_Skeleton/dsd_termprj.srcs/sources_1/imports/glbl_ctrl.v" Line 1. Module glbl_ctrl_default doesn't have a timescale but at least one module in design has a timescale.
WARNING: [XSIM 43-4099] "C:/Users/test/vivadoproject/DSD25_Termproject_recursive/reculsive/00_RTL_Skeleton/dsd_termprj.srcs/sources_1/imports/MAC_ver2.v" Line 1. Module MAC_ver2 doesn't have a timescale but at least one module in design has a timescale.
WARNING: [XSIM 43-4099] "C:/Users/test/vivadoproject/DSD25_Termproject_recursive/reculsive/00_RTL_Skeleton/dsd_termprj.srcs/sources_1/imports/glbl_ctrl.v" Line 1. Module glbl_ctrl_default doesn't have a timescale but at least one module in design has a timescale.
WARNING: [XSIM 43-4099] "C:/Users/test/vivadoproject/DSD25_Termproject_recursive/reculsive/00_RTL_Skeleton/dsd_termprj.srcs/sources_1/imports/MAC_ver2.v" Line 1. Module MAC_ver2 doesn't have a timescale but at least one module in design has a timescale.
Completed simulation data flow analysis
Time Resolution for simulation is 1ps
Compiling package std.standard
Compiling package std.textio
Compiling package ieee.std_logic_1164
Compiling package ieee.numeric_std
Compiling package xbip_utils_v3_0_10.xbip_utils_v3_0_10_pkg
Compiling package dsp_macro_v1_0_3.dsp_macro_v1_0_3_viv_comp
Compiling package dsp_macro_v1_0_3.dsp_macro_v1_0_3_pkg
Compiling package unisim.vcomponents
Compiling package ieee.std_logic_arith
Compiling package ieee.std_logic_signed
Compiling package ieee.vital_timing
Compiling package ieee.vital_primitives
Compiling package unisim.vpkg
Compiling module xil_defaultlib.glbl_ctrl_default
Compiling architecture synth of entity xbip_pipe_v3_0_6.xbip_pipe_v3_0_6_viv [\xbip_pipe_v3_0_6_viv(c_has_ce=1...]
Compiling architecture synth of entity xbip_pipe_v3_0_6.xbip_pipe_v3_0_6_viv [\xbip_pipe_v3_0_6_viv(c_has_ce=1...]
Compiling architecture dsp48e1_v of entity unisim.DSP48E1 [\DSP48E1(acascreg=0,adreg=0,alum...]
Compiling architecture synth of entity xbip_dsp48_wrapper_v3_0_4.xbip_dsp48e1_wrapper_v3_0 [\xbip_dsp48e1_wrapper_v3_0(mreg=...]
Compiling architecture synth of entity xbip_pipe_v3_0_6.xbip_pipe_v3_0_6_viv [\xbip_pipe_v3_0_6_viv(c_has_ce=1...]
Compiling architecture synth of entity xbip_pipe_v3_0_6.xbip_pipe_v3_0_6_viv [\xbip_pipe_v3_0_6_viv(c_has_ce=1...]
Compiling architecture synth of entity xbip_pipe_v3_0_6.xbip_pipe_v3_0_6_viv [\xbip_pipe_v3_0_6_viv(c_has_ce=1...]
Compiling architecture synth of entity xbip_pipe_v3_0_6.xbip_pipe_v3_0_6_viv [\xbip_pipe_v3_0_6_viv(c_has_ce=1...]
Compiling architecture synth of entity dsp_macro_v1_0_3.dsp_macro_synth [\dsp_macro_synth(c_xdevicefamily...]
Compiling architecture synth of entity dsp_macro_v1_0_3.dsp_macro_v1_0_3_viv [\dsp_macro_v1_0_3_viv(c_xdevicef...]
Compiling architecture xilinx of entity dsp_macro_v1_0_3.dsp_macro_v1_0_3 [\dsp_macro_v1_0_3(c_xdevicefamil...]
Compiling architecture dsp_macro_0_arch of entity xil_defaultlib.dsp_macro_0 [dsp_macro_0_default]
Compiling module xil_defaultlib.MAC_ver2
Compiling module xil_defaultlib.last_pu
Compiling module xil_defaultlib.post_input
Compiling module xil_defaultlib.pu(OUT_BUF_ADDR_WIDTH=9)
Compiling module xil_defaultlib.single_port_bram(WIDTH=8,DEPTH=7...
Compiling module xil_defaultlib.single_port_bram(WIDTH=8,DEPTH=1...
Compiling module xil_defaultlib.top_mlp_default
Compiling module xil_defaultlib.top_mlp_tb
Compiling module xil_defaultlib.glbl
Built simulation snapshot top_mlp_tb_behav
